

Working Directory = /home/alumnes/s/serik.perez/dnd/synth/caravel-picorv32/R2-core-div
QoS Summary for picorv32
================================================================================
Metric                          final          
================================================================================
Slack (ps):                     1,308
  R2R (ps):                     1,308
  I2R (ps):                     2,725
  R2O (ps):                     3,194
  I2O (ps):                     3,488
  CG  (ps):                  no_value
TNS (ps):                           0
  R2R (ps):                         0
  I2R (ps):                         0
  R2O (ps):                         0
  I2O (ps):                         0
  CG  (ps):                  no_value
Failing Paths:                      0
Cell Area:                     24,458
Total Cell Area:               24,458
Leaf Instances:                 7,017
Total Instances:                7,017
Utilization (%):                 0.00
Tot. Net Length (um):        no_value
Avg. Net Length (um):        no_value
Route Overflow H (%):        no_value
Route Overflow V (%):        no_value
MBCI(%) (bits/gate) :            0.00
Norm Cong Hotspot Area:
  Max Cong:                  no_value
  Tot Cong:                  no_value
================================================================================
CPU  Runtime (h:m:s):        00:02:01
Real Runtime (h:m:s):        00:02:08
CPU  Elapsed (h:m:s):        00:02:04
Real Elapsed (h:m:s):        00:02:10
Memory (MB):                  2169.30
================================================================================
================================================================================
Flow Settings:
================================================================================
Total Runtime (h:m:s): 00:02:09
Total Memory (MB):     2169.30
Executable Version:    22.13-s093_1
================================================================================
Total Cell Area =  Cell Area + Physical Cell Area
Total Instances =  Leaf Instances + Physical Instances


