============================================================
  Generated by:           Genus(TM) Synthesis Solution 22.13-s093_1
  Generated on:           Apr 13 2026  07:21:28 pm
  Module:                 picorv32
  Operating conditions:   PVT_1P1V_0C 
  Interconnect mode:      global
  Area mode:              physical library
============================================================

Timing
--------

 Clock  Period 
---------------
myclock 4000.0 


  Cost    Critical         Violating 
 Group   Path Slack  TNS     Paths   
-------------------------------------
C2C          1308.1   0.0          0 
C2O          3193.8   0.0          0 
default    No paths   0.0            
I2C          2725.3   0.0          0 
I2O          3488.3   0.0          0 
myclock    No paths   0.0            
-------------------------------------
Total                 0.0          0 

Instance Count
--------------
Leaf Instance Count             7017 
Physical Instance count            0 
Sequential Instance Count       2050 
Combinational Instance Count    4967 
Hierarchical Instance Count        0 

Area
----
Cell Area                          24458.472
Physical Cell Area                 0.000
Total Cell Area (Cell+Physical)    24458.472
Net Area                           10249.698
Total Area (Cell+Physical+Net)     34708.170

Runtime                            0.0 seconds
Elapsed Runtime                    133 seconds
Genus peak memory usage            2169.30 
Innovus peak memory usage          no_value 
Hostname                           c4d3.upc.es
