============================================================
  Generated by:           Genus(TM) Synthesis Solution 22.13-s093_1
  Generated on:           Apr 13 2026  07:21:28 pm
  Module:                 picorv32
  Operating conditions:   PVT_1P1V_0C 
  Interconnect mode:      global
  Area mode:              physical library
============================================================

                                  Leakage  
   Gate    Instances    Area    Power (nW)     Library    
----------------------------------------------------------
ADDFX1           211   1082.430     70.316    fast_vdd1v0 
ADDHX1           161    605.682     41.716    fast_vdd1v0 
AND2X1           226    309.168     20.637    fast_vdd1v0 
AND2X2             7     11.970      0.865    fast_vdd1v0 
AND2X4            93    254.448     20.034    fast_vdd1v0 
AND2X8             1      4.446      0.376    fast_vdd1v0 
AND3X4             3      9.234      0.750    fast_vdd1v0 
AND3XL             3      6.156      0.264    fast_vdd1v0 
AND4X1             2      4.788      0.243    fast_vdd1v0 
AND4X4             1      3.762      0.254    fast_vdd1v0 
AO21X1             5     11.970      0.599    fast_vdd1v0 
AO21X4            71    242.820     19.405    fast_vdd1v0 
AO22X1           270    738.720     34.577    fast_vdd1v0 
AO22X4             8     30.096      2.288    fast_vdd1v0 
AOI211XL           2      4.104      0.185    fast_vdd1v0 
AOI21X1           38     64.980      3.450    fast_vdd1v0 
AOI21X4            1      5.130      0.463    fast_vdd1v0 
AOI221X1          41     98.154      7.922    fast_vdd1v0 
AOI222X1         109    335.502     23.280    fast_vdd1v0 
AOI22X1         1484   3045.168    210.944    fast_vdd1v0 
AOI2BB1X1          3      6.156      0.405    fast_vdd1v0 
AOI31X1            1      2.052      0.109    fast_vdd1v0 
AOI32X1           55    131.670      8.506    fast_vdd1v0 
AOI33XL            1      2.394      0.107    fast_vdd1v0 
BUFX3              1      2.052      0.183    fast_vdd1v0 
BUFX4              1      2.394      0.230    fast_vdd1v0 
BUFX6              1      3.078      0.358    fast_vdd1v0 
BUFX8              1      3.762      0.451    fast_vdd1v0 
CLKINVX4           6     10.260      0.927    fast_vdd1v0 
CLKINVX6           8     19.152      1.927    fast_vdd1v0 
CLKMX2X3           1      4.104      0.277    fast_vdd1v0 
CLKXOR2X1          6     16.416      1.050    fast_vdd1v0 
DFFHQX1          692   3786.624    237.253    fast_vdd1v0 
DFFHQX4            5     41.040      2.435    fast_vdd1v0 
DFFHQX8           28    258.552     19.765    fast_vdd1v0 
DFFQX2             2     12.996      0.676    fast_vdd1v0 
DFFQX4            39    280.098     17.462    fast_vdd1v0 
DFFQXL           113    618.336     31.966    fast_vdd1v0 
DFFRX1             2     13.680      0.803    fast_vdd1v0 
DFFRX2             1      7.524      0.497    fast_vdd1v0 
DFFTRXL            1      7.866      0.359    fast_vdd1v0 
INVX1            153    104.652      7.170    fast_vdd1v0 
INVX2              6      6.156      0.470    fast_vdd1v0 
INVX3             13     17.784      1.459    fast_vdd1v0 
MX2X1             37     88.578      5.984    fast_vdd1v0 
MXI2X1             2      5.472      0.304    fast_vdd1v0 
MXI2XL           137    327.978     14.432    fast_vdd1v0 
NAND2BX1         119    162.792     12.528    fast_vdd1v0 
NAND2BX2           3      7.182      0.489    fast_vdd1v0 
NAND2X1          262    268.812     18.578    fast_vdd1v0 
NAND2X2            4      6.840      0.556    fast_vdd1v0 
NAND2X6            1      4.788      0.406    fast_vdd1v0 
NAND2X8            1      5.472      0.532    fast_vdd1v0 
NAND3BX2           1      3.078      0.142    fast_vdd1v0 
NAND3BXL           9     15.390      0.812    fast_vdd1v0 
NAND3X1           80    136.800      8.448    fast_vdd1v0 
NAND3X2            1      2.736      0.182    fast_vdd1v0 
NAND4BBXL          1      3.078      0.138    fast_vdd1v0 
NAND4BX1           3      7.182      0.448    fast_vdd1v0 
NAND4XL          248    424.080     22.822    fast_vdd1v0 
NOR2BX1           98    134.064      9.583    fast_vdd1v0 
NOR2BX2            6     16.416      0.919    fast_vdd1v0 
NOR2X1           233    239.058     18.726    fast_vdd1v0 
NOR2X2             3      5.130      0.409    fast_vdd1v0 
NOR2X6             3     12.312      1.286    fast_vdd1v0 
NOR2X8             1      5.472      0.648    fast_vdd1v0 
NOR3BX1           11     22.572      1.275    fast_vdd1v0 
NOR3X1            12     20.520      0.995    fast_vdd1v0 
NOR4BBX1           6     16.416      0.988    fast_vdd1v0 
NOR4BX1            7     16.758      1.035    fast_vdd1v0 
NOR4X1            18     30.780      2.021    fast_vdd1v0 
OA21X1             2      4.104      0.227    fast_vdd1v0 
OA21X4             1      3.762      0.249    fast_vdd1v0 
OAI211X1          54     92.340      6.692    fast_vdd1v0 
OAI21X1           13     22.230      1.287    fast_vdd1v0 
OAI221X1          23     55.062      3.475    fast_vdd1v0 
OAI222X1           4     10.944      0.677    fast_vdd1v0 
OAI22X1           20     41.040      2.672    fast_vdd1v0 
OAI2BB1X1        264    451.440     30.129    fast_vdd1v0 
OAI31X1            6     12.312      0.730    fast_vdd1v0 
OAI31X2            1      3.762      0.259    fast_vdd1v0 
OAI32X1            1      2.394      0.160    fast_vdd1v0 
OR2X1             54     73.872      5.477    fast_vdd1v0 
OR2X2              1      1.710      0.144    fast_vdd1v0 
OR2X4             31     84.816      7.684    fast_vdd1v0 
OR3X1              7     14.364      0.783    fast_vdd1v0 
OR3X4              9     27.702      2.612    fast_vdd1v0 
OR4X1            101    207.252     15.143    fast_vdd1v0 
SDFFQX1         1065   8013.060    403.667    fast_vdd1v0 
SDFFQX2            1      8.208      0.420    fast_vdd1v0 
SDFFQX4          100    923.400     53.357    fast_vdd1v0 
SMDFFHQX1          1     10.260      0.576    fast_vdd1v0 
XNOR2X1           74    177.156     13.754    fast_vdd1v0 
----------------------------------------------------------
total           7017  24458.472   1468.272                


                                            Leakage  Leakage 
     Type      Instances    Area   Area % Power (nW) Power % 
-------------------------------------------------------------
sequential          2050 13981.644   57.2    769.237    52.4 
inverter             186   158.004    0.6     11.953     0.8 
buffer                 4    11.286    0.0      1.222     0.1 
logic               4777 10307.538   42.1    685.861    46.7 
physical_cells         0     0.000    0.0      0.000     0.0 
-------------------------------------------------------------
total               7017 24458.472  100.0   1468.272   100.0 

