============================================================
  Generated by:           Genus(TM) Synthesis Solution 22.13-s093_1
  Generated on:           Apr 13 2026  07:21:05 pm
  Module:                 picorv32
  Operating conditions:   PVT_1P1V_0C 
  Interconnect mode:      global
  Area mode:              physical library
============================================================


Path 1: MET (2754 ps) Setup Check with Pin reg_op1_reg[29]/CK->D
          Group: I2C
     Startpoint: (R) mem_ready
          Clock: (R) myclock
       Endpoint: (R) reg_op1_reg[29]/D
          Clock: (R) myclock

                     Capture       Launch     
        Clock Edge:+    4000            0     
        Drv Adjust:+       0            0     
       Src Latency:+       0            0     
       Net Latency:+       0 (I)        0 (I) 
           Arrival:=    4000            0     
                                              
             Setup:-      28                  
       Uncertainty:-      20                  
     Required Time:=    3952                  
      Launch Clock:-       0                  
       Input Delay:-     100                  
         Data Path:-    1098                  
             Slack:=    2754                  

Exceptions/Constraints:
  input_delay             100             picorv32.sdc_line_18_1_1 

#-------------------------------------------------------------------------------------------
#   Timing Point    Flags    Arc   Edge   Cell     Fanout Load Trans Delay Arrival Instance 
#                                                         (fF)  (ps)  (ps)   (ps)  Location 
#-------------------------------------------------------------------------------------------
  mem_ready         -       -      R     (arrival)      2  4.4    15     0     100    (-,-) 
  g63355/Y          -       A->Y   F     INVX1          1  2.9    22    19     119    (-,-) 
  g63352/Y          -       A->Y   F     OR2X4         40 69.3   137   113     232    (-,-) 
  g63350/Y          -       A->Y   R     INVX2          1  2.9    37    43     275    (-,-) 
  g63341/Y          -       B0->Y  F     OAI211X1       1  2.7    71    59     334    (-,-) 
  g63340/Y          -       A1N->Y F     OAI2BB1X1      5  8.9   114    88     422    (-,-) 
  g130632/Y         -       B->Y   R     NAND2X1        2  4.4    53    55     478    (-,-) 
  g130138/Y         -       B->Y   F     NAND2X1        2  4.4    65    54     531    (-,-) 
  g129653/Y         -       C->Y   R     NOR3X1         3  6.0   130    94     626    (-,-) 
  g129237/Y         -       B0->Y  F     AOI2BB1X1      2  4.3    56    63     689    (-,-) 
  g128292/Y         -       C->Y   F     AND3X4        30 48.4    97    84     773    (-,-) 
  g128254/Y         -       A->Y   R     INVX1          8 14.6   116    87     860    (-,-) 
  g128206/Y         -       D->Y   R     AND4X4        31 53.1   110   145    1005    (-,-) 
  g126890/Y         -       A1->Y  F     AOI222X1       1  2.8    79    81    1086    (-,-) 
  g126852/Y         -       C0->Y  R     OAI221X1       1  2.9    69    40    1126    (-,-) 
  g126810/Y         -       C0->Y  F     AOI221X1       1  2.8    70    37    1163    (-,-) 
  g126731/Y         -       B->Y   R     NAND2X1        1  2.8    40    36    1198    (-,-) 
  reg_op1_reg[29]/D -       -      R     DFFHQX4        1    -     -     0    1198    (-,-) 
#-------------------------------------------------------------------------------------------

