============================================================
  Generated by:           Genus(TM) Synthesis Solution 22.13-s093_1
  Generated on:           Apr 13 2026  07:21:05 pm
  Module:                 picorv32
  Operating conditions:   PVT_1P1V_0C 
  Interconnect mode:      global
  Area mode:              physical library
============================================================


Path 1: MET (3194 ps) Late External Delay Assertion at pin mem_la_wstrb[2]
          Group: C2O
     Startpoint: (R) mem_wordsize_reg[1]/CK
          Clock: (R) myclock
       Endpoint: (R) mem_la_wstrb[2]
          Clock: (R) myclock

                     Capture       Launch     
        Clock Edge:+    4000            0     
       Src Latency:+       0            0     
       Net Latency:+       0 (I)        0 (I) 
           Arrival:=    4000            0     
                                              
      Output Delay:-     200                  
       Uncertainty:-      20                  
     Required Time:=    3780                  
      Launch Clock:-       0                  
         Data Path:-     586                  
             Slack:=    3194                  

Exceptions/Constraints:
  output_delay             200             picorv32.sdc_line_24_237_1 

#-----------------------------------------------------------------------------------------------
#     Timing Point       Flags   Arc   Edge   Cell     Fanout Load Trans Delay Arrival Instance 
#                                                             (fF)  (ps)  (ps)   (ps)  Location 
#-----------------------------------------------------------------------------------------------
  mem_wordsize_reg[1]/CK -       -     R     (arrival)   2050    -     0     0       0    (-,-) 
  mem_wordsize_reg[1]/Q  -       CK->Q R     SDFFQX1        5  9.6    67    76      76    (-,-) 
  g69490/Y               -       A->Y  F     INVX1          9 15.4   113    80     156    (-,-) 
  g69463/Y               -       B->Y  R     NOR2X1         4  7.9   120    99     256    (-,-) 
  g69452/Y               -       A->Y  F     INVX1         10 17.4   136   105     360    (-,-) 
  g69349/Y               -       A2->Y R     OAI31X1        3  6.0   143   123     484    (-,-) 
  g69208/Y               -       B->Y  R     OR2X4          2 53.9   101   102     586    (-,-) 
  mem_la_wstrb[2]        -       -     R     (port)         -    -     -     0     586    (-,-) 
#-----------------------------------------------------------------------------------------------

