============================================================
  Generated by:           Genus(TM) Synthesis Solution 22.13-s093_1
  Generated on:           Apr 13 2026  07:21:05 pm
  Module:                 picorv32
  Operating conditions:   PVT_1P1V_0C 
  Interconnect mode:      global
  Area mode:              physical library
============================================================


Path 1: MET (1308 ps) Setup Check with Pin genblk2.pcpi_div_dividend_reg[20]/CK->D
          Group: C2C
     Startpoint: (R) genblk2.pcpi_div_divisor_reg[0]/CK
          Clock: (R) myclock
       Endpoint: (F) genblk2.pcpi_div_dividend_reg[20]/D
          Clock: (R) myclock

                     Capture       Launch     
        Clock Edge:+    4000            0     
       Src Latency:+       0            0     
       Net Latency:+       0 (I)        0 (I) 
           Arrival:=    4000            0     
                                              
             Setup:-      25                  
       Uncertainty:-      20                  
     Required Time:=    3955                  
      Launch Clock:-       0                  
         Data Path:-    2647                  
             Slack:=    1308                  

#--------------------------------------------------------------------------------------------------------------
#            Timing Point              Flags    Arc   Edge   Cell     Fanout Load Trans Delay Arrival Instance 
#                                                                            (fF)  (ps)  (ps)   (ps)  Location 
#--------------------------------------------------------------------------------------------------------------
  genblk2.pcpi_div_divisor_reg[0]/CK   -       -      R     (arrival)   2050    -     0     0       0    (-,-) 
  genblk2.pcpi_div_divisor_reg[0]/Q    -       CK->Q  F     DFFHQX1        3  5.6    39    68      68    (-,-) 
  genblk2.pcpi_div_lte_2493_16_g1345/Y -       AN->Y  F     NOR2BX1        2  4.2    39    37     104    (-,-) 
  genblk2.pcpi_div_lte_2493_16_g1328/Y -       A1N->Y F     OAI2BB1X1      1  2.7    45    42     146    (-,-) 
  genblk2.pcpi_div_lte_2493_16_g1327/Y -       B0->Y  F     OA21X1         1  2.8    23    36     182    (-,-) 
  genblk2.pcpi_div_lte_2493_16_g1326/Y -       A1->Y  R     OAI22X1        1  2.9    61    42     223    (-,-) 
  genblk2.pcpi_div_lte_2493_16_g1325/Y -       A1->Y  F     AOI22X1        1  2.8    60    55     278    (-,-) 
  genblk2.pcpi_div_lte_2493_16_g1324/Y -       A1->Y  R     OAI22X1        1  2.9    66    54     332    (-,-) 
  genblk2.pcpi_div_lte_2493_16_g1323/Y -       A1->Y  F     AOI22X1        1  2.8    61    57     389    (-,-) 
  genblk2.pcpi_div_lte_2493_16_g1322/Y -       A1->Y  R     OAI22X1        1  2.9    66    54     443    (-,-) 
  genblk2.pcpi_div_lte_2493_16_g1321/Y -       A1->Y  F     AOI22X1        1  2.8    61    57     500    (-,-) 
  genblk2.pcpi_div_lte_2493_16_g1320/Y -       A1->Y  R     OAI22X1        1  2.9    66    54     554    (-,-) 
  genblk2.pcpi_div_lte_2493_16_g1319/Y -       A1->Y  F     AOI22X1        1  2.8    61    57     611    (-,-) 
  genblk2.pcpi_div_lte_2493_16_g1318/Y -       A1->Y  R     OAI22X1        1  2.9    66    54     665    (-,-) 
  genblk2.pcpi_div_lte_2493_16_g1317/Y -       A1->Y  F     AOI22X1        1  2.8    61    57     722    (-,-) 
  genblk2.pcpi_div_lte_2493_16_g1316/Y -       A1->Y  R     OAI22X1        1  2.9    66    54     776    (-,-) 
  genblk2.pcpi_div_lte_2493_16_g1315/Y -       A1->Y  F     AOI22X1        1  2.8    61    57     833    (-,-) 
  genblk2.pcpi_div_lte_2493_16_g1314/Y -       A1->Y  R     OAI22X1        1  2.9    66    54     887    (-,-) 
  genblk2.pcpi_div_lte_2493_16_g1313/Y -       A1->Y  F     AOI22X1        1  2.8    61    57     944    (-,-) 
  genblk2.pcpi_div_lte_2493_16_g1312/Y -       A1->Y  R     OAI22X1        1  2.9    66    54     998    (-,-) 
  genblk2.pcpi_div_lte_2493_16_g1311/Y -       A1->Y  F     AOI22X1        1  2.8    61    57    1055    (-,-) 
  genblk2.pcpi_div_lte_2493_16_g1310/Y -       A1->Y  R     OAI22X1        1  2.9    66    54    1109    (-,-) 
  genblk2.pcpi_div_lte_2493_16_g1309/Y -       A1->Y  F     AOI22X1        1  2.8    61    57    1166    (-,-) 
  genblk2.pcpi_div_lte_2493_16_g1308/Y -       A1->Y  R     OAI22X1        1  2.9    66    54    1220    (-,-) 
  genblk2.pcpi_div_lte_2493_16_g1307/Y -       A1->Y  F     AOI22X1        1  2.8    61    57    1276    (-,-) 
  genblk2.pcpi_div_lte_2493_16_g1306/Y -       A1->Y  R     OAI22X1        1  2.9    66    54    1330    (-,-) 
  genblk2.pcpi_div_lte_2493_16_g1305/Y -       A1->Y  F     AOI22X1        1  2.8    61    57    1387    (-,-) 
  genblk2.pcpi_div_lte_2493_16_g1304/Y -       A1->Y  R     OAI22X1        1  2.9    66    54    1441    (-,-) 
  genblk2.pcpi_div_lte_2493_16_g1303/Y -       A1->Y  F     AOI22X1        1  2.8    61    57    1498    (-,-) 
  genblk2.pcpi_div_lte_2493_16_g1302/Y -       A1->Y  R     OAI22X1        1  2.9    66    54    1552    (-,-) 
  genblk2.pcpi_div_lte_2493_16_g1301/Y -       A1->Y  F     AOI22X1        1  2.8    61    57    1609    (-,-) 
  genblk2.pcpi_div_lte_2493_16_g1300/Y -       A1->Y  R     OAI22X1        1  2.9    66    54    1663    (-,-) 
  genblk2.pcpi_div_lte_2493_16_g1299/Y -       A1->Y  F     AOI22X1        1  2.8    61    57    1720    (-,-) 
  genblk2.pcpi_div_lte_2493_16_g1298/Y -       A1->Y  R     OAI22X1        1  2.9    66    54    1774    (-,-) 
  genblk2.pcpi_div_lte_2493_16_g1297/Y -       A1->Y  F     AOI22X1        1  2.6    59    55    1830    (-,-) 
  genblk2.pcpi_div_lte_2493_16_g1296/Y -       D->Y   F     OR4X1          1  2.6    27    69    1899    (-,-) 
  genblk2.pcpi_div_lte_2493_16_g1295/Y -       D->Y   F     OR4X1          1  2.6    27    63    1962    (-,-) 
  genblk2.pcpi_div_lte_2493_16_g1294/Y -       D->Y   F     OR4X1          1  2.6    27    63    2024    (-,-) 
  genblk2.pcpi_div_lte_2493_16_g1293/Y -       D->Y   F     OR4X1          1  2.6    27    63    2087    (-,-) 
  genblk2.pcpi_div_lte_2493_16_g1292/Y -       D->Y   F     OR4X1          1  2.6    27    63    2150    (-,-) 
  genblk2.pcpi_div_lte_2493_16_g1291/Y -       D->Y   F     OR4X1          1  2.6    27    63    2213    (-,-) 
  genblk2.pcpi_div_lte_2493_16_g1290/Y -       D->Y   F     OR4X1          1  2.8    28    64    2276    (-,-) 
  genblk2.pcpi_div_lte_2493_16_g1289/Y -       D->Y   R     NOR4X1         1  2.7    90    60    2336    (-,-) 
  genblk2.pcpi_div_lte_2493_16_g1288/Y -       A->Y   R     AND2X1         2  5.1    38    56    2392    (-,-) 
  g131008/Y                            -       A->Y   F     INVX1          1  2.8    26    26    2418    (-,-) 
  g126658/Y                            -       A1->Y  F     AO21X4        32 51.4   106    98    2516    (-,-) 
  g126514/Y                            -       A1->Y  R     AOI22X1        1  2.9    64    66    2581    (-,-) 
  g126353/Y                            -       C0->Y  F     OAI211X1       1  2.8    74    66    2647    (-,-) 
  genblk2.pcpi_div_dividend_reg[20]/D  -       -      F     DFFHQX1        1    -     -     0    2647    (-,-) 
#--------------------------------------------------------------------------------------------------------------

