

Working Directory = /home/alumnes/s/serik.perez/dnd/synth/caravel-picorv32/R1
QoS Summary for mgmt_core_wrapper
================================================================================
Metric                          final          
================================================================================
Slack (ps):                     1,773
  R2R (ps):                     1,773
  I2R (ps):                     2,787
  R2O (ps):                     3,107
  I2O (ps):                     3,573
  CG  (ps):                  no_value
TNS (ps):                           0
  R2R (ps):                         0
  I2R (ps):                         0
  R2O (ps):                         0
  I2O (ps):                         0
  CG  (ps):                  no_value
Failing Paths:                      0
Cell Area:                    249,517
Total Cell Area:              249,517
Leaf Instances:                12,065
Total Instances:               12,065
Utilization (%):                 0.00
Tot. Net Length (um):        no_value
Avg. Net Length (um):        no_value
Route Overflow H (%):        no_value
Route Overflow V (%):        no_value
MBCI(%) (bits/gate) :            0.00
Norm Cong Hotspot Area:
  Max Cong:                  no_value
  Tot Cong:                  no_value
================================================================================
CPU  Runtime (h:m:s):        00:03:29
Real Runtime (h:m:s):        00:09:35
CPU  Elapsed (h:m:s):        00:03:33
Real Elapsed (h:m:s):        00:09:36
Memory (MB):                  2279.95
================================================================================
================================================================================
Flow Settings:
================================================================================
Total Runtime (h:m:s): 00:09:36
Total Memory (MB):     2279.95
Executable Version:    22.13-s093_1
================================================================================
Total Cell Area =  Cell Area + Physical Cell Area
Total Instances =  Leaf Instances + Physical Instances


