============================================================
  Generated by:           Genus(TM) Synthesis Solution 22.13-s093_1
  Generated on:           Apr 13 2026  06:56:01 pm
  Module:                 mgmt_core_wrapper
  Operating conditions:   PVT_1P1V_0C 
  Interconnect mode:      global
  Area mode:              physical library
============================================================


Path 1: MET (2787 ps) Setup Check with Pin core_picorv32_reg_op1_reg[1]/CK->D
          Group: I2C
     Startpoint: (F) hk_ack_i
          Clock: (R) myclock
       Endpoint: (F) core_picorv32_reg_op1_reg[1]/D
          Clock: (R) myclock

                     Capture       Launch     
        Clock Edge:+    4000            0     
        Drv Adjust:+       0            0     
       Src Latency:+       0            0     
       Net Latency:+       0 (I)        0 (I) 
           Arrival:=    4000            0     
                                              
             Setup:-      27                  
       Uncertainty:-      20                  
     Required Time:=    3953                  
      Launch Clock:-       0                  
       Input Delay:-     100                  
         Data Path:-    1065                  
             Slack:=    2787                  

Exceptions/Constraints:
  input_delay             100             mgmt_core_wrapper.sd_line_18_196_1 

#-------------------------------------------------------------------------------------------------------
#         Timing Point           Flags   Arc   Edge   Cell     Fanout Load Trans Delay Arrival Instance 
#                                                                     (fF)  (ps)  (ps)   (ps)  Location 
#-------------------------------------------------------------------------------------------------------
  hk_ack_i                       -       -     F     (arrival)      1  2.9    15     0     100    (-,-) 
  core_g139171/Y                 -       A->Y  R     NOR3X1         1  2.7    66    50     150    (-,-) 
  core_g139160/Y                 -       C->Y  F     NAND4BBXL      1  2.7   128    98     248    (-,-) 
  core_g139156/Y                 -       A->Y  F     OR2X1          5  8.7    61    78     326    (-,-) 
  core_g249255/Y                 -       B->Y  R     NAND2X1        1  2.9    34    34     359    (-,-) 
  core_g248922/Y                 -       B->Y  R     OR2X4         33 60.4   109    85     444    (-,-) 
  core_g248691/Y                 -       A->Y  F     INVX1          5  9.1    80    71     515    (-,-) 
  core_g248453/Y                 -       B->Y  R     NAND2X1        3  5.8    56    50     565    (-,-) 
  core_g247808/Y                 -       AN->Y R     NAND2BX1       1  2.9    31    34     598    (-,-) 
  core_g247049/Y                 -       B->Y  F     NAND2BX1       1  2.8    44    36     635    (-,-) 
  core_g244331/Y                 -       A1->Y R     AOI22X1        1  2.9    61    48     683    (-,-) 
  core_g244010/Y                 -       A1->Y R     AO21X4        30 51.4    98   102     785    (-,-) 
  core_g243764/Y                 -       A->Y  F     INVX1          6 10.5    87    72     857    (-,-) 
  core_g243507/Y                 -       C->Y  F     AND3X2        22 35.8   129   107     964    (-,-) 
  core_g243046/Y                 -       A->Y  R     INVX1         10 18.0   144   110    1074    (-,-) 
  core_g242037/Y                 -       A1->Y F     OAI221X1       1  2.7    81    91    1165    (-,-) 
  core_picorv32_reg_op1_reg[1]/D -       -     F     DFFX2          1    -     -     0    1165    (-,-) 
#-------------------------------------------------------------------------------------------------------

