============================================================
  Generated by:           Genus(TM) Synthesis Solution 22.13-s093_1
  Generated on:           Apr 13 2026  06:56:33 pm
  Module:                 mgmt_core_wrapper
  Operating conditions:   PVT_1P1V_0C 
  Interconnect mode:      global
  Area mode:              physical library
============================================================


Path 1: MET (3107 ps) Late External Delay Assertion at pin hk_cyc_o
          Group: C2O
     Startpoint: (R) core_grant_reg/CK
          Clock: (R) myclock
       Endpoint: (R) hk_cyc_o
          Clock: (R) myclock

                     Capture       Launch     
        Clock Edge:+    4000            0     
       Src Latency:+       0            0     
       Net Latency:+       0 (I)        0 (I) 
           Arrival:=    4000            0     
                                              
      Output Delay:-     200                  
       Uncertainty:-      20                  
     Required Time:=    3780                  
      Launch Clock:-       0                  
         Data Path:-     673                  
             Slack:=    3107                  

Exceptions/Constraints:
  output_delay             200             mgmt_core_wrapper.sd_line_24_675_1 

#------------------------------------------------------------------------------------------
#   Timing Point    Flags   Arc   Edge   Cell     Fanout Load Trans Delay Arrival Instance 
#                                                        (fF)  (ps)  (ps)   (ps)  Location 
#------------------------------------------------------------------------------------------
  core_grant_reg/CK -       -     R     (arrival)   3708    -     0     0       0    (-,-) 
  core_grant_reg/Q  -       CK->Q F     DFFHQX1        8 14.9   100   101     101    (-,-) 
  core_g160999/Y    -       A->Y  F     BUFX3         27 47.8   120    99     200    (-,-) 
  core_g160531/Y    -       S0->Y F     CLKMX2X4       5 58.5   121   132     332    (-,-) 
  core_g160388/Y    -       A->Y  R     INVX1          2  4.2    52    56     387    (-,-) 
  core_g160126/Y    -       B->Y  R     AND3XL         2  4.4    54    68     455    (-,-) 
  core_g159980/Y    -       D->Y  R     AND4X1         1  2.9    28    68     524    (-,-) 
  core_g159944/Y    -       B->Y  F     NAND2X1        2  6.5    93    60     583    (-,-) 
  core_g159922/Y    -       B->Y  R     NOR2X6         1 52.4   132    90     673    (-,-) 
  hk_cyc_o          -       -     R     (port)         -    -     -     0     673    (-,-) 
#------------------------------------------------------------------------------------------



Path 2: MET (3167 ps) Late External Delay Assertion at pin mprj_cyc_o
          Group: C2O
     Startpoint: (R) core_grant_reg/CK
          Clock: (R) myclock
       Endpoint: (R) mprj_cyc_o
          Clock: (R) myclock

                     Capture       Launch     
        Clock Edge:+    4000            0     
       Src Latency:+       0            0     
       Net Latency:+       0 (I)        0 (I) 
           Arrival:=    4000            0     
                                              
      Output Delay:-     200                  
       Uncertainty:-      20                  
     Required Time:=    3780                  
      Launch Clock:-       0                  
         Data Path:-     613                  
             Slack:=    3167                  

Exceptions/Constraints:
  output_delay             200             mgmt_core_wrapper.sd_line_24_604_1 

#------------------------------------------------------------------------------------------
#   Timing Point    Flags   Arc   Edge   Cell     Fanout Load Trans Delay Arrival Instance 
#                                                        (fF)  (ps)  (ps)   (ps)  Location 
#------------------------------------------------------------------------------------------
  core_grant_reg/CK -       -     R     (arrival)   3708    -     0     0       0    (-,-) 
  core_grant_reg/Q  -       CK->Q F     DFFHQX1        8 14.9   100   101     101    (-,-) 
  core_g160999/Y    -       A->Y  F     BUFX3         27 47.8   120    99     200    (-,-) 
  core_g160531/Y    -       S0->Y F     CLKMX2X4       5 58.5   121   132     332    (-,-) 
  core_g160388/Y    -       A->Y  R     INVX1          2  4.2    52    56     387    (-,-) 
  core_g160126/Y    -       B->Y  R     AND3XL         2  4.4    54    68     455    (-,-) 
  core_g160062/Y    -       B->Y  F     NAND2X1        2  6.5    93    68     523    (-,-) 
  core_g160000/Y    -       B->Y  R     NOR2X6         1 52.4   132    90     613    (-,-) 
  mprj_cyc_o        -       -     R     (port)         -    -     -     0     613    (-,-) 
#------------------------------------------------------------------------------------------



Path 3: MET (3267 ps) Late External Delay Assertion at pin mprj_sel_o[0]
          Group: C2O
     Startpoint: (R) core_grant_reg/CK
          Clock: (R) myclock
       Endpoint: (F) mprj_sel_o[0]
          Clock: (R) myclock

                     Capture       Launch     
        Clock Edge:+    4000            0     
       Src Latency:+       0            0     
       Net Latency:+       0 (I)        0 (I) 
           Arrival:=    4000            0     
                                              
      Output Delay:-     200                  
       Uncertainty:-      20                  
     Required Time:=    3780                  
      Launch Clock:-       0                  
         Data Path:-     513                  
             Slack:=    3267                  

Exceptions/Constraints:
  output_delay             200             mgmt_core_wrapper.sd_line_24_610_1 

#------------------------------------------------------------------------------------------
#   Timing Point    Flags   Arc   Edge   Cell     Fanout Load Trans Delay Arrival Instance 
#                                                        (fF)  (ps)  (ps)   (ps)  Location 
#------------------------------------------------------------------------------------------
  core_grant_reg/CK -       -     R     (arrival)   3708    -     0     0       0    (-,-) 
  core_grant_reg/Q  -       CK->Q F     DFFHQX1        8 14.9   100   101     101    (-,-) 
  core_g160999/Y    -       A->Y  F     BUFX3         27 47.8   120    99     200    (-,-) 
  core_g160995/Y    -       A->Y  F     BUFX8         38 69.7    76    82     282    (-,-) 
  core_g160129/Y    -       A->Y  R     NOR2X1         2  4.6    70    62     344    (-,-) 
  core_g160107/Y    -       A->Y  F     INVX1          5  9.5    76    60     404    (-,-) 
  core_g160064/Y    -       B->Y  F     OR2X4          3 55.3   112   109     513    (-,-) 
  mprj_sel_o[0]     -       -     F     (port)         -    -     -     0     513    (-,-) 
#------------------------------------------------------------------------------------------



Path 4: MET (3270 ps) Late External Delay Assertion at pin mprj_sel_o[1]
          Group: C2O
     Startpoint: (R) core_grant_reg/CK
          Clock: (R) myclock
       Endpoint: (F) mprj_sel_o[1]
          Clock: (R) myclock

                     Capture       Launch     
        Clock Edge:+    4000            0     
       Src Latency:+       0            0     
       Net Latency:+       0 (I)        0 (I) 
           Arrival:=    4000            0     
                                              
      Output Delay:-     200                  
       Uncertainty:-      20                  
     Required Time:=    3780                  
      Launch Clock:-       0                  
         Data Path:-     510                  
             Slack:=    3270                  

Exceptions/Constraints:
  output_delay             200             mgmt_core_wrapper.sd_line_24_609_1 

#------------------------------------------------------------------------------------------
#   Timing Point    Flags   Arc   Edge   Cell     Fanout Load Trans Delay Arrival Instance 
#                                                        (fF)  (ps)  (ps)   (ps)  Location 
#------------------------------------------------------------------------------------------
  core_grant_reg/CK -       -     R     (arrival)   3708    -     0     0       0    (-,-) 
  core_grant_reg/Q  -       CK->Q F     DFFHQX1        8 14.9   100   101     101    (-,-) 
  core_g160999/Y    -       A->Y  F     BUFX3         27 47.8   120    99     200    (-,-) 
  core_g160995/Y    -       A->Y  F     BUFX8         38 69.7    76    82     282    (-,-) 
  core_g160129/Y    -       A->Y  R     NOR2X1         2  4.6    70    62     344    (-,-) 
  core_g160107/Y    -       A->Y  F     INVX1          5  9.5    76    60     404    (-,-) 
  core_g160032/Y    -       B->Y  F     OR2X4          1 52.4   107   106     510    (-,-) 
  mprj_sel_o[1]     -       -     F     (port)         -    -     -     0     510    (-,-) 
#------------------------------------------------------------------------------------------



Path 5: MET (3270 ps) Late External Delay Assertion at pin mprj_sel_o[2]
          Group: C2O
     Startpoint: (R) core_grant_reg/CK
          Clock: (R) myclock
       Endpoint: (F) mprj_sel_o[2]
          Clock: (R) myclock

                     Capture       Launch     
        Clock Edge:+    4000            0     
       Src Latency:+       0            0     
       Net Latency:+       0 (I)        0 (I) 
           Arrival:=    4000            0     
                                              
      Output Delay:-     200                  
       Uncertainty:-      20                  
     Required Time:=    3780                  
      Launch Clock:-       0                  
         Data Path:-     510                  
             Slack:=    3270                  

Exceptions/Constraints:
  output_delay             200             mgmt_core_wrapper.sd_line_24_608_1 

#------------------------------------------------------------------------------------------
#   Timing Point    Flags   Arc   Edge   Cell     Fanout Load Trans Delay Arrival Instance 
#                                                        (fF)  (ps)  (ps)   (ps)  Location 
#------------------------------------------------------------------------------------------
  core_grant_reg/CK -       -     R     (arrival)   3708    -     0     0       0    (-,-) 
  core_grant_reg/Q  -       CK->Q F     DFFHQX1        8 14.9   100   101     101    (-,-) 
  core_g160999/Y    -       A->Y  F     BUFX3         27 47.8   120    99     200    (-,-) 
  core_g160995/Y    -       A->Y  F     BUFX8         38 69.7    76    82     282    (-,-) 
  core_g160129/Y    -       A->Y  R     NOR2X1         2  4.6    70    62     344    (-,-) 
  core_g160107/Y    -       A->Y  F     INVX1          5  9.5    76    60     404    (-,-) 
  core_g160030/Y    -       B->Y  F     OR2X4          1 52.4   107   106     510    (-,-) 
  mprj_sel_o[2]     -       -     F     (port)         -    -     -     0     510    (-,-) 
#------------------------------------------------------------------------------------------



Path 6: MET (3270 ps) Late External Delay Assertion at pin mprj_sel_o[3]
          Group: C2O
     Startpoint: (R) core_grant_reg/CK
          Clock: (R) myclock
       Endpoint: (F) mprj_sel_o[3]
          Clock: (R) myclock

                     Capture       Launch     
        Clock Edge:+    4000            0     
       Src Latency:+       0            0     
       Net Latency:+       0 (I)        0 (I) 
           Arrival:=    4000            0     
                                              
      Output Delay:-     200                  
       Uncertainty:-      20                  
     Required Time:=    3780                  
      Launch Clock:-       0                  
         Data Path:-     510                  
             Slack:=    3270                  

Exceptions/Constraints:
  output_delay             200             mgmt_core_wrapper.sd_line_24_607_1 

#------------------------------------------------------------------------------------------
#   Timing Point    Flags   Arc   Edge   Cell     Fanout Load Trans Delay Arrival Instance 
#                                                        (fF)  (ps)  (ps)   (ps)  Location 
#------------------------------------------------------------------------------------------
  core_grant_reg/CK -       -     R     (arrival)   3708    -     0     0       0    (-,-) 
  core_grant_reg/Q  -       CK->Q F     DFFHQX1        8 14.9   100   101     101    (-,-) 
  core_g160999/Y    -       A->Y  F     BUFX3         27 47.8   120    99     200    (-,-) 
  core_g160995/Y    -       A->Y  F     BUFX8         38 69.7    76    82     282    (-,-) 
  core_g160129/Y    -       A->Y  R     NOR2X1         2  4.6    70    62     344    (-,-) 
  core_g160107/Y    -       A->Y  F     INVX1          5  9.5    76    60     404    (-,-) 
  core_g160033/Y    -       B->Y  F     OR2X4          1 52.4   107   106     510    (-,-) 
  mprj_sel_o[3]     -       -     F     (port)         -    -     -     0     510    (-,-) 
#------------------------------------------------------------------------------------------



Path 7: MET (3305 ps) Late External Delay Assertion at pin mprj_adr_o[2]
          Group: C2O
     Startpoint: (R) core_grant_reg/CK
          Clock: (R) myclock
       Endpoint: (F) mprj_adr_o[2]
          Clock: (R) myclock

                     Capture       Launch     
        Clock Edge:+    4000            0     
       Src Latency:+       0            0     
       Net Latency:+       0 (I)        0 (I) 
           Arrival:=    4000            0     
                                              
      Output Delay:-     200                  
       Uncertainty:-      20                  
     Required Time:=    3780                  
      Launch Clock:-       0                  
         Data Path:-     475                  
             Slack:=    3305                  

Exceptions/Constraints:
  output_delay             200             mgmt_core_wrapper.sd_line_24_640_1 

#------------------------------------------------------------------------------------------
#   Timing Point    Flags   Arc   Edge   Cell     Fanout Load Trans Delay Arrival Instance 
#                                                        (fF)  (ps)  (ps)   (ps)  Location 
#------------------------------------------------------------------------------------------
  core_grant_reg/CK -       -     R     (arrival)   3708    -     0     0       0    (-,-) 
  core_grant_reg/Q  -       CK->Q F     DFFHQX1        8 14.9   100   101     101    (-,-) 
  core_g160999/Y    -       A->Y  F     BUFX3         27 47.8   120    99     200    (-,-) 
  core_g160995/Y    -       A->Y  F     BUFX8         38 69.7    76    82     282    (-,-) 
  core_g160509/Y    -       S0->Y R     MXI2XL         1  5.2   130    95     377    (-,-) 
  core_g160380/Y    -       A->Y  F     CLKINVX6       9 90.3   137    98     475    (-,-) 
  mprj_adr_o[2]     -       -     F     (port)         -    -     -     0     475    (-,-) 
#------------------------------------------------------------------------------------------



Path 8: MET (3317 ps) Late External Delay Assertion at pin hk_stb_o
          Group: C2O
     Startpoint: (R) core_grant_reg/CK
          Clock: (R) myclock
       Endpoint: (F) hk_stb_o
          Clock: (R) myclock

                     Capture       Launch     
        Clock Edge:+    4000            0     
       Src Latency:+       0            0     
       Net Latency:+       0 (I)        0 (I) 
           Arrival:=    4000            0     
                                              
      Output Delay:-     200                  
       Uncertainty:-      20                  
     Required Time:=    3780                  
      Launch Clock:-       0                  
         Data Path:-     463                  
             Slack:=    3317                  

Exceptions/Constraints:
  output_delay             200             mgmt_core_wrapper.sd_line_24_676_1 

#-------------------------------------------------------------------------------------------
#   Timing Point    Flags   Arc   Edge   Cell     Fanout  Load Trans Delay Arrival Instance 
#                                                         (fF)  (ps)  (ps)   (ps)  Location 
#-------------------------------------------------------------------------------------------
  core_grant_reg/CK -       -     R     (arrival)   3708     -     0     0       0    (-,-) 
  core_grant_reg/Q  -       CK->Q R     DFFHQX1        8  15.6   108    99      99    (-,-) 
  core_g160999/Y    -       A->Y  R     BUFX3         27  50.4   120   101     200    (-,-) 
  core_g160461/Y    -       B->Y  F     NAND2X1        2   4.3    74    75     275    (-,-) 
  core_g160199/Y    -       B->Y  F     AND2X1         2   4.7    34    46     321    (-,-) 
  core_g160163/Y    -       A->Y  R     INVX2          7  19.0    72    48     369    (-,-) 
  core_g138751/Y    -       A->Y  F     CLKINVX6       2 103.6   144    94     463    (-,-) 
  hk_stb_o          -       -     F     (port)         -     -     -     0     463    (-,-) 
#-------------------------------------------------------------------------------------------



Path 9: MET (3317 ps) Late External Delay Assertion at pin mprj_stb_o
          Group: C2O
     Startpoint: (R) core_grant_reg/CK
          Clock: (R) myclock
       Endpoint: (F) mprj_stb_o
          Clock: (R) myclock

                     Capture       Launch     
        Clock Edge:+    4000            0     
       Src Latency:+       0            0     
       Net Latency:+       0 (I)        0 (I) 
           Arrival:=    4000            0     
                                              
      Output Delay:-     200                  
       Uncertainty:-      20                  
     Required Time:=    3780                  
      Launch Clock:-       0                  
         Data Path:-     463                  
             Slack:=    3317                  

Exceptions/Constraints:
  output_delay             200             mgmt_core_wrapper.sd_line_24_605_1 

#-------------------------------------------------------------------------------------------
#   Timing Point    Flags   Arc   Edge   Cell     Fanout  Load Trans Delay Arrival Instance 
#                                                         (fF)  (ps)  (ps)   (ps)  Location 
#-------------------------------------------------------------------------------------------
  core_grant_reg/CK -       -     R     (arrival)   3708     -     0     0       0    (-,-) 
  core_grant_reg/Q  -       CK->Q R     DFFHQX1        8  15.6   108    99      99    (-,-) 
  core_g160999/Y    -       A->Y  R     BUFX3         27  50.4   120   101     200    (-,-) 
  core_g160461/Y    -       B->Y  F     NAND2X1        2   4.3    74    75     275    (-,-) 
  core_g160199/Y    -       B->Y  F     AND2X1         2   4.7    34    46     321    (-,-) 
  core_g160163/Y    -       A->Y  R     INVX2          7  19.0    72    48     369    (-,-) 
  core_g138751/Y    -       A->Y  F     CLKINVX6       2 103.6   144    94     463    (-,-) 
  mprj_stb_o        -       -     F     (port)         -     -     -     0     463    (-,-) 
#-------------------------------------------------------------------------------------------



Path 10: MET (3320 ps) Late External Delay Assertion at pin mprj_dat_o[4]
          Group: C2O
     Startpoint: (R) core_grant_reg/CK
          Clock: (R) myclock
       Endpoint: (F) mprj_dat_o[4]
          Clock: (R) myclock

                     Capture       Launch     
        Clock Edge:+    4000            0     
       Src Latency:+       0            0     
       Net Latency:+       0 (I)        0 (I) 
           Arrival:=    4000            0     
                                              
      Output Delay:-     200                  
       Uncertainty:-      20                  
     Required Time:=    3780                  
      Launch Clock:-       0                  
         Data Path:-     460                  
             Slack:=    3320                  

Exceptions/Constraints:
  output_delay             200             mgmt_core_wrapper.sd_line_24_670_1 

#-------------------------------------------------------------------------------------------
#   Timing Point    Flags   Arc   Edge   Cell     Fanout  Load Trans Delay Arrival Instance 
#                                                         (fF)  (ps)  (ps)   (ps)  Location 
#-------------------------------------------------------------------------------------------
  core_grant_reg/CK -       -     R     (arrival)   3708     -     0     0       0    (-,-) 
  core_grant_reg/Q  -       CK->Q F     DFFHQX1        8  14.9   100   101     101    (-,-) 
  core_g160999/Y    -       A->Y  F     BUFX3         27  47.8   120    99     200    (-,-) 
  core_g160995/Y    -       A->Y  F     BUFX8         38  69.7    76    82     282    (-,-) 
  core_g160419/Y    -       S0->Y F     CLKMX2X12     43 152.1   125   178     460    (-,-) 
  mprj_dat_o[4]     -       -     F     (port)         -     -     -     0     460    (-,-) 
#-------------------------------------------------------------------------------------------



Path 11: MET (3321 ps) Late External Delay Assertion at pin mprj_we_o
          Group: C2O
     Startpoint: (R) core_grant_reg/CK
          Clock: (R) myclock
       Endpoint: (R) mprj_we_o
          Clock: (R) myclock

                     Capture       Launch     
        Clock Edge:+    4000            0     
       Src Latency:+       0            0     
       Net Latency:+       0 (I)        0 (I) 
           Arrival:=    4000            0     
                                              
      Output Delay:-     200                  
       Uncertainty:-      20                  
     Required Time:=    3780                  
      Launch Clock:-       0                  
         Data Path:-     459                  
             Slack:=    3321                  

Exceptions/Constraints:
  output_delay             200             mgmt_core_wrapper.sd_line_24_606_1 

#------------------------------------------------------------------------------------------
#   Timing Point    Flags   Arc   Edge   Cell     Fanout Load Trans Delay Arrival Instance 
#                                                        (fF)  (ps)  (ps)   (ps)  Location 
#------------------------------------------------------------------------------------------
  core_grant_reg/CK -       -     R     (arrival)   3708    -     0     0       0    (-,-) 
  core_grant_reg/Q  -       CK->Q R     DFFHQX1        8 15.6   108    99      99    (-,-) 
  core_g160999/Y    -       A->Y  R     BUFX3         27 50.4   120   101     200    (-,-) 
  core_g160995/Y    -       A->Y  R     BUFX8         38 73.3    73    82     281    (-,-) 
  core_g161173/Y    -       AN->Y R     NOR2BX1        2  4.6    79    61     342    (-,-) 
  core_g160065/Y    -       A1->Y R     AO21X4         6 61.6   116   116     459    (-,-) 
  mprj_we_o         -       -     R     (port)         -    -     -     0     459    (-,-) 
#------------------------------------------------------------------------------------------



Path 12: MET (3321 ps) Late External Delay Assertion at pin mprj_dat_o[1]
          Group: C2O
     Startpoint: (R) core_grant_reg/CK
          Clock: (R) myclock
       Endpoint: (F) mprj_dat_o[1]
          Clock: (R) myclock

                     Capture       Launch     
        Clock Edge:+    4000            0     
       Src Latency:+       0            0     
       Net Latency:+       0 (I)        0 (I) 
           Arrival:=    4000            0     
                                              
      Output Delay:-     200                  
       Uncertainty:-      20                  
     Required Time:=    3780                  
      Launch Clock:-       0                  
         Data Path:-     459                  
             Slack:=    3321                  

Exceptions/Constraints:
  output_delay             200             mgmt_core_wrapper.sd_line_24_673_1 

#-------------------------------------------------------------------------------------------
#   Timing Point    Flags   Arc   Edge   Cell     Fanout  Load Trans Delay Arrival Instance 
#                                                         (fF)  (ps)  (ps)   (ps)  Location 
#-------------------------------------------------------------------------------------------
  core_grant_reg/CK -       -     R     (arrival)   3708     -     0     0       0    (-,-) 
  core_grant_reg/Q  -       CK->Q F     DFFHQX1        8  14.9   100   101     101    (-,-) 
  core_g160999/Y    -       A->Y  F     BUFX3         27  47.8   120    99     200    (-,-) 
  core_g160995/Y    -       A->Y  F     BUFX8         38  69.7    76    82     282    (-,-) 
  core_g160416/Y    -       S0->Y F     CLKMX2X12     46 149.3   124   177     458    (-,-) 
  mprj_dat_o[1]     -       -     F     (port)         -     -     -     0     459    (-,-) 
#-------------------------------------------------------------------------------------------



Path 13: MET (3322 ps) Late External Delay Assertion at pin mprj_dat_o[2]
          Group: C2O
     Startpoint: (R) core_grant_reg/CK
          Clock: (R) myclock
       Endpoint: (F) mprj_dat_o[2]
          Clock: (R) myclock

                     Capture       Launch     
        Clock Edge:+    4000            0     
       Src Latency:+       0            0     
       Net Latency:+       0 (I)        0 (I) 
           Arrival:=    4000            0     
                                              
      Output Delay:-     200                  
       Uncertainty:-      20                  
     Required Time:=    3780                  
      Launch Clock:-       0                  
         Data Path:-     458                  
             Slack:=    3322                  

Exceptions/Constraints:
  output_delay             200             mgmt_core_wrapper.sd_line_24_672_1 

#-------------------------------------------------------------------------------------------
#   Timing Point    Flags   Arc   Edge   Cell     Fanout  Load Trans Delay Arrival Instance 
#                                                         (fF)  (ps)  (ps)   (ps)  Location 
#-------------------------------------------------------------------------------------------
  core_grant_reg/CK -       -     R     (arrival)   3708     -     0     0       0    (-,-) 
  core_grant_reg/Q  -       CK->Q F     DFFHQX1        8  14.9   100   101     101    (-,-) 
  core_g160999/Y    -       A->Y  F     BUFX3         27  47.8   120    99     200    (-,-) 
  core_g160995/Y    -       A->Y  F     BUFX8         38  69.7    76    82     282    (-,-) 
  core_g160417/Y    -       S0->Y F     CLKMX2X12     44 147.9   123   176     458    (-,-) 
  mprj_dat_o[2]     -       -     F     (port)         -     -     -     0     458    (-,-) 
#-------------------------------------------------------------------------------------------



Path 14: MET (3323 ps) Late External Delay Assertion at pin mprj_dat_o[7]
          Group: C2O
     Startpoint: (R) core_grant_reg/CK
          Clock: (R) myclock
       Endpoint: (F) mprj_dat_o[7]
          Clock: (R) myclock

                     Capture       Launch     
        Clock Edge:+    4000            0     
       Src Latency:+       0            0     
       Net Latency:+       0 (I)        0 (I) 
           Arrival:=    4000            0     
                                              
      Output Delay:-     200                  
       Uncertainty:-      20                  
     Required Time:=    3780                  
      Launch Clock:-       0                  
         Data Path:-     457                  
             Slack:=    3323                  

Exceptions/Constraints:
  output_delay             200             mgmt_core_wrapper.sd_line_24_667_1 

#-------------------------------------------------------------------------------------------
#   Timing Point    Flags   Arc   Edge   Cell     Fanout  Load Trans Delay Arrival Instance 
#                                                         (fF)  (ps)  (ps)   (ps)  Location 
#-------------------------------------------------------------------------------------------
  core_grant_reg/CK -       -     R     (arrival)   3708     -     0     0       0    (-,-) 
  core_grant_reg/Q  -       CK->Q F     DFFHQX1        8  14.9   100   101     101    (-,-) 
  core_g160999/Y    -       A->Y  F     BUFX3         27  47.8   120    99     200    (-,-) 
  core_g160995/Y    -       A->Y  F     BUFX8         38  69.7    76    82     282    (-,-) 
  core_g160422/Y    -       S0->Y F     CLKMX2X12     43 145.5   121   175     457    (-,-) 
  mprj_dat_o[7]     -       -     F     (port)         -     -     -     0     457    (-,-) 
#-------------------------------------------------------------------------------------------



Path 15: MET (3323 ps) Late External Delay Assertion at pin mprj_dat_o[3]
          Group: C2O
     Startpoint: (R) core_grant_reg/CK
          Clock: (R) myclock
       Endpoint: (F) mprj_dat_o[3]
          Clock: (R) myclock

                     Capture       Launch     
        Clock Edge:+    4000            0     
       Src Latency:+       0            0     
       Net Latency:+       0 (I)        0 (I) 
           Arrival:=    4000            0     
                                              
      Output Delay:-     200                  
       Uncertainty:-      20                  
     Required Time:=    3780                  
      Launch Clock:-       0                  
         Data Path:-     457                  
             Slack:=    3323                  

Exceptions/Constraints:
  output_delay             200             mgmt_core_wrapper.sd_line_24_671_1 

#-------------------------------------------------------------------------------------------
#   Timing Point    Flags   Arc   Edge   Cell     Fanout  Load Trans Delay Arrival Instance 
#                                                         (fF)  (ps)  (ps)   (ps)  Location 
#-------------------------------------------------------------------------------------------
  core_grant_reg/CK -       -     R     (arrival)   3708     -     0     0       0    (-,-) 
  core_grant_reg/Q  -       CK->Q F     DFFHQX1        8  14.9   100   101     101    (-,-) 
  core_g160999/Y    -       A->Y  F     BUFX3         27  47.8   120    99     200    (-,-) 
  core_g160995/Y    -       A->Y  F     BUFX8         38  69.7    76    82     282    (-,-) 
  core_g160418/Y    -       S0->Y F     CLKMX2X12     43 144.9   121   175     456    (-,-) 
  mprj_dat_o[3]     -       -     F     (port)         -     -     -     0     457    (-,-) 
#-------------------------------------------------------------------------------------------



Path 16: MET (3324 ps) Late External Delay Assertion at pin mprj_dat_o[6]
          Group: C2O
     Startpoint: (R) core_grant_reg/CK
          Clock: (R) myclock
       Endpoint: (F) mprj_dat_o[6]
          Clock: (R) myclock

                     Capture       Launch     
        Clock Edge:+    4000            0     
       Src Latency:+       0            0     
       Net Latency:+       0 (I)        0 (I) 
           Arrival:=    4000            0     
                                              
      Output Delay:-     200                  
       Uncertainty:-      20                  
     Required Time:=    3780                  
      Launch Clock:-       0                  
         Data Path:-     456                  
             Slack:=    3324                  

Exceptions/Constraints:
  output_delay             200             mgmt_core_wrapper.sd_line_24_668_1 

#-------------------------------------------------------------------------------------------
#   Timing Point    Flags   Arc   Edge   Cell     Fanout  Load Trans Delay Arrival Instance 
#                                                         (fF)  (ps)  (ps)   (ps)  Location 
#-------------------------------------------------------------------------------------------
  core_grant_reg/CK -       -     R     (arrival)   3708     -     0     0       0    (-,-) 
  core_grant_reg/Q  -       CK->Q F     DFFHQX1        8  14.9   100   101     101    (-,-) 
  core_g160999/Y    -       A->Y  F     BUFX3         27  47.8   120    99     200    (-,-) 
  core_g160995/Y    -       A->Y  F     BUFX8         38  69.7    76    82     282    (-,-) 
  core_g160421/Y    -       S0->Y F     CLKMX2X12     42 143.7   120   174     456    (-,-) 
  mprj_dat_o[6]     -       -     F     (port)         -     -     -     0     456    (-,-) 
#-------------------------------------------------------------------------------------------



Path 17: MET (3325 ps) Late External Delay Assertion at pin mprj_dat_o[5]
          Group: C2O
     Startpoint: (R) core_grant_reg/CK
          Clock: (R) myclock
       Endpoint: (F) mprj_dat_o[5]
          Clock: (R) myclock

                     Capture       Launch     
        Clock Edge:+    4000            0     
       Src Latency:+       0            0     
       Net Latency:+       0 (I)        0 (I) 
           Arrival:=    4000            0     
                                              
      Output Delay:-     200                  
       Uncertainty:-      20                  
     Required Time:=    3780                  
      Launch Clock:-       0                  
         Data Path:-     455                  
             Slack:=    3325                  

Exceptions/Constraints:
  output_delay             200             mgmt_core_wrapper.sd_line_24_669_1 

#-------------------------------------------------------------------------------------------
#   Timing Point    Flags   Arc   Edge   Cell     Fanout  Load Trans Delay Arrival Instance 
#                                                         (fF)  (ps)  (ps)   (ps)  Location 
#-------------------------------------------------------------------------------------------
  core_grant_reg/CK -       -     R     (arrival)   3708     -     0     0       0    (-,-) 
  core_grant_reg/Q  -       CK->Q F     DFFHQX1        8  14.9   100   101     101    (-,-) 
  core_g160999/Y    -       A->Y  F     BUFX3         27  47.8   120    99     200    (-,-) 
  core_g160995/Y    -       A->Y  F     BUFX8         38  69.7    76    82     282    (-,-) 
  core_g160420/Y    -       S0->Y F     CLKMX2X12     42 140.7   118   173     455    (-,-) 
  mprj_dat_o[5]     -       -     F     (port)         -     -     -     0     455    (-,-) 
#-------------------------------------------------------------------------------------------



Path 18: MET (3326 ps) Late External Delay Assertion at pin mprj_dat_o[0]
          Group: C2O
     Startpoint: (R) core_grant_reg/CK
          Clock: (R) myclock
       Endpoint: (F) mprj_dat_o[0]
          Clock: (R) myclock

                     Capture       Launch     
        Clock Edge:+    4000            0     
       Src Latency:+       0            0     
       Net Latency:+       0 (I)        0 (I) 
           Arrival:=    4000            0     
                                              
      Output Delay:-     200                  
       Uncertainty:-      20                  
     Required Time:=    3780                  
      Launch Clock:-       0                  
         Data Path:-     454                  
             Slack:=    3326                  

Exceptions/Constraints:
  output_delay             200             mgmt_core_wrapper.sd_line_24_674_1 

#-------------------------------------------------------------------------------------------
#   Timing Point    Flags   Arc   Edge   Cell     Fanout  Load Trans Delay Arrival Instance 
#                                                         (fF)  (ps)  (ps)   (ps)  Location 
#-------------------------------------------------------------------------------------------
  core_grant_reg/CK -       -     R     (arrival)   3708     -     0     0       0    (-,-) 
  core_grant_reg/Q  -       CK->Q F     DFFHQX1        8  14.9   100   101     101    (-,-) 
  core_g160999/Y    -       A->Y  F     BUFX3         27  47.8   120    99     200    (-,-) 
  core_g160995/Y    -       A->Y  F     BUFX8         38  69.7    76    82     282    (-,-) 
  core_g160415/Y    -       S0->Y F     CLKMX2X12     42 138.6   117   172     454    (-,-) 
  mprj_dat_o[0]     -       -     F     (port)         -     -     -     0     454    (-,-) 
#-------------------------------------------------------------------------------------------



Path 19: MET (3332 ps) Late External Delay Assertion at pin mprj_adr_o[3]
          Group: C2O
     Startpoint: (R) core_grant_reg/CK
          Clock: (R) myclock
       Endpoint: (F) mprj_adr_o[3]
          Clock: (R) myclock

                     Capture       Launch     
        Clock Edge:+    4000            0     
       Src Latency:+       0            0     
       Net Latency:+       0 (I)        0 (I) 
           Arrival:=    4000            0     
                                              
      Output Delay:-     200                  
       Uncertainty:-      20                  
     Required Time:=    3780                  
      Launch Clock:-       0                  
         Data Path:-     448                  
             Slack:=    3332                  

Exceptions/Constraints:
  output_delay             200             mgmt_core_wrapper.sd_line_24_639_1 

#-------------------------------------------------------------------------------------------
#   Timing Point    Flags   Arc   Edge   Cell     Fanout  Load Trans Delay Arrival Instance 
#                                                         (fF)  (ps)  (ps)   (ps)  Location 
#-------------------------------------------------------------------------------------------
  core_grant_reg/CK -       -     R     (arrival)   3708     -     0     0       0    (-,-) 
  core_grant_reg/Q  -       CK->Q F     DFFHQX1        8  14.9   100   101     101    (-,-) 
  core_g160999/Y    -       A->Y  F     BUFX3         27  47.8   120    99     200    (-,-) 
  core_g160995/Y    -       A->Y  F     BUFX8         38  69.7    76    82     282    (-,-) 
  core_g160517/Y    -       S0->Y R     MXI2X1         1   5.2    87    69     351    (-,-) 
  core_g160382/Y    -       A->Y  F     CLKINVX6       9 102.8   146    97     448    (-,-) 
  mprj_adr_o[3]     -       -     F     (port)         -     -     -     0     448    (-,-) 
#-------------------------------------------------------------------------------------------



Path 20: MET (3341 ps) Late External Delay Assertion at pin mprj_adr_o[13]
          Group: C2O
     Startpoint: (R) core_grant_reg/CK
          Clock: (R) myclock
       Endpoint: (F) mprj_adr_o[13]
          Clock: (R) myclock

                     Capture       Launch     
        Clock Edge:+    4000            0     
       Src Latency:+       0            0     
       Net Latency:+       0 (I)        0 (I) 
           Arrival:=    4000            0     
                                              
      Output Delay:-     200                  
       Uncertainty:-      20                  
     Required Time:=    3780                  
      Launch Clock:-       0                  
         Data Path:-     439                  
             Slack:=    3341                  

Exceptions/Constraints:
  output_delay             200             mgmt_core_wrapper.sd_line_24_629_1 

#------------------------------------------------------------------------------------------
#   Timing Point    Flags   Arc   Edge   Cell     Fanout Load Trans Delay Arrival Instance 
#                                                        (fF)  (ps)  (ps)   (ps)  Location 
#------------------------------------------------------------------------------------------
  core_grant_reg/CK -       -     R     (arrival)   3708    -     0     0       0    (-,-) 
  core_grant_reg/Q  -       CK->Q R     DFFHQX1        8 15.6   108    99      99    (-,-) 
  core_g160999/Y    -       A->Y  R     BUFX3         27 50.4   120   101     200    (-,-) 
  core_g160995/Y    -       A->Y  R     BUFX8         38 73.3    73    82     281    (-,-) 
  core_g160535/Y    -       S0->Y R     MXI2X2         5 10.3    39    69     350    (-,-) 
  core_g160392/Y    -       A->Y  F     INVX3          4 57.0   144    89     439    (-,-) 
  mprj_adr_o[13]    -       -     F     (port)         -    -     -     0     439    (-,-) 
#------------------------------------------------------------------------------------------



Path 21: MET (3342 ps) Late External Delay Assertion at pin mprj_dat_o[9]
          Group: C2O
     Startpoint: (R) core_grant_reg/CK
          Clock: (R) myclock
       Endpoint: (F) mprj_dat_o[9]
          Clock: (R) myclock

                     Capture       Launch     
        Clock Edge:+    4000            0     
       Src Latency:+       0            0     
       Net Latency:+       0 (I)        0 (I) 
           Arrival:=    4000            0     
                                              
      Output Delay:-     200                  
       Uncertainty:-      20                  
     Required Time:=    3780                  
      Launch Clock:-       0                  
         Data Path:-     438                  
             Slack:=    3342                  

Exceptions/Constraints:
  output_delay             200             mgmt_core_wrapper.sd_line_24_665_1 

#-------------------------------------------------------------------------------------------
#   Timing Point    Flags   Arc   Edge   Cell     Fanout  Load Trans Delay Arrival Instance 
#                                                         (fF)  (ps)  (ps)   (ps)  Location 
#-------------------------------------------------------------------------------------------
  core_grant_reg/CK -       -     R     (arrival)   3708     -     0     0       0    (-,-) 
  core_grant_reg/Q  -       CK->Q F     DFFHQX1        8  14.9   100   101     101    (-,-) 
  core_g160999/Y    -       A->Y  F     BUFX3         27  47.8   120    99     200    (-,-) 
  core_g160995/Y    -       A->Y  F     BUFX8         38  69.7    76    82     282    (-,-) 
  core_g160410/Y    -       S0->Y F     CLKMX2X8      23 120.3   136   156     438    (-,-) 
  mprj_dat_o[9]     -       -     F     (port)         -     -     -     0     438    (-,-) 
#-------------------------------------------------------------------------------------------



Path 22: MET (3342 ps) Late External Delay Assertion at pin mprj_dat_o[8]
          Group: C2O
     Startpoint: (R) core_grant_reg/CK
          Clock: (R) myclock
       Endpoint: (F) mprj_dat_o[8]
          Clock: (R) myclock

                     Capture       Launch     
        Clock Edge:+    4000            0     
       Src Latency:+       0            0     
       Net Latency:+       0 (I)        0 (I) 
           Arrival:=    4000            0     
                                              
      Output Delay:-     200                  
       Uncertainty:-      20                  
     Required Time:=    3780                  
      Launch Clock:-       0                  
         Data Path:-     438                  
             Slack:=    3342                  

Exceptions/Constraints:
  output_delay             200             mgmt_core_wrapper.sd_line_24_666_1 

#-------------------------------------------------------------------------------------------
#   Timing Point    Flags   Arc   Edge   Cell     Fanout  Load Trans Delay Arrival Instance 
#                                                         (fF)  (ps)  (ps)   (ps)  Location 
#-------------------------------------------------------------------------------------------
  core_grant_reg/CK -       -     R     (arrival)   3708     -     0     0       0    (-,-) 
  core_grant_reg/Q  -       CK->Q F     DFFHQX1        8  14.9   100   101     101    (-,-) 
  core_g160999/Y    -       A->Y  F     BUFX3         27  47.8   120    99     200    (-,-) 
  core_g160995/Y    -       A->Y  F     BUFX8         38  69.7    76    82     282    (-,-) 
  core_g160423/Y    -       S0->Y F     CLKMX2X8      24 120.0   135   156     438    (-,-) 
  mprj_dat_o[8]     -       -     F     (port)         -     -     -     0     438    (-,-) 
#-------------------------------------------------------------------------------------------



Path 23: MET (3344 ps) Late External Delay Assertion at pin mprj_dat_o[21]
          Group: C2O
     Startpoint: (R) core_grant_reg/CK
          Clock: (R) myclock
       Endpoint: (F) mprj_dat_o[21]
          Clock: (R) myclock

                     Capture       Launch     
        Clock Edge:+    4000            0     
       Src Latency:+       0            0     
       Net Latency:+       0 (I)        0 (I) 
           Arrival:=    4000            0     
                                              
      Output Delay:-     200                  
       Uncertainty:-      20                  
     Required Time:=    3780                  
      Launch Clock:-       0                  
         Data Path:-     436                  
             Slack:=    3344                  

Exceptions/Constraints:
  output_delay             200             mgmt_core_wrapper.sd_line_24_653_1 

#-------------------------------------------------------------------------------------------
#   Timing Point    Flags   Arc   Edge   Cell     Fanout  Load Trans Delay Arrival Instance 
#                                                         (fF)  (ps)  (ps)   (ps)  Location 
#-------------------------------------------------------------------------------------------
  core_grant_reg/CK -       -     R     (arrival)   3708     -     0     0       0    (-,-) 
  core_grant_reg/Q  -       CK->Q F     DFFHQX1        8  14.9   100   101     101    (-,-) 
  core_g160999/Y    -       A->Y  F     BUFX3         27  47.8   120    99     200    (-,-) 
  core_g160995/Y    -       A->Y  F     BUFX8         38  69.7    76    82     282    (-,-) 
  core_g160399/Y    -       S0->Y F     CLKMX2X8      21 117.3   133   154     436    (-,-) 
  mprj_dat_o[21]    -       -     F     (port)         -     -     -     0     436    (-,-) 
#-------------------------------------------------------------------------------------------



Path 24: MET (3344 ps) Late External Delay Assertion at pin mprj_dat_o[15]
          Group: C2O
     Startpoint: (R) core_grant_reg/CK
          Clock: (R) myclock
       Endpoint: (F) mprj_dat_o[15]
          Clock: (R) myclock

                     Capture       Launch     
        Clock Edge:+    4000            0     
       Src Latency:+       0            0     
       Net Latency:+       0 (I)        0 (I) 
           Arrival:=    4000            0     
                                              
      Output Delay:-     200                  
       Uncertainty:-      20                  
     Required Time:=    3780                  
      Launch Clock:-       0                  
         Data Path:-     436                  
             Slack:=    3344                  

Exceptions/Constraints:
  output_delay             200             mgmt_core_wrapper.sd_line_24_659_1 

#-------------------------------------------------------------------------------------------
#   Timing Point    Flags   Arc   Edge   Cell     Fanout  Load Trans Delay Arrival Instance 
#                                                         (fF)  (ps)  (ps)   (ps)  Location 
#-------------------------------------------------------------------------------------------
  core_grant_reg/CK -       -     R     (arrival)   3708     -     0     0       0    (-,-) 
  core_grant_reg/Q  -       CK->Q F     DFFHQX1        8  14.9   100   101     101    (-,-) 
  core_g160999/Y    -       A->Y  F     BUFX3         27  47.8   120    99     200    (-,-) 
  core_g160995/Y    -       A->Y  F     BUFX8         38  69.7    76    82     282    (-,-) 
  core_g160432/Y    -       S0->Y F     CLKMX2X8      24 116.7   132   154     436    (-,-) 
  mprj_dat_o[15]    -       -     F     (port)         -     -     -     0     436    (-,-) 
#-------------------------------------------------------------------------------------------



Path 25: MET (3344 ps) Late External Delay Assertion at pin mprj_dat_o[24]
          Group: C2O
     Startpoint: (R) core_grant_reg/CK
          Clock: (R) myclock
       Endpoint: (F) mprj_dat_o[24]
          Clock: (R) myclock

                     Capture       Launch     
        Clock Edge:+    4000            0     
       Src Latency:+       0            0     
       Net Latency:+       0 (I)        0 (I) 
           Arrival:=    4000            0     
                                              
      Output Delay:-     200                  
       Uncertainty:-      20                  
     Required Time:=    3780                  
      Launch Clock:-       0                  
         Data Path:-     436                  
             Slack:=    3344                  

Exceptions/Constraints:
  output_delay             200             mgmt_core_wrapper.sd_line_24_650_1 

#-------------------------------------------------------------------------------------------
#   Timing Point    Flags   Arc   Edge   Cell     Fanout  Load Trans Delay Arrival Instance 
#                                                         (fF)  (ps)  (ps)   (ps)  Location 
#-------------------------------------------------------------------------------------------
  core_grant_reg/CK -       -     R     (arrival)   3708     -     0     0       0    (-,-) 
  core_grant_reg/Q  -       CK->Q F     DFFHQX1        8  14.9   100   101     101    (-,-) 
  core_g160999/Y    -       A->Y  F     BUFX3         27  47.8   120    99     200    (-,-) 
  core_g160995/Y    -       A->Y  F     BUFX8         38  69.7    76    82     282    (-,-) 
  core_g160411/Y    -       S0->Y F     CLKMX2X8      20 116.7   132   154     436    (-,-) 
  mprj_dat_o[24]    -       -     F     (port)         -     -     -     0     436    (-,-) 
#-------------------------------------------------------------------------------------------



Path 26: MET (3345 ps) Late External Delay Assertion at pin mprj_dat_o[13]
          Group: C2O
     Startpoint: (R) core_grant_reg/CK
          Clock: (R) myclock
       Endpoint: (F) mprj_dat_o[13]
          Clock: (R) myclock

                     Capture       Launch     
        Clock Edge:+    4000            0     
       Src Latency:+       0            0     
       Net Latency:+       0 (I)        0 (I) 
           Arrival:=    4000            0     
                                              
      Output Delay:-     200                  
       Uncertainty:-      20                  
     Required Time:=    3780                  
      Launch Clock:-       0                  
         Data Path:-     435                  
             Slack:=    3345                  

Exceptions/Constraints:
  output_delay             200             mgmt_core_wrapper.sd_line_24_661_1 

#-------------------------------------------------------------------------------------------
#   Timing Point    Flags   Arc   Edge   Cell     Fanout  Load Trans Delay Arrival Instance 
#                                                         (fF)  (ps)  (ps)   (ps)  Location 
#-------------------------------------------------------------------------------------------
  core_grant_reg/CK -       -     R     (arrival)   3708     -     0     0       0    (-,-) 
  core_grant_reg/Q  -       CK->Q F     DFFHQX1        8  14.9   100   101     101    (-,-) 
  core_g160999/Y    -       A->Y  F     BUFX3         27  47.8   120    99     200    (-,-) 
  core_g160995/Y    -       A->Y  F     BUFX8         38  69.7    76    82     282    (-,-) 
  core_g160427/Y    -       S0->Y F     CLKMX2X8      24 115.5   131   153     435    (-,-) 
  mprj_dat_o[13]    -       -     F     (port)         -     -     -     0     435    (-,-) 
#-------------------------------------------------------------------------------------------



Path 27: MET (3345 ps) Late External Delay Assertion at pin mprj_dat_o[25]
          Group: C2O
     Startpoint: (R) core_grant_reg/CK
          Clock: (R) myclock
       Endpoint: (F) mprj_dat_o[25]
          Clock: (R) myclock

                     Capture       Launch     
        Clock Edge:+    4000            0     
       Src Latency:+       0            0     
       Net Latency:+       0 (I)        0 (I) 
           Arrival:=    4000            0     
                                              
      Output Delay:-     200                  
       Uncertainty:-      20                  
     Required Time:=    3780                  
      Launch Clock:-       0                  
         Data Path:-     435                  
             Slack:=    3345                  

Exceptions/Constraints:
  output_delay             200             mgmt_core_wrapper.sd_line_24_649_1 

#-------------------------------------------------------------------------------------------
#   Timing Point    Flags   Arc   Edge   Cell     Fanout  Load Trans Delay Arrival Instance 
#                                                         (fF)  (ps)  (ps)   (ps)  Location 
#-------------------------------------------------------------------------------------------
  core_grant_reg/CK -       -     R     (arrival)   3708     -     0     0       0    (-,-) 
  core_grant_reg/Q  -       CK->Q F     DFFHQX1        8  14.9   100   101     101    (-,-) 
  core_g160999/Y    -       A->Y  F     BUFX3         27  47.8   120    99     200    (-,-) 
  core_g160995/Y    -       A->Y  F     BUFX8         38  69.7    76    82     282    (-,-) 
  core_g160408/Y    -       S0->Y F     CLKMX2X8      20 114.4   130   153     434    (-,-) 
  mprj_dat_o[25]    -       -     F     (port)         -     -     -     0     435    (-,-) 
#-------------------------------------------------------------------------------------------



Path 28: MET (3346 ps) Late External Delay Assertion at pin mprj_dat_o[27]
          Group: C2O
     Startpoint: (R) core_grant_reg/CK
          Clock: (R) myclock
       Endpoint: (F) mprj_dat_o[27]
          Clock: (R) myclock

                     Capture       Launch     
        Clock Edge:+    4000            0     
       Src Latency:+       0            0     
       Net Latency:+       0 (I)        0 (I) 
           Arrival:=    4000            0     
                                              
      Output Delay:-     200                  
       Uncertainty:-      20                  
     Required Time:=    3780                  
      Launch Clock:-       0                  
         Data Path:-     434                  
             Slack:=    3346                  

Exceptions/Constraints:
  output_delay             200             mgmt_core_wrapper.sd_line_24_647_1 

#-------------------------------------------------------------------------------------------
#   Timing Point    Flags   Arc   Edge   Cell     Fanout  Load Trans Delay Arrival Instance 
#                                                         (fF)  (ps)  (ps)   (ps)  Location 
#-------------------------------------------------------------------------------------------
  core_grant_reg/CK -       -     R     (arrival)   3708     -     0     0       0    (-,-) 
  core_grant_reg/Q  -       CK->Q F     DFFHQX1        8  14.9   100   101     101    (-,-) 
  core_g160999/Y    -       A->Y  F     BUFX3         27  47.8   120    99     200    (-,-) 
  core_g160995/Y    -       A->Y  F     BUFX8         38  69.7    76    82     282    (-,-) 
  core_g160404/Y    -       S0->Y F     CLKMX2X8      20 114.0   130   153     434    (-,-) 
  mprj_dat_o[27]    -       -     F     (port)         -     -     -     0     434    (-,-) 
#-------------------------------------------------------------------------------------------



Path 29: MET (3346 ps) Late External Delay Assertion at pin mprj_dat_o[11]
          Group: C2O
     Startpoint: (R) core_grant_reg/CK
          Clock: (R) myclock
       Endpoint: (F) mprj_dat_o[11]
          Clock: (R) myclock

                     Capture       Launch     
        Clock Edge:+    4000            0     
       Src Latency:+       0            0     
       Net Latency:+       0 (I)        0 (I) 
           Arrival:=    4000            0     
                                              
      Output Delay:-     200                  
       Uncertainty:-      20                  
     Required Time:=    3780                  
      Launch Clock:-       0                  
         Data Path:-     434                  
             Slack:=    3346                  

Exceptions/Constraints:
  output_delay             200             mgmt_core_wrapper.sd_line_24_663_1 

#-------------------------------------------------------------------------------------------
#   Timing Point    Flags   Arc   Edge   Cell     Fanout  Load Trans Delay Arrival Instance 
#                                                         (fF)  (ps)  (ps)   (ps)  Location 
#-------------------------------------------------------------------------------------------
  core_grant_reg/CK -       -     R     (arrival)   3708     -     0     0       0    (-,-) 
  core_grant_reg/Q  -       CK->Q F     DFFHQX1        8  14.9   100   101     101    (-,-) 
  core_g160999/Y    -       A->Y  F     BUFX3         27  47.8   120    99     200    (-,-) 
  core_g160995/Y    -       A->Y  F     BUFX8         38  69.7    76    82     282    (-,-) 
  core_g160425/Y    -       S0->Y F     CLKMX2X8      24 113.3   129   152     434    (-,-) 
  mprj_dat_o[11]    -       -     F     (port)         -     -     -     0     434    (-,-) 
#-------------------------------------------------------------------------------------------



Path 30: MET (3346 ps) Late External Delay Assertion at pin mprj_dat_o[10]
          Group: C2O
     Startpoint: (R) core_grant_reg/CK
          Clock: (R) myclock
       Endpoint: (F) mprj_dat_o[10]
          Clock: (R) myclock

                     Capture       Launch     
        Clock Edge:+    4000            0     
       Src Latency:+       0            0     
       Net Latency:+       0 (I)        0 (I) 
           Arrival:=    4000            0     
                                              
      Output Delay:-     200                  
       Uncertainty:-      20                  
     Required Time:=    3780                  
      Launch Clock:-       0                  
         Data Path:-     434                  
             Slack:=    3346                  

Exceptions/Constraints:
  output_delay             200             mgmt_core_wrapper.sd_line_24_664_1 

#-------------------------------------------------------------------------------------------
#   Timing Point    Flags   Arc   Edge   Cell     Fanout  Load Trans Delay Arrival Instance 
#                                                         (fF)  (ps)  (ps)   (ps)  Location 
#-------------------------------------------------------------------------------------------
  core_grant_reg/CK -       -     R     (arrival)   3708     -     0     0       0    (-,-) 
  core_grant_reg/Q  -       CK->Q F     DFFHQX1        8  14.9   100   101     101    (-,-) 
  core_g160999/Y    -       A->Y  F     BUFX3         27  47.8   120    99     200    (-,-) 
  core_g160995/Y    -       A->Y  F     BUFX8         38  69.7    76    82     282    (-,-) 
  core_g160424/Y    -       S0->Y F     CLKMX2X8      23 113.1   129   152     434    (-,-) 
  mprj_dat_o[10]    -       -     F     (port)         -     -     -     0     434    (-,-) 
#-------------------------------------------------------------------------------------------



Path 31: MET (3346 ps) Late External Delay Assertion at pin mprj_dat_o[22]
          Group: C2O
     Startpoint: (R) core_grant_reg/CK
          Clock: (R) myclock
       Endpoint: (F) mprj_dat_o[22]
          Clock: (R) myclock

                     Capture       Launch     
        Clock Edge:+    4000            0     
       Src Latency:+       0            0     
       Net Latency:+       0 (I)        0 (I) 
           Arrival:=    4000            0     
                                              
      Output Delay:-     200                  
       Uncertainty:-      20                  
     Required Time:=    3780                  
      Launch Clock:-       0                  
         Data Path:-     434                  
             Slack:=    3346                  

Exceptions/Constraints:
  output_delay             200             mgmt_core_wrapper.sd_line_24_652_1 

#-------------------------------------------------------------------------------------------
#   Timing Point    Flags   Arc   Edge   Cell     Fanout  Load Trans Delay Arrival Instance 
#                                                         (fF)  (ps)  (ps)   (ps)  Location 
#-------------------------------------------------------------------------------------------
  core_grant_reg/CK -       -     R     (arrival)   3708     -     0     0       0    (-,-) 
  core_grant_reg/Q  -       CK->Q F     DFFHQX1        8  14.9   100   101     101    (-,-) 
  core_g160999/Y    -       A->Y  F     BUFX3         27  47.8   120    99     200    (-,-) 
  core_g160995/Y    -       A->Y  F     BUFX8         38  69.7    76    82     282    (-,-) 
  core_g160403/Y    -       S0->Y F     CLKMX2X8      21 112.7   128   152     434    (-,-) 
  mprj_dat_o[22]    -       -     F     (port)         -     -     -     0     434    (-,-) 
#-------------------------------------------------------------------------------------------



Path 32: MET (3346 ps) Late External Delay Assertion at pin mprj_dat_o[14]
          Group: C2O
     Startpoint: (R) core_grant_reg/CK
          Clock: (R) myclock
       Endpoint: (F) mprj_dat_o[14]
          Clock: (R) myclock

                     Capture       Launch     
        Clock Edge:+    4000            0     
       Src Latency:+       0            0     
       Net Latency:+       0 (I)        0 (I) 
           Arrival:=    4000            0     
                                              
      Output Delay:-     200                  
       Uncertainty:-      20                  
     Required Time:=    3780                  
      Launch Clock:-       0                  
         Data Path:-     434                  
             Slack:=    3346                  

Exceptions/Constraints:
  output_delay             200             mgmt_core_wrapper.sd_line_24_660_1 

#-------------------------------------------------------------------------------------------
#   Timing Point    Flags   Arc   Edge   Cell     Fanout  Load Trans Delay Arrival Instance 
#                                                         (fF)  (ps)  (ps)   (ps)  Location 
#-------------------------------------------------------------------------------------------
  core_grant_reg/CK -       -     R     (arrival)   3708     -     0     0       0    (-,-) 
  core_grant_reg/Q  -       CK->Q F     DFFHQX1        8  14.9   100   101     101    (-,-) 
  core_g160999/Y    -       A->Y  F     BUFX3         27  47.8   120    99     200    (-,-) 
  core_g160995/Y    -       A->Y  F     BUFX8         38  69.7    76    82     282    (-,-) 
  core_g160394/Y    -       S0->Y F     CLKMX2X8      23 112.5   128   152     433    (-,-) 
  mprj_dat_o[14]    -       -     F     (port)         -     -     -     0     434    (-,-) 
#-------------------------------------------------------------------------------------------



Path 33: MET (3347 ps) Late External Delay Assertion at pin mprj_dat_o[12]
          Group: C2O
     Startpoint: (R) core_grant_reg/CK
          Clock: (R) myclock
       Endpoint: (F) mprj_dat_o[12]
          Clock: (R) myclock

                     Capture       Launch     
        Clock Edge:+    4000            0     
       Src Latency:+       0            0     
       Net Latency:+       0 (I)        0 (I) 
           Arrival:=    4000            0     
                                              
      Output Delay:-     200                  
       Uncertainty:-      20                  
     Required Time:=    3780                  
      Launch Clock:-       0                  
         Data Path:-     433                  
             Slack:=    3347                  

Exceptions/Constraints:
  output_delay             200             mgmt_core_wrapper.sd_line_24_662_1 

#-------------------------------------------------------------------------------------------
#   Timing Point    Flags   Arc   Edge   Cell     Fanout  Load Trans Delay Arrival Instance 
#                                                         (fF)  (ps)  (ps)   (ps)  Location 
#-------------------------------------------------------------------------------------------
  core_grant_reg/CK -       -     R     (arrival)   3708     -     0     0       0    (-,-) 
  core_grant_reg/Q  -       CK->Q F     DFFHQX1        8  14.9   100   101     101    (-,-) 
  core_g160999/Y    -       A->Y  F     BUFX3         27  47.8   120    99     200    (-,-) 
  core_g160995/Y    -       A->Y  F     BUFX8         38  69.7    76    82     282    (-,-) 
  core_g160426/Y    -       S0->Y F     CLKMX2X8      23 111.9   128   151     433    (-,-) 
  mprj_dat_o[12]    -       -     F     (port)         -     -     -     0     433    (-,-) 
#-------------------------------------------------------------------------------------------



Path 34: MET (3347 ps) Late External Delay Assertion at pin mprj_dat_o[28]
          Group: C2O
     Startpoint: (R) core_grant_reg/CK
          Clock: (R) myclock
       Endpoint: (F) mprj_dat_o[28]
          Clock: (R) myclock

                     Capture       Launch     
        Clock Edge:+    4000            0     
       Src Latency:+       0            0     
       Net Latency:+       0 (I)        0 (I) 
           Arrival:=    4000            0     
                                              
      Output Delay:-     200                  
       Uncertainty:-      20                  
     Required Time:=    3780                  
      Launch Clock:-       0                  
         Data Path:-     433                  
             Slack:=    3347                  

Exceptions/Constraints:
  output_delay             200             mgmt_core_wrapper.sd_line_24_646_1 

#-------------------------------------------------------------------------------------------
#   Timing Point    Flags   Arc   Edge   Cell     Fanout  Load Trans Delay Arrival Instance 
#                                                         (fF)  (ps)  (ps)   (ps)  Location 
#-------------------------------------------------------------------------------------------
  core_grant_reg/CK -       -     R     (arrival)   3708     -     0     0       0    (-,-) 
  core_grant_reg/Q  -       CK->Q F     DFFHQX1        8  14.9   100   101     101    (-,-) 
  core_g160999/Y    -       A->Y  F     BUFX3         27  47.8   120    99     200    (-,-) 
  core_g160995/Y    -       A->Y  F     BUFX8         38  69.7    76    82     282    (-,-) 
  core_g160413/Y    -       S0->Y F     CLKMX2X6      20 105.7   150   151     433    (-,-) 
  mprj_dat_o[28]    -       -     F     (port)         -     -     -     0     433    (-,-) 
#-------------------------------------------------------------------------------------------



Path 35: MET (3347 ps) Late External Delay Assertion at pin mprj_dat_o[26]
          Group: C2O
     Startpoint: (R) core_grant_reg/CK
          Clock: (R) myclock
       Endpoint: (F) mprj_dat_o[26]
          Clock: (R) myclock

                     Capture       Launch     
        Clock Edge:+    4000            0     
       Src Latency:+       0            0     
       Net Latency:+       0 (I)        0 (I) 
           Arrival:=    4000            0     
                                              
      Output Delay:-     200                  
       Uncertainty:-      20                  
     Required Time:=    3780                  
      Launch Clock:-       0                  
         Data Path:-     433                  
             Slack:=    3347                  

Exceptions/Constraints:
  output_delay             200             mgmt_core_wrapper.sd_line_24_648_1 

#-------------------------------------------------------------------------------------------
#   Timing Point    Flags   Arc   Edge   Cell     Fanout  Load Trans Delay Arrival Instance 
#                                                         (fF)  (ps)  (ps)   (ps)  Location 
#-------------------------------------------------------------------------------------------
  core_grant_reg/CK -       -     R     (arrival)   3708     -     0     0       0    (-,-) 
  core_grant_reg/Q  -       CK->Q F     DFFHQX1        8  14.9   100   101     101    (-,-) 
  core_g160999/Y    -       A->Y  F     BUFX3         27  47.8   120    99     200    (-,-) 
  core_g160995/Y    -       A->Y  F     BUFX8         38  69.7    76    82     282    (-,-) 
  core_g160409/Y    -       S0->Y F     CLKMX2X8      20 111.0   127   151     433    (-,-) 
  mprj_dat_o[26]    -       -     F     (port)         -     -     -     0     433    (-,-) 
#-------------------------------------------------------------------------------------------



Path 36: MET (3348 ps) Late External Delay Assertion at pin mprj_dat_o[16]
          Group: C2O
     Startpoint: (R) core_grant_reg/CK
          Clock: (R) myclock
       Endpoint: (F) mprj_dat_o[16]
          Clock: (R) myclock

                     Capture       Launch     
        Clock Edge:+    4000            0     
       Src Latency:+       0            0     
       Net Latency:+       0 (I)        0 (I) 
           Arrival:=    4000            0     
                                              
      Output Delay:-     200                  
       Uncertainty:-      20                  
     Required Time:=    3780                  
      Launch Clock:-       0                  
         Data Path:-     432                  
             Slack:=    3348                  

Exceptions/Constraints:
  output_delay             200             mgmt_core_wrapper.sd_line_24_658_1 

#-------------------------------------------------------------------------------------------
#   Timing Point    Flags   Arc   Edge   Cell     Fanout  Load Trans Delay Arrival Instance 
#                                                         (fF)  (ps)  (ps)   (ps)  Location 
#-------------------------------------------------------------------------------------------
  core_grant_reg/CK -       -     R     (arrival)   3708     -     0     0       0    (-,-) 
  core_grant_reg/Q  -       CK->Q F     DFFHQX1        8  14.9   100   101     101    (-,-) 
  core_g160999/Y    -       A->Y  F     BUFX3         27  47.8   120    99     200    (-,-) 
  core_g160995/Y    -       A->Y  F     BUFX8         38  69.7    76    82     282    (-,-) 
  core_g160414/Y    -       S0->Y F     CLKMX2X6      22 104.6   148   151     432    (-,-) 
  mprj_dat_o[16]    -       -     F     (port)         -     -     -     0     432    (-,-) 
#-------------------------------------------------------------------------------------------



Path 37: MET (3348 ps) Late External Delay Assertion at pin mprj_dat_o[31]
          Group: C2O
     Startpoint: (R) core_grant_reg/CK
          Clock: (R) myclock
       Endpoint: (F) mprj_dat_o[31]
          Clock: (R) myclock

                     Capture       Launch     
        Clock Edge:+    4000            0     
       Src Latency:+       0            0     
       Net Latency:+       0 (I)        0 (I) 
           Arrival:=    4000            0     
                                              
      Output Delay:-     200                  
       Uncertainty:-      20                  
     Required Time:=    3780                  
      Launch Clock:-       0                  
         Data Path:-     432                  
             Slack:=    3348                  

Exceptions/Constraints:
  output_delay             200             mgmt_core_wrapper.sd_line_24_643_1 

#-------------------------------------------------------------------------------------------
#   Timing Point    Flags   Arc   Edge   Cell     Fanout  Load Trans Delay Arrival Instance 
#                                                         (fF)  (ps)  (ps)   (ps)  Location 
#-------------------------------------------------------------------------------------------
  core_grant_reg/CK -       -     R     (arrival)   3708     -     0     0       0    (-,-) 
  core_grant_reg/Q  -       CK->Q F     DFFHQX1        8  14.9   100   101     101    (-,-) 
  core_g160999/Y    -       A->Y  F     BUFX3         27  47.8   120    99     200    (-,-) 
  core_g160995/Y    -       A->Y  F     BUFX8         38  69.7    76    82     282    (-,-) 
  core_g160407/Y    -       S0->Y F     CLKMX2X8      20 110.4   126   150     432    (-,-) 
  mprj_dat_o[31]    -       -     F     (port)         -     -     -     0     432    (-,-) 
#-------------------------------------------------------------------------------------------



Path 38: MET (3348 ps) Late External Delay Assertion at pin mprj_dat_o[29]
          Group: C2O
     Startpoint: (R) core_grant_reg/CK
          Clock: (R) myclock
       Endpoint: (F) mprj_dat_o[29]
          Clock: (R) myclock

                     Capture       Launch     
        Clock Edge:+    4000            0     
       Src Latency:+       0            0     
       Net Latency:+       0 (I)        0 (I) 
           Arrival:=    4000            0     
                                              
      Output Delay:-     200                  
       Uncertainty:-      20                  
     Required Time:=    3780                  
      Launch Clock:-       0                  
         Data Path:-     432                  
             Slack:=    3348                  

Exceptions/Constraints:
  output_delay             200             mgmt_core_wrapper.sd_line_24_645_1 

#-------------------------------------------------------------------------------------------
#   Timing Point    Flags   Arc   Edge   Cell     Fanout  Load Trans Delay Arrival Instance 
#                                                         (fF)  (ps)  (ps)   (ps)  Location 
#-------------------------------------------------------------------------------------------
  core_grant_reg/CK -       -     R     (arrival)   3708     -     0     0       0    (-,-) 
  core_grant_reg/Q  -       CK->Q F     DFFHQX1        8  14.9   100   101     101    (-,-) 
  core_g160999/Y    -       A->Y  F     BUFX3         27  47.8   120    99     200    (-,-) 
  core_g160995/Y    -       A->Y  F     BUFX8         38  69.7    76    82     282    (-,-) 
  core_g160405/Y    -       S0->Y F     CLKMX2X8      20 110.1   126   150     432    (-,-) 
  mprj_dat_o[29]    -       -     F     (port)         -     -     -     0     432    (-,-) 
#-------------------------------------------------------------------------------------------



Path 39: MET (3348 ps) Late External Delay Assertion at pin mprj_dat_o[20]
          Group: C2O
     Startpoint: (R) core_grant_reg/CK
          Clock: (R) myclock
       Endpoint: (F) mprj_dat_o[20]
          Clock: (R) myclock

                     Capture       Launch     
        Clock Edge:+    4000            0     
       Src Latency:+       0            0     
       Net Latency:+       0 (I)        0 (I) 
           Arrival:=    4000            0     
                                              
      Output Delay:-     200                  
       Uncertainty:-      20                  
     Required Time:=    3780                  
      Launch Clock:-       0                  
         Data Path:-     432                  
             Slack:=    3348                  

Exceptions/Constraints:
  output_delay             200             mgmt_core_wrapper.sd_line_24_654_1 

#-------------------------------------------------------------------------------------------
#   Timing Point    Flags   Arc   Edge   Cell     Fanout  Load Trans Delay Arrival Instance 
#                                                         (fF)  (ps)  (ps)   (ps)  Location 
#-------------------------------------------------------------------------------------------
  core_grant_reg/CK -       -     R     (arrival)   3708     -     0     0       0    (-,-) 
  core_grant_reg/Q  -       CK->Q F     DFFHQX1        8  14.9   100   101     101    (-,-) 
  core_g160999/Y    -       A->Y  F     BUFX3         27  47.8   120    99     200    (-,-) 
  core_g160995/Y    -       A->Y  F     BUFX8         38  69.7    76    82     282    (-,-) 
  core_g160398/Y    -       S0->Y F     CLKMX2X8      21 109.2   125   150     432    (-,-) 
  mprj_dat_o[20]    -       -     F     (port)         -     -     -     0     432    (-,-) 
#-------------------------------------------------------------------------------------------



Path 40: MET (3348 ps) Late External Delay Assertion at pin mprj_dat_o[23]
          Group: C2O
     Startpoint: (R) core_grant_reg/CK
          Clock: (R) myclock
       Endpoint: (F) mprj_dat_o[23]
          Clock: (R) myclock

                     Capture       Launch     
        Clock Edge:+    4000            0     
       Src Latency:+       0            0     
       Net Latency:+       0 (I)        0 (I) 
           Arrival:=    4000            0     
                                              
      Output Delay:-     200                  
       Uncertainty:-      20                  
     Required Time:=    3780                  
      Launch Clock:-       0                  
         Data Path:-     432                  
             Slack:=    3348                  

Exceptions/Constraints:
  output_delay             200             mgmt_core_wrapper.sd_line_24_651_1 

#-------------------------------------------------------------------------------------------
#   Timing Point    Flags   Arc   Edge   Cell     Fanout  Load Trans Delay Arrival Instance 
#                                                         (fF)  (ps)  (ps)   (ps)  Location 
#-------------------------------------------------------------------------------------------
  core_grant_reg/CK -       -     R     (arrival)   3708     -     0     0       0    (-,-) 
  core_grant_reg/Q  -       CK->Q F     DFFHQX1        8  14.9   100   101     101    (-,-) 
  core_g160999/Y    -       A->Y  F     BUFX3         27  47.8   120    99     200    (-,-) 
  core_g160995/Y    -       A->Y  F     BUFX8         38  69.7    76    82     282    (-,-) 
  core_g160433/Y    -       S0->Y F     CLKMX2X8      21 109.1   125   150     432    (-,-) 
  mprj_dat_o[23]    -       -     F     (port)         -     -     -     0     432    (-,-) 
#-------------------------------------------------------------------------------------------



Path 41: MET (3349 ps) Late External Delay Assertion at pin mprj_dat_o[30]
          Group: C2O
     Startpoint: (R) core_grant_reg/CK
          Clock: (R) myclock
       Endpoint: (F) mprj_dat_o[30]
          Clock: (R) myclock

                     Capture       Launch     
        Clock Edge:+    4000            0     
       Src Latency:+       0            0     
       Net Latency:+       0 (I)        0 (I) 
           Arrival:=    4000            0     
                                              
      Output Delay:-     200                  
       Uncertainty:-      20                  
     Required Time:=    3780                  
      Launch Clock:-       0                  
         Data Path:-     431                  
             Slack:=    3349                  

Exceptions/Constraints:
  output_delay             200             mgmt_core_wrapper.sd_line_24_644_1 

#-------------------------------------------------------------------------------------------
#   Timing Point    Flags   Arc   Edge   Cell     Fanout  Load Trans Delay Arrival Instance 
#                                                         (fF)  (ps)  (ps)   (ps)  Location 
#-------------------------------------------------------------------------------------------
  core_grant_reg/CK -       -     R     (arrival)   3708     -     0     0       0    (-,-) 
  core_grant_reg/Q  -       CK->Q F     DFFHQX1        8  14.9   100   101     101    (-,-) 
  core_g160999/Y    -       A->Y  F     BUFX3         27  47.8   120    99     200    (-,-) 
  core_g160995/Y    -       A->Y  F     BUFX8         38  69.7    76    82     282    (-,-) 
  core_g160406/Y    -       S0->Y F     CLKMX2X8      20 107.7   124   149     431    (-,-) 
  mprj_dat_o[30]    -       -     F     (port)         -     -     -     0     431    (-,-) 
#-------------------------------------------------------------------------------------------



Path 42: MET (3350 ps) Late External Delay Assertion at pin mprj_dat_o[18]
          Group: C2O
     Startpoint: (R) core_grant_reg/CK
          Clock: (R) myclock
       Endpoint: (F) mprj_dat_o[18]
          Clock: (R) myclock

                     Capture       Launch     
        Clock Edge:+    4000            0     
       Src Latency:+       0            0     
       Net Latency:+       0 (I)        0 (I) 
           Arrival:=    4000            0     
                                              
      Output Delay:-     200                  
       Uncertainty:-      20                  
     Required Time:=    3780                  
      Launch Clock:-       0                  
         Data Path:-     430                  
             Slack:=    3350                  

Exceptions/Constraints:
  output_delay             200             mgmt_core_wrapper.sd_line_24_656_1 

#-------------------------------------------------------------------------------------------
#   Timing Point    Flags   Arc   Edge   Cell     Fanout  Load Trans Delay Arrival Instance 
#                                                         (fF)  (ps)  (ps)   (ps)  Location 
#-------------------------------------------------------------------------------------------
  core_grant_reg/CK -       -     R     (arrival)   3708     -     0     0       0    (-,-) 
  core_grant_reg/Q  -       CK->Q F     DFFHQX1        8  14.9   100   101     101    (-,-) 
  core_g160999/Y    -       A->Y  F     BUFX3         27  47.8   120    99     200    (-,-) 
  core_g160995/Y    -       A->Y  F     BUFX8         38  69.7    76    82     282    (-,-) 
  core_g160400/Y    -       S0->Y F     CLKMX2X6      21 102.0   145   149     430    (-,-) 
  mprj_dat_o[18]    -       -     F     (port)         -     -     -     0     430    (-,-) 
#-------------------------------------------------------------------------------------------



Path 43: MET (3350 ps) Late External Delay Assertion at pin mprj_dat_o[19]
          Group: C2O
     Startpoint: (R) core_grant_reg/CK
          Clock: (R) myclock
       Endpoint: (F) mprj_dat_o[19]
          Clock: (R) myclock

                     Capture       Launch     
        Clock Edge:+    4000            0     
       Src Latency:+       0            0     
       Net Latency:+       0 (I)        0 (I) 
           Arrival:=    4000            0     
                                              
      Output Delay:-     200                  
       Uncertainty:-      20                  
     Required Time:=    3780                  
      Launch Clock:-       0                  
         Data Path:-     430                  
             Slack:=    3350                  

Exceptions/Constraints:
  output_delay             200             mgmt_core_wrapper.sd_line_24_655_1 

#-------------------------------------------------------------------------------------------
#   Timing Point    Flags   Arc   Edge   Cell     Fanout  Load Trans Delay Arrival Instance 
#                                                         (fF)  (ps)  (ps)   (ps)  Location 
#-------------------------------------------------------------------------------------------
  core_grant_reg/CK -       -     R     (arrival)   3708     -     0     0       0    (-,-) 
  core_grant_reg/Q  -       CK->Q F     DFFHQX1        8  14.9   100   101     101    (-,-) 
  core_g160999/Y    -       A->Y  F     BUFX3         27  47.8   120    99     200    (-,-) 
  core_g160995/Y    -       A->Y  F     BUFX8         38  69.7    76    82     282    (-,-) 
  core_g160402/Y    -       S0->Y F     CLKMX2X8      21 106.7   123   148     430    (-,-) 
  mprj_dat_o[19]    -       -     F     (port)         -     -     -     0     430    (-,-) 
#-------------------------------------------------------------------------------------------



Path 44: MET (3350 ps) Late External Delay Assertion at pin mprj_dat_o[17]
          Group: C2O
     Startpoint: (R) core_grant_reg/CK
          Clock: (R) myclock
       Endpoint: (F) mprj_dat_o[17]
          Clock: (R) myclock

                     Capture       Launch     
        Clock Edge:+    4000            0     
       Src Latency:+       0            0     
       Net Latency:+       0 (I)        0 (I) 
           Arrival:=    4000            0     
                                              
      Output Delay:-     200                  
       Uncertainty:-      20                  
     Required Time:=    3780                  
      Launch Clock:-       0                  
         Data Path:-     430                  
             Slack:=    3350                  

Exceptions/Constraints:
  output_delay             200             mgmt_core_wrapper.sd_line_24_657_1 

#-------------------------------------------------------------------------------------------
#   Timing Point    Flags   Arc   Edge   Cell     Fanout  Load Trans Delay Arrival Instance 
#                                                         (fF)  (ps)  (ps)   (ps)  Location 
#-------------------------------------------------------------------------------------------
  core_grant_reg/CK -       -     R     (arrival)   3708     -     0     0       0    (-,-) 
  core_grant_reg/Q  -       CK->Q F     DFFHQX1        8  14.9   100   101     101    (-,-) 
  core_g160999/Y    -       A->Y  F     BUFX3         27  47.8   120    99     200    (-,-) 
  core_g160995/Y    -       A->Y  F     BUFX8         38  69.7    76    82     282    (-,-) 
  core_g160412/Y    -       S0->Y F     CLKMX2X6      21 101.3   144   148     430    (-,-) 
  mprj_dat_o[17]    -       -     F     (port)         -     -     -     0     430    (-,-) 
#-------------------------------------------------------------------------------------------



Path 45: MET (3365 ps) Late External Delay Assertion at pin mprj_adr_o[6]
          Group: C2O
     Startpoint: (R) core_grant_reg/CK
          Clock: (R) myclock
       Endpoint: (F) mprj_adr_o[6]
          Clock: (R) myclock

                     Capture       Launch     
        Clock Edge:+    4000            0     
       Src Latency:+       0            0     
       Net Latency:+       0 (I)        0 (I) 
           Arrival:=    4000            0     
                                              
      Output Delay:-     200                  
       Uncertainty:-      20                  
     Required Time:=    3780                  
      Launch Clock:-       0                  
         Data Path:-     415                  
             Slack:=    3365                  

Exceptions/Constraints:
  output_delay             200             mgmt_core_wrapper.sd_line_24_636_1 

#------------------------------------------------------------------------------------------
#   Timing Point    Flags   Arc   Edge   Cell     Fanout Load Trans Delay Arrival Instance 
#                                                        (fF)  (ps)  (ps)   (ps)  Location 
#------------------------------------------------------------------------------------------
  core_grant_reg/CK -       -     R     (arrival)   3708    -     0     0       0    (-,-) 
  core_grant_reg/Q  -       CK->Q F     DFFHQX1        8 14.9   100   101     101    (-,-) 
  core_g160999/Y    -       A->Y  F     BUFX3         27 47.8   120    99     200    (-,-) 
  core_g160521/Y    -       S0->Y R     MXI2XL         1  5.2   134   110     310    (-,-) 
  core_g160384/Y    -       A->Y  F     CLKINVX6       9 97.6   147   105     415    (-,-) 
  mprj_adr_o[6]     -       -     F     (port)         -    -     -     0     415    (-,-) 
#------------------------------------------------------------------------------------------



Path 46: MET (3370 ps) Late External Delay Assertion at pin mprj_adr_o[7]
          Group: C2O
     Startpoint: (R) core_grant_reg/CK
          Clock: (R) myclock
       Endpoint: (F) mprj_adr_o[7]
          Clock: (R) myclock

                     Capture       Launch     
        Clock Edge:+    4000            0     
       Src Latency:+       0            0     
       Net Latency:+       0 (I)        0 (I) 
           Arrival:=    4000            0     
                                              
      Output Delay:-     200                  
       Uncertainty:-      20                  
     Required Time:=    3780                  
      Launch Clock:-       0                  
         Data Path:-     410                  
             Slack:=    3370                  

Exceptions/Constraints:
  output_delay             200             mgmt_core_wrapper.sd_line_24_635_1 

#------------------------------------------------------------------------------------------
#   Timing Point    Flags   Arc   Edge   Cell     Fanout Load Trans Delay Arrival Instance 
#                                                        (fF)  (ps)  (ps)   (ps)  Location 
#------------------------------------------------------------------------------------------
  core_grant_reg/CK -       -     R     (arrival)   3708    -     0     0       0    (-,-) 
  core_grant_reg/Q  -       CK->Q F     DFFHQX1        8 14.9   100   101     101    (-,-) 
  core_g160999/Y    -       A->Y  F     BUFX3         27 47.8   120    99     200    (-,-) 
  core_g160508/Y    -       S0->Y R     MXI2XL         1  5.2   134   110     310    (-,-) 
  core_g160378/Y    -       A->Y  F     CLKINVX6       9 91.1   139   100     410    (-,-) 
  mprj_adr_o[7]     -       -     F     (port)         -    -     -     0     410    (-,-) 
#------------------------------------------------------------------------------------------



Path 47: MET (3374 ps) Late External Delay Assertion at pin mprj_adr_o[15]
          Group: C2O
     Startpoint: (R) core_grant_reg/CK
          Clock: (R) myclock
       Endpoint: (F) mprj_adr_o[15]
          Clock: (R) myclock

                     Capture       Launch     
        Clock Edge:+    4000            0     
       Src Latency:+       0            0     
       Net Latency:+       0 (I)        0 (I) 
           Arrival:=    4000            0     
                                              
      Output Delay:-     200                  
       Uncertainty:-      20                  
     Required Time:=    3780                  
      Launch Clock:-       0                  
         Data Path:-     406                  
             Slack:=    3374                  

Exceptions/Constraints:
  output_delay             200             mgmt_core_wrapper.sd_line_24_627_1 

#------------------------------------------------------------------------------------------
#   Timing Point    Flags   Arc   Edge   Cell     Fanout Load Trans Delay Arrival Instance 
#                                                        (fF)  (ps)  (ps)   (ps)  Location 
#------------------------------------------------------------------------------------------
  core_grant_reg/CK -       -     R     (arrival)   3708    -     0     0       0    (-,-) 
  core_grant_reg/Q  -       CK->Q F     DFFHQX1        8 14.9   100   101     101    (-,-) 
  core_g160999/Y    -       A->Y  F     BUFX3         27 47.8   120    99     200    (-,-) 
  core_g160995/Y    -       A->Y  F     BUFX8         38 69.7    76    82     282    (-,-) 
  core_g160534/Y    -       S0->Y F     CLKMX2X4       7 61.5   126   125     406    (-,-) 
  mprj_adr_o[15]    -       -     F     (port)         -    -     -     0     406    (-,-) 
#------------------------------------------------------------------------------------------



Path 48: MET (3394 ps) Late External Delay Assertion at pin mprj_adr_o[30]
          Group: C2O
     Startpoint: (R) core_grant_reg/CK
          Clock: (R) myclock
       Endpoint: (F) mprj_adr_o[30]
          Clock: (R) myclock

                     Capture       Launch     
        Clock Edge:+    4000            0     
       Src Latency:+       0            0     
       Net Latency:+       0 (I)        0 (I) 
           Arrival:=    4000            0     
                                              
      Output Delay:-     200                  
       Uncertainty:-      20                  
     Required Time:=    3780                  
      Launch Clock:-       0                  
         Data Path:-     386                  
             Slack:=    3394                  

Exceptions/Constraints:
  output_delay             200             mgmt_core_wrapper.sd_line_24_612_1 

#------------------------------------------------------------------------------------------
#   Timing Point    Flags   Arc   Edge   Cell     Fanout Load Trans Delay Arrival Instance 
#                                                        (fF)  (ps)  (ps)   (ps)  Location 
#------------------------------------------------------------------------------------------
  core_grant_reg/CK -       -     R     (arrival)   3708    -     0     0       0    (-,-) 
  core_grant_reg/Q  -       CK->Q F     DFFHQX1        8 14.9   100   101     101    (-,-) 
  core_g160999/Y    -       A->Y  F     BUFX3         27 47.8   120    99     200    (-,-) 
  core_g160526/Y    -       S0->Y R     MXI2X1         3  7.2   118    98     297    (-,-) 
  core_g160386/Y    -       A->Y  F     CLKINVX4       3 55.3   124    89     386    (-,-) 
  mprj_adr_o[30]    -       -     F     (port)         -    -     -     0     386    (-,-) 
#------------------------------------------------------------------------------------------



Path 49: MET (3418 ps) Late External Delay Assertion at pin mprj_adr_o[8]
          Group: C2O
     Startpoint: (R) core_grant_reg/CK
          Clock: (R) myclock
       Endpoint: (F) mprj_adr_o[8]
          Clock: (R) myclock

                     Capture       Launch     
        Clock Edge:+    4000            0     
       Src Latency:+       0            0     
       Net Latency:+       0 (I)        0 (I) 
           Arrival:=    4000            0     
                                              
      Output Delay:-     200                  
       Uncertainty:-      20                  
     Required Time:=    3780                  
      Launch Clock:-       0                  
         Data Path:-     362                  
             Slack:=    3418                  

Exceptions/Constraints:
  output_delay             200             mgmt_core_wrapper.sd_line_24_634_1 

#-------------------------------------------------------------------------------------------
#   Timing Point    Flags   Arc   Edge   Cell     Fanout  Load Trans Delay Arrival Instance 
#                                                         (fF)  (ps)  (ps)   (ps)  Location 
#-------------------------------------------------------------------------------------------
  core_grant_reg/CK -       -     R     (arrival)   3708     -     0     0       0    (-,-) 
  core_grant_reg/Q  -       CK->Q F     DFFHQX1        8  14.9   100   101     101    (-,-) 
  core_g160999/Y    -       A->Y  F     BUFX3         27  47.8   120    99     200    (-,-) 
  core_g160519/Y    -       S0->Y F     CLKMX2X6       8 103.7   148   162     362    (-,-) 
  mprj_adr_o[8]     -       -     F     (port)         -     -     -     0     362    (-,-) 
#-------------------------------------------------------------------------------------------



Path 50: MET (3423 ps) Late External Delay Assertion at pin mprj_adr_o[4]
          Group: C2O
     Startpoint: (R) core_grant_reg/CK
          Clock: (R) myclock
       Endpoint: (F) mprj_adr_o[4]
          Clock: (R) myclock

                     Capture       Launch     
        Clock Edge:+    4000            0     
       Src Latency:+       0            0     
       Net Latency:+       0 (I)        0 (I) 
           Arrival:=    4000            0     
                                              
      Output Delay:-     200                  
       Uncertainty:-      20                  
     Required Time:=    3780                  
      Launch Clock:-       0                  
         Data Path:-     357                  
             Slack:=    3423                  

Exceptions/Constraints:
  output_delay             200             mgmt_core_wrapper.sd_line_24_638_1 

#------------------------------------------------------------------------------------------
#   Timing Point    Flags   Arc   Edge   Cell     Fanout Load Trans Delay Arrival Instance 
#                                                        (fF)  (ps)  (ps)   (ps)  Location 
#------------------------------------------------------------------------------------------
  core_grant_reg/CK -       -     R     (arrival)   3708    -     0     0       0    (-,-) 
  core_grant_reg/Q  -       CK->Q F     DFFHQX1        8 14.9   100   101     101    (-,-) 
  core_g160999/Y    -       A->Y  F     BUFX3         27 47.8   120    99     200    (-,-) 
  core_g160522/Y    -       S0->Y F     CLKMX2X6       8 96.9   140   157     357    (-,-) 
  mprj_adr_o[4]     -       -     F     (port)         -    -     -     0     357    (-,-) 
#------------------------------------------------------------------------------------------

