============================================================
  Generated by:           Genus(TM) Synthesis Solution 22.13-s093_1
  Generated on:           Apr 13 2026  06:53:32 pm
  Module:                 mgmt_core_wrapper
  Operating conditions:   PVT_1P1V_0C 
  Interconnect mode:      global
  Area mode:              physical library
============================================================

Some unconstrained paths have not been displayed.
Use -unconstrained or set the root attribute 'timing_report_unconstrained' to 'true' to see only these unconstrained paths.

============================================================
  Generated by:           Genus(TM) Synthesis Solution 22.13-s093_1
  Generated on:           Apr 13 2026  06:53:32 pm
  Module:                 mgmt_core_wrapper
  Operating conditions:   PVT_1P1V_0C 
  Interconnect mode:      global
  Area mode:              physical library
============================================================

No paths found

============================================================
  Generated by:           Genus(TM) Synthesis Solution 22.13-s093_1
  Generated on:           Apr 13 2026  06:53:32 pm
  Module:                 mgmt_core_wrapper
  Operating conditions:   PVT_1P1V_0C 
  Interconnect mode:      global
  Area mode:              physical library
============================================================


Path 1: MET (3348 ps) Setup Check with Pin core/picorv32/mem_do_wdata_reg/clk->srl
          Group: I2C
     Startpoint: (R) mprj_ack_i
          Clock: (R) myclock
       Endpoint: (R) core/picorv32/mem_do_wdata_reg/srl
          Clock: (R) myclock

                     Capture       Launch     
        Clock Edge:+    4000            0     
        Drv Adjust:+       0            0     
       Src Latency:+       0            0     
       Net Latency:+       0 (I)        0 (I) 
           Arrival:=    4000            0     
                                              
             Setup:-      51                  
       Uncertainty:-      20                  
     Required Time:=    3929                  
      Launch Clock:-       0                  
       Input Delay:-     100                  
         Data Path:-     481                  
             Slack:=    3348                  

Exceptions/Constraints:
  input_delay             100             mgmt_core_wrapper.sd_line_18_131_1 

#----------------------------------------------------------------------------------------------------------------------------------
#                  Timing Point                    Flags     Arc    Edge      Cell        Fanout Load Trans Delay Arrival Instance 
#                                                                                                (fF)  (ps)  (ps)   (ps)  Location 
#----------------------------------------------------------------------------------------------------------------------------------
  mprj_ack_i                                       (u)     -        R     (arrival)            1  1.1    15     0     100    (-,-) 
  core/g4741/z                                     (u)     in_1->z  R     unmapped_or2         1  1.1     0    20     120    (-,-) 
  core/g4742/z                                     (u)     in_3->z  R     unmapped_or4         1  1.1     0    45     165    (-,-) 
  core/mux_shared_ack_2218_9/g1/z                  (u)     data0->z R     unmapped_bmux2       3  3.3     0    45     210    (-,-) 
  core/g5/z                                        (u)     in_0->z  R     unmapped_and2        2  2.2     0    23     234    (-,-) 
  core/picorv32/g1/z                               (u)     in_1->z  R     unmapped_and2       67 11.0     0    54     287    (-,-) 
  core/picorv32/g583/z                             (u)     in_0->z  R     unmapped_and2        1  1.1     0    20     307    (-,-) 
  core/picorv32/g586/z                             (u)     in_0->z  R     unmapped_and2        1  1.1     0    20     327    (-,-) 
  core/picorv32/g589/z                             (u)     in_0->z  R     unmapped_or2         1  1.1     0    20     346    (-,-) 
  core/picorv32/g590/z                             (u)     in_1->z  R     unmapped_and2        5  5.5     0    30     377    (-,-) 
  core/picorv32/g2359/z                            (u)     in_1->z  R     unmapped_or2         6  6.6     0    32     409    (-,-) 
  core/picorv32/mux_set_mem_do_wdata_1852_26/g1/z  (u)     sel0->z  F     unmapped_bmux2       1  1.0     0    39     448    (-,-) 
  core/picorv32/mux_set_mem_do_wdata_1481_395/g1/z (u)     data0->z F     unmapped_mux2        1  1.0     0    32     480    (-,-) 
  core/picorv32/mux_set_mem_do_wdata_1452_7/g1/z   (u)     data0->z F     unmapped_bmux2       3  3.0     0    45     525    (-,-) 
  core/picorv32/g396/z                             (u)     in_0->z  R     unmapped_not         1  1.1     0    13     538    (-,-) 
  core/picorv32/g528/z                             (u)     in_1->z  R     unmapped_and2        1  1.1     0    20     558    (-,-) 
  core/picorv32/g2699/z                            (u)     in_0->z  R     unmapped_or2         1  2.2     0    23     581    (-,-) 
  core/picorv32/mem_do_wdata_reg/srl               -       -        R     unmapped_d_flop      1    -     -     0     581    (-,-) 
#----------------------------------------------------------------------------------------------------------------------------------

(u) : Net has unmapped pin(s).

============================================================
  Generated by:           Genus(TM) Synthesis Solution 22.13-s093_1
  Generated on:           Apr 13 2026  06:53:32 pm
  Module:                 mgmt_core_wrapper
  Operating conditions:   PVT_1P1V_0C 
  Interconnect mode:      global
  Area mode:              physical library
============================================================


Path 1: MET (3418 ps) Late External Delay Assertion at pin hk_cyc_o
          Group: C2O
     Startpoint: (R) core/uartwishbonebridge_state_reg[1]/clk
          Clock: (R) myclock
       Endpoint: (R) hk_cyc_o
          Clock: (R) myclock

                     Capture       Launch     
        Clock Edge:+    4000            0     
       Src Latency:+       0            0     
       Net Latency:+       0 (I)        0 (I) 
           Arrival:=    4000            0     
                                              
      Output Delay:-     200                  
       Uncertainty:-      20                  
     Required Time:=    3780                  
      Launch Clock:-       0                  
         Data Path:-     362                  
             Slack:=    3418                  

Exceptions/Constraints:
  output_delay             200             mgmt_core_wrapper.sd_line_24_675_1 

#----------------------------------------------------------------------------------------------------------------------------------
#                  Timing Point                    Flags     Arc    Edge      Cell        Fanout Load Trans Delay Arrival Instance 
#                                                                                                (fF)  (ps)  (ps)   (ps)  Location 
#----------------------------------------------------------------------------------------------------------------------------------
  core/uartwishbonebridge_state_reg[1]/clk         -       -        R     (arrival)         4516    -     0     0       0    (-,-) 
  core/uartwishbonebridge_state_reg[1]/q           (u)     clk->q   F     unmapped_d_flop     19 19.0     0   108     108    (-,-) 
  core/ctl_5271_11/g3/z                            (u)     in_0->z  R     unmapped_not         2  2.2     0    16     125    (-,-) 
  core/ctl_5271_11/g2/z                            (u)     in_0->z  F     unmapped_nand2       3  3.0     0    26     151    (-,-) 
  core/ctl_5271_11/g12/z                           (u)     in_0->z  R     unmapped_nor2        5  5.5     0    30     181    (-,-) 
  core/mux_cmbsop_dbg_uart_is_ongoing_5271_11/g5/z (u)     sel4->z  R     unmapped_mux7        3  3.3     0    77     258    (-,-) 
  core/mux_comb_self3_7470_11/g1/z                 (u)     data1->z R     unmapped_bmux2       7  7.7     0    53     311    (-,-) 
  core/g11/z                                       (u)     in_0->z  R     unmapped_and2        1 52.4     0    50     362    (-,-) 
  hk_cyc_o                                         -       -        R     (port)               -    -     -     0     362    (-,-) 
#----------------------------------------------------------------------------------------------------------------------------------

(u) : Net has unmapped pin(s).

============================================================
  Generated by:           Genus(TM) Synthesis Solution 22.13-s093_1
  Generated on:           Apr 13 2026  06:53:32 pm
  Module:                 mgmt_core_wrapper
  Operating conditions:   PVT_1P1V_0C 
  Interconnect mode:      global
  Area mode:              physical library
============================================================


Path 1: MET (2982 ps) Setup Check with Pin core/mgmtsoc_litespisdrphycore_sr_out_reg[31]/clk->d
          Group: C2C
     Startpoint: (R) core/grant_reg/clk
          Clock: (R) myclock
       Endpoint: (R) core/mgmtsoc_litespisdrphycore_sr_out_reg[31]/d
          Clock: (R) myclock

                     Capture       Launch     
        Clock Edge:+    4000            0     
       Src Latency:+       0            0     
       Net Latency:+       0 (I)        0 (I) 
           Arrival:=    4000            0     
                                              
             Setup:-      51                  
       Uncertainty:-      20                  
     Required Time:=    3929                  
      Launch Clock:-       0                  
         Data Path:-     946                  
             Slack:=    2982                  

#-------------------------------------------------------------------------------------------------------------------------------------------------
#                         Timing Point                           Flags     Arc    Edge      Cell        Fanout  Load Trans Delay Arrival Instance 
#                                                                                                               (fF)  (ps)  (ps)   (ps)  Location 
#-------------------------------------------------------------------------------------------------------------------------------------------------
  core/grant_reg/clk                                             -       -        R     (arrival)         4516     -     0     0       0    (-,-) 
  core/grant_reg/q                                               (u)     clk->q   R     unmapped_d_flop     74   9.9     0   113     113    (-,-) 
  core/mux_comb_self0_7437_11/g29/z                              (u)     sel0->z  R     unmapped_bmux2      10 101.8     0    73     186    (-,-) 
  core/sub_3089_86/g37/z                                         (u)     in_0->z  F     unmapped_nor2        1   1.0     0    20     206    (-,-) 
  core/sub_3089_86/g95/z                                         (u)     in_0->z  R     unmapped_not         2   2.2     0    16     222    (-,-) 
  core/sub_3089_86/g96/z                                         (u)     in_1->z  F     unmapped_nand2       1   1.0     0    20     242    (-,-) 
  core/sub_3089_86/g97/z                                         (u)     in_1->z  R     unmapped_nand2       3   3.3     0    26     268    (-,-) 
  core/sub_3089_86/g157/z                                        (u)     in_1->z  F     unmapped_nand2       1   1.0     0    20     288    (-,-) 
  core/sub_3089_86/g158/z                                        (u)     in_1->z  R     unmapped_nand2       5   5.5     0    30     318    (-,-) 
  core/sub_3089_86/g228/z                                        (u)     in_0->z  F     unmapped_nand2       1   1.0     0    20     338    (-,-) 
  core/sub_3089_86/g229/z                                        (u)     in_1->z  R     unmapped_nand2       9   9.9     0    37     375    (-,-) 
  core/sub_3089_86/g290/z                                        (u)     in_1->z  F     unmapped_nand2       1   1.0     0    20     394    (-,-) 
  core/sub_3089_86/g291/z                                        (u)     in_1->z  R     unmapped_nand2      14  15.4     0    43     437    (-,-) 
  core/sub_3089_86/g323/z                                        (u)     in_0->z  F     unmapped_nand2       1   1.0     0    20     457    (-,-) 
  core/sub_3089_86/g324/z                                        (u)     in_1->z  R     unmapped_nand2       1   1.1     0    20     476    (-,-) 
  core/sub_3089_86/g401/z                                        (u)     in_0->z  R     unmapped_xnor2       1   1.1     0    39     516    (-,-) 
  core/mux_mgmtsoc_litespimmap_source_payload_data_3076_11/g13/z (u)     data1->z R     unmapped_mux5        1   1.1     0    68     583    (-,-) 
  core/mux_litespi_tx_mux_source_payload_data_2626_11/g13/z      (u)     data0->z R     unmapped_bmux2       2   2.2     0    43     626    (-,-) 
  core/sll_7765_90/g177/z                                        (u)     data0->z R     unmapped_mux2        2   2.2     0    36     662    (-,-) 
  core/sll_7765_90/g209/z                                        (u)     data0->z R     unmapped_mux2        2   2.2     0    36     697    (-,-) 
  core/sll_7765_90/g237/z                                        (u)     data1->z R     unmapped_mux2        2   2.2     0    36     733    (-,-) 
  core/sll_7765_90/g261/z                                        (u)     data1->z R     unmapped_mux2        1   1.1     0    32     765    (-,-) 
  core/sll_7765_90/g293/z                                        (u)     data0->z R     unmapped_mux2        1   1.1     0    32     797    (-,-) 
  core/mux_7765_90/g1/z                                          (u)     data0->z R     unmapped_bmux2       2   2.2     0    43     840    (-,-) 
  core/mux_mgmtsoc_litespisdrphycore_sr_out_7768_15/g1/z         (u)     data4->z R     unmapped_mux5        1   1.1     0    68     907    (-,-) 
  core/mux_mgmtsoc_litespisdrphycore_sr_out_7767_9/g1/z          (u)     data1->z R     unmapped_bmux2       1   1.1     0    39     946    (-,-) 
  core/mgmtsoc_litespisdrphycore_sr_out_reg[31]/d                -       -        R     unmapped_d_flop      1     -     -     0     946    (-,-) 
#-------------------------------------------------------------------------------------------------------------------------------------------------

(u) : Net has unmapped pin(s).

============================================================
  Generated by:           Genus(TM) Synthesis Solution 22.13-s093_1
  Generated on:           Apr 13 2026  06:53:32 pm
  Module:                 mgmt_core_wrapper
  Operating conditions:   PVT_1P1V_0C 
  Interconnect mode:      global
  Area mode:              physical library
============================================================


Path 1: MET (3610 ps) Late External Delay Assertion at pin ser_tx
          Group: I2O
     Startpoint: (R) debug_in
          Clock: (R) myclock
       Endpoint: (R) ser_tx
          Clock: (R) myclock

                     Capture       Launch     
        Clock Edge:+    4000            0     
        Drv Adjust:+       0            0     
       Src Latency:+       0            0     
       Net Latency:+       0 (I)        0 (I) 
           Arrival:=    4000            0     
                                              
      Output Delay:-     200                  
       Uncertainty:-      20                  
     Required Time:=    3780                  
      Launch Clock:-       0                  
       Input Delay:-     100                  
         Data Path:-      70                  
             Slack:=    3610                  

Exceptions/Constraints:
  input_delay              100             mgmt_core_wrapper.sd_line_18_205_1 
  output_delay             200             mgmt_core_wrapper.sd_line_24_684_1 

#---------------------------------------------------------------------------------------------------------------
#          Timing Point           Flags    Arc    Edge      Cell       Fanout Load Trans Delay Arrival Instance 
#                                                                             (fF)  (ps)  (ps)   (ps)  Location 
#---------------------------------------------------------------------------------------------------------------
  debug_in                        (u)     -       R     (arrival)           4  5.5    15     0     100    (-,-) 
  core/mux_serial_tx_2085_19/g1/z (u)     sel0->z R     unmapped_bmux2      1 52.4     0    70     170    (-,-) 
  ser_tx                          -       -       R     (port)              -    -     -     0     170    (-,-) 
#---------------------------------------------------------------------------------------------------------------

(u) : Net has unmapped pin(s).

