============================================================
  Generated by:           Genus(TM) Synthesis Solution 22.13-s093_1
  Generated on:           Apr 13 2026  06:56:01 pm
  Module:                 mgmt_core_wrapper
  Operating conditions:   PVT_1P1V_0C 
  Interconnect mode:      global
  Area mode:              physical library
============================================================


Path 1: MET (1794 ps) Setup Check with Pin core_picorv32_alu_out_q_reg[31]/CK->D
          Group: C2C
     Startpoint: (R) core_picorv32_is_lui_auipc_jal_jalr_addi_add_sub_reg/CK
          Clock: (R) myclock
       Endpoint: (F) core_picorv32_alu_out_q_reg[31]/D
          Clock: (R) myclock

                     Capture       Launch     
        Clock Edge:+    4000            0     
       Src Latency:+       0            0     
       Net Latency:+       0 (I)        0 (I) 
           Arrival:=    4000            0     
                                              
             Setup:-      25                  
       Uncertainty:-      20                  
     Required Time:=    3955                  
      Launch Clock:-       0                  
         Data Path:-    2162                  
             Slack:=    1794                  

#----------------------------------------------------------------------------------------------------------------------------------
#                      Timing Point                        Flags    Arc   Edge   Cell     Fanout Load Trans Delay Arrival Instance 
#                                                                                                (fF)  (ps)  (ps)   (ps)  Location 
#----------------------------------------------------------------------------------------------------------------------------------
  core_picorv32_is_lui_auipc_jal_jalr_addi_add_sub_reg/CK  -       -      R     (arrival)   3708    -     0     0       0    (-,-) 
  core_picorv32_is_lui_auipc_jal_jalr_addi_add_sub_reg/Q   -       CK->Q  R     DFFQX4        33 56.2   100   106     106    (-,-) 
  core_g139147/Y                                           -       B->Y   R     AND2X1         2  6.6    48    65     171    (-,-) 
  core_picorv32_sub_1235_38_Y_picorv32_add_1235_58_g1023/Y -       A->Y   F     CLKINVX4      32 54.7   110    71     242    (-,-) 
  core_picorv32_sub_1235_38_Y_picorv32_add_1235_58_g991/Y  -       B->Y   F     XNOR2X1        1  3.1    25    58     300    (-,-) 
  core_picorv32_sub_1235_38_Y_picorv32_add_1235_58_g989/CO -       CI->CO F     ADDFX1         1  3.1    28    55     355    (-,-) 
  core_picorv32_sub_1235_38_Y_picorv32_add_1235_58_g988/CO -       CI->CO F     ADDFX1         1  3.1    28    55     410    (-,-) 
  core_picorv32_sub_1235_38_Y_picorv32_add_1235_58_g987/CO -       CI->CO F     ADDFX1         1  3.1    28    55     465    (-,-) 
  core_picorv32_sub_1235_38_Y_picorv32_add_1235_58_g986/CO -       CI->CO F     ADDFX1         1  3.1    28    55     521    (-,-) 
  core_picorv32_sub_1235_38_Y_picorv32_add_1235_58_g985/CO -       CI->CO F     ADDFX1         1  3.1    28    55     576    (-,-) 
  core_picorv32_sub_1235_38_Y_picorv32_add_1235_58_g984/CO -       CI->CO F     ADDFX1         1  3.1    28    55     631    (-,-) 
  core_picorv32_sub_1235_38_Y_picorv32_add_1235_58_g983/CO -       CI->CO F     ADDFX1         1  3.1    28    55     686    (-,-) 
  core_picorv32_sub_1235_38_Y_picorv32_add_1235_58_g982/CO -       CI->CO F     ADDFX1         1  3.1    28    55     742    (-,-) 
  core_picorv32_sub_1235_38_Y_picorv32_add_1235_58_g981/CO -       CI->CO F     ADDFX1         1  3.1    28    55     797    (-,-) 
  core_picorv32_sub_1235_38_Y_picorv32_add_1235_58_g980/CO -       CI->CO F     ADDFX1         1  3.1    28    55     852    (-,-) 
  core_picorv32_sub_1235_38_Y_picorv32_add_1235_58_g979/CO -       CI->CO F     ADDFX1         1  3.1    28    55     908    (-,-) 
  core_picorv32_sub_1235_38_Y_picorv32_add_1235_58_g978/CO -       CI->CO F     ADDFX1         1  3.1    28    55     963    (-,-) 
  core_picorv32_sub_1235_38_Y_picorv32_add_1235_58_g977/CO -       CI->CO F     ADDFX1         1  3.1    28    55    1018    (-,-) 
  core_picorv32_sub_1235_38_Y_picorv32_add_1235_58_g976/CO -       CI->CO F     ADDFX1         1  3.1    28    55    1074    (-,-) 
  core_picorv32_sub_1235_38_Y_picorv32_add_1235_58_g975/CO -       CI->CO F     ADDFX1         1  3.1    28    55    1129    (-,-) 
  core_picorv32_sub_1235_38_Y_picorv32_add_1235_58_g974/CO -       CI->CO F     ADDFX1         1  3.1    28    55    1184    (-,-) 
  core_picorv32_sub_1235_38_Y_picorv32_add_1235_58_g973/CO -       CI->CO F     ADDFX1         1  3.1    28    55    1240    (-,-) 
  core_picorv32_sub_1235_38_Y_picorv32_add_1235_58_g972/CO -       CI->CO F     ADDFX1         1  3.1    28    55    1295    (-,-) 
  core_picorv32_sub_1235_38_Y_picorv32_add_1235_58_g971/CO -       CI->CO F     ADDFX1         1  3.1    28    55    1350    (-,-) 
  core_picorv32_sub_1235_38_Y_picorv32_add_1235_58_g970/CO -       CI->CO F     ADDFX1         1  3.1    28    55    1405    (-,-) 
  core_picorv32_sub_1235_38_Y_picorv32_add_1235_58_g969/CO -       CI->CO F     ADDFX1         1  3.1    28    55    1461    (-,-) 
  core_picorv32_sub_1235_38_Y_picorv32_add_1235_58_g968/CO -       CI->CO F     ADDFX1         1  3.1    28    55    1516    (-,-) 
  core_picorv32_sub_1235_38_Y_picorv32_add_1235_58_g967/CO -       CI->CO F     ADDFX1         1  3.1    28    55    1571    (-,-) 
  core_picorv32_sub_1235_38_Y_picorv32_add_1235_58_g966/CO -       CI->CO F     ADDFX1         1  3.1    28    55    1627    (-,-) 
  core_picorv32_sub_1235_38_Y_picorv32_add_1235_58_g965/CO -       CI->CO F     ADDFX1         1  3.1    28    55    1682    (-,-) 
  core_picorv32_sub_1235_38_Y_picorv32_add_1235_58_g964/CO -       CI->CO F     ADDFX1         1  3.1    28    55    1737    (-,-) 
  core_picorv32_sub_1235_38_Y_picorv32_add_1235_58_g963/CO -       CI->CO F     ADDFX1         1  3.1    28    55    1792    (-,-) 
  core_picorv32_sub_1235_38_Y_picorv32_add_1235_58_g962/CO -       CI->CO F     ADDFX1         1  3.1    28    55    1848    (-,-) 
  core_picorv32_sub_1235_38_Y_picorv32_add_1235_58_g961/CO -       CI->CO F     ADDFX1         1  3.1    28    55    1903    (-,-) 
  core_picorv32_sub_1235_38_Y_picorv32_add_1235_58_g960/CO -       CI->CO F     ADDFX1         1  3.1    28    55    1958    (-,-) 
  core_picorv32_sub_1235_38_Y_picorv32_add_1235_58_g959/CO -       CI->CO F     ADDFX1         1  2.9    26    55    2013    (-,-) 
  core_picorv32_sub_1235_38_Y_picorv32_add_1235_58_g958/Y  -       B->Y   F     XNOR2X1        1  2.8    23    42    2055    (-,-) 
  core_g248555/Y                                           -       B1->Y  R     AOI32X1        1  2.9    66    41    2095    (-,-) 
  core_g247779/Y                                           -       C0->Y  F     OAI211X1       1  2.8    74    66    2162    (-,-) 
  core_picorv32_alu_out_q_reg[31]/D                        -       -      F     DFFHQX1        1    -     -     0    2162    (-,-) 
#----------------------------------------------------------------------------------------------------------------------------------

