============================================================
  Generated by:           Genus(TM) Synthesis Solution 22.13-s093_1
  Generated on:           Apr 13 2026  06:56:01 pm
  Module:                 mgmt_core_wrapper
  Operating conditions:   PVT_1P1V_0C 
  Interconnect mode:      global
  Area mode:              physical library
============================================================


Path 1: MET (3573 ps) Late External Delay Assertion at pin ser_tx
          Group: I2O
     Startpoint: (R) debug_in
          Clock: (R) myclock
       Endpoint: (F) ser_tx
          Clock: (R) myclock

                     Capture       Launch     
        Clock Edge:+    4000            0     
        Drv Adjust:+       0            0     
       Src Latency:+       0            0     
       Net Latency:+       0 (I)        0 (I) 
           Arrival:=    4000            0     
                                              
      Output Delay:-     200                  
       Uncertainty:-      20                  
     Required Time:=    3780                  
      Launch Clock:-       0                  
       Input Delay:-     100                  
         Data Path:-     107                  
             Slack:=    3573                  

Exceptions/Constraints:
  input_delay              100             mgmt_core_wrapper.sd_line_18_205_1 
  output_delay             200             mgmt_core_wrapper.sd_line_24_684_1 

#---------------------------------------------------------------------------------------
# Timing Point   Flags   Arc   Edge   Cell     Fanout Load Trans Delay Arrival Instance 
#                                                     (fF)  (ps)  (ps)   (ps)  Location 
#---------------------------------------------------------------------------------------
  debug_in       -       -     R     (arrival)      4  7.9    15     0     100    (-,-) 
  core_g160395/Y -       S0->Y F     CLKMX2X4       1 52.4   108   107     207    (-,-) 
  ser_tx         -       -     F     (port)         -    -     -     0     207    (-,-) 
#---------------------------------------------------------------------------------------

