

Working Directory = /home/alumnes/s/serik.perez/dnd/synth/caravel-picorv32/R2-core-mul
QoS Summary for picorv32
================================================================================
Metric                          final          
================================================================================
Slack (ps):                     1,394
  R2R (ps):                     1,394
  I2R (ps):                     2,726
  R2O (ps):                     3,289
  I2O (ps):                     3,573
  CG  (ps):                  no_value
TNS (ps):                           0
  R2R (ps):                         0
  I2R (ps):                         0
  R2O (ps):                         0
  I2O (ps):                         0
  CG  (ps):                  no_value
Failing Paths:                      0
Cell Area:                     21,800
Total Cell Area:               21,800
Leaf Instances:                 6,024
Total Instances:                6,024
Utilization (%):                 0.00
Tot. Net Length (um):        no_value
Avg. Net Length (um):        no_value
Route Overflow H (%):        no_value
Route Overflow V (%):        no_value
MBCI(%) (bits/gate) :            0.00
Norm Cong Hotspot Area:
  Max Cong:                  no_value
  Tot Cong:                  no_value
================================================================================
CPU  Runtime (h:m:s):        00:01:45
Real Runtime (h:m:s):        00:02:22
CPU  Elapsed (h:m:s):        00:01:48
Real Elapsed (h:m:s):        00:02:23
Memory (MB):                  2151.27
================================================================================
================================================================================
Flow Settings:
================================================================================
Total Runtime (h:m:s): 00:02:23
Total Memory (MB):     2151.27
Executable Version:    22.13-s093_1
================================================================================
Total Cell Area =  Cell Area + Physical Cell Area
Total Instances =  Leaf Instances + Physical Instances


