============================================================
  Generated by:           Genus(TM) Synthesis Solution 22.13-s093_1
  Generated on:           Apr 13 2026  07:19:59 pm
  Module:                 picorv32
  Operating conditions:   PVT_1P1V_0C 
  Interconnect mode:      global
  Area mode:              physical library
============================================================

Timing
--------

 Clock  Period 
---------------
myclock 4000.0 


  Cost    Critical         Violating 
 Group   Path Slack  TNS     Paths   
-------------------------------------
C2C          1393.9   0.0          0 
C2O          3289.0   0.0          0 
default    No paths   0.0            
I2C          2726.0   0.0          0 
I2O          3573.0   0.0          0 
myclock    No paths   0.0            
-------------------------------------
Total                 0.0          0 

Instance Count
--------------
Leaf Instance Count             6024 
Physical Instance count            0 
Sequential Instance Count       1850 
Combinational Instance Count    4174 
Hierarchical Instance Count        0 

Area
----
Cell Area                          21799.764
Physical Cell Area                 0.000
Total Cell Area (Cell+Physical)    21799.764
Net Area                           8943.899
Total Area (Cell+Physical+Net)     30743.663

Runtime                            0.0 seconds
Elapsed Runtime                    146 seconds
Genus peak memory usage            2151.27 
Innovus peak memory usage          no_value 
Hostname                           c4d3.upc.es
