============================================================
  Generated by:           Genus(TM) Synthesis Solution 22.13-s093_1
  Generated on:           Apr 13 2026  07:19:59 pm
  Module:                 picorv32
  Operating conditions:   PVT_1P1V_0C 
  Interconnect mode:      global
  Area mode:              physical library
============================================================

                                  Leakage  
   Gate    Instances    Area    Power (nW)     Library    
----------------------------------------------------------
ADDFX1           181    928.530     60.817    fast_vdd1v0 
ADDHX1           159    598.158     41.209    fast_vdd1v0 
AND2X1           184    251.712     16.555    fast_vdd1v0 
AND2X2             6     10.260      0.750    fast_vdd1v0 
AND2X4            82    224.352     17.707    fast_vdd1v0 
AND3X2             1      2.736      0.122    fast_vdd1v0 
AND3X4             6     18.468      1.437    fast_vdd1v0 
AND3XL             2      4.104      0.178    fast_vdd1v0 
AND4X1             3      7.182      0.379    fast_vdd1v0 
AND4X4             1      3.762      0.254    fast_vdd1v0 
AO21X1             2      4.788      0.225    fast_vdd1v0 
AO21X4            71    242.820     19.392    fast_vdd1v0 
AO22X1           189    517.104     23.966    fast_vdd1v0 
AO22X4             8     30.096      2.292    fast_vdd1v0 
AOI211XL           4      8.208      0.386    fast_vdd1v0 
AOI21X1           13     22.230      1.263    fast_vdd1v0 
AOI21X4            1      5.130      0.465    fast_vdd1v0 
AOI221X1          38     90.972      7.167    fast_vdd1v0 
AOI222X1          96    295.488     20.419    fast_vdd1v0 
AOI22X1         1322   2712.744    190.950    fast_vdd1v0 
AOI2BB1X1          2      4.104      0.235    fast_vdd1v0 
AOI31X1            1      2.052      0.136    fast_vdd1v0 
AOI32X1           52    124.488      7.966    fast_vdd1v0 
BUFX6              2      6.156      0.622    fast_vdd1v0 
CLKINVX4           1      1.710      0.141    fast_vdd1v0 
CLKINVX6           8     19.152      1.908    fast_vdd1v0 
CLKINVX8           1      3.078      0.372    fast_vdd1v0 
CLKMX2X3           1      4.104      0.277    fast_vdd1v0 
CLKXOR2X1          6     16.416      1.053    fast_vdd1v0 
DFFHQX1          588   3217.536    201.596    fast_vdd1v0 
DFFHQX8            8     73.872      5.649    fast_vdd1v0 
DFFQX2             1      6.498      0.340    fast_vdd1v0 
DFFQX4            47    337.554     21.059    fast_vdd1v0 
DFFQXL             5     27.360      1.413    fast_vdd1v0 
DFFRX1             1      6.840      0.402    fast_vdd1v0 
DFFX1             16    114.912      6.012    fast_vdd1v0 
DFFX2              2     16.416      0.918    fast_vdd1v0 
DFFX4             16    147.744     10.637    fast_vdd1v0 
EDFFX2             3     27.702      1.564    fast_vdd1v0 
INVX1            100     68.400      4.562    fast_vdd1v0 
INVX2              7      7.182      0.586    fast_vdd1v0 
INVX3             11     15.048      1.287    fast_vdd1v0 
MX2X1              8     19.152      1.233    fast_vdd1v0 
MXI2X1             1      2.736      0.152    fast_vdd1v0 
MXI2XL           105    251.370     10.969    fast_vdd1v0 
NAND2BX1          62     84.816      6.452    fast_vdd1v0 
NAND2BX2           3      7.182      0.494    fast_vdd1v0 
NAND2X1          206    211.356     14.731    fast_vdd1v0 
NAND2X2            1      1.710      0.140    fast_vdd1v0 
NAND2X4            1      3.420      0.286    fast_vdd1v0 
NAND2X6            1      4.788      0.405    fast_vdd1v0 
NAND2X8            1      5.472      0.533    fast_vdd1v0 
NAND2XL            2      2.052      0.092    fast_vdd1v0 
NAND3BXL           6     10.260      0.537    fast_vdd1v0 
NAND3X1           72    123.120      7.602    fast_vdd1v0 
NAND3X2            2      5.472      0.357    fast_vdd1v0 
NAND4BX1           1      2.394      0.162    fast_vdd1v0 
NAND4X1            1      2.052      0.109    fast_vdd1v0 
NAND4XL          256    437.760     23.494    fast_vdd1v0 
NOR2BX1           80    109.440      7.925    fast_vdd1v0 
NOR2BX2            5     13.680      0.775    fast_vdd1v0 
NOR2BX4            1      3.762      0.188    fast_vdd1v0 
NOR2X1           218    223.668     17.811    fast_vdd1v0 
NOR2X2             2      3.420      0.261    fast_vdd1v0 
NOR2X4             1      3.078      0.216    fast_vdd1v0 
NOR2X6             5     20.520      2.023    fast_vdd1v0 
NOR3BX1           11     22.572      1.292    fast_vdd1v0 
NOR3X1            11     18.810      0.907    fast_vdd1v0 
NOR4BBX1           3      8.208      0.473    fast_vdd1v0 
NOR4BX1            4      9.576      0.579    fast_vdd1v0 
NOR4X1            14     23.940      1.441    fast_vdd1v0 
OA21X4             2      7.524      0.528    fast_vdd1v0 
OA22X1             1      2.394      0.120    fast_vdd1v0 
OAI211X1          54     92.340      6.635    fast_vdd1v0 
OAI21X1            9     15.390      0.905    fast_vdd1v0 
OAI221X1          12     28.728      1.837    fast_vdd1v0 
OAI222X1           3      8.208      0.523    fast_vdd1v0 
OAI22X1            3      6.156      0.326    fast_vdd1v0 
OAI2BB1X1        218    372.780     24.742    fast_vdd1v0 
OAI31X1            6     12.312      0.757    fast_vdd1v0 
OAI31X2            1      3.762      0.259    fast_vdd1v0 
OAI32X1            3      7.182      0.475    fast_vdd1v0 
OR2X1             51     69.768      5.252    fast_vdd1v0 
OR2X2              1      1.710      0.145    fast_vdd1v0 
OR2X4             20     54.720      4.994    fast_vdd1v0 
OR2X6              1      3.762      0.381    fast_vdd1v0 
OR3X1              9     18.468      1.023    fast_vdd1v0 
OR3X4             16     49.248      4.530    fast_vdd1v0 
OR4X1             78    160.056     12.486    fast_vdd1v0 
SDFFQX1         1062   7990.488    403.084    fast_vdd1v0 
SDFFQX4          100    923.400     53.382    fast_vdd1v0 
SMDFFHQX1          1     10.260      0.579    fast_vdd1v0 
XNOR2X1           41     98.154      7.097    fast_vdd1v0 
----------------------------------------------------------
total           6024  21799.764   1306.365                


                                            Leakage  Leakage 
     Type      Instances    Area   Area % Power (nW) Power % 
-------------------------------------------------------------
sequential          1850 12900.582   59.2    706.634    54.1 
inverter             128   114.570    0.5      8.855     0.7 
buffer                 2     6.156    0.0      0.622     0.0 
logic               4044  8778.456   40.3    590.253    45.2 
physical_cells         0     0.000    0.0      0.000     0.0 
-------------------------------------------------------------
total               6024 21799.764  100.0   1306.365   100.0 

