============================================================
  Generated by:           Genus(TM) Synthesis Solution 22.13-s093_1
  Generated on:           Apr 13 2026  07:18:32 pm
  Module:                 picorv32
  Operating conditions:   PVT_1P1V_0C 
  Interconnect mode:      global
  Area mode:              physical library
============================================================

Some unconstrained paths have not been displayed.
Use -unconstrained or set the root attribute 'timing_report_unconstrained' to 'true' to see only these unconstrained paths.

============================================================
  Generated by:           Genus(TM) Synthesis Solution 22.13-s093_1
  Generated on:           Apr 13 2026  07:18:32 pm
  Module:                 picorv32
  Operating conditions:   PVT_1P1V_0C 
  Interconnect mode:      global
  Area mode:              physical library
============================================================

No paths found

============================================================
  Generated by:           Genus(TM) Synthesis Solution 22.13-s093_1
  Generated on:           Apr 13 2026  07:18:32 pm
  Module:                 picorv32
  Operating conditions:   PVT_1P1V_0C 
  Interconnect mode:      global
  Area mode:              physical library
============================================================


Path 1: MET (3341 ps) Setup Check with Pin cpu_state_reg[7]/clk->sena
          Group: I2C
     Startpoint: (R) mem_ready
          Clock: (R) myclock
       Endpoint: (R) cpu_state_reg[7]/sena
          Clock: (R) myclock

                     Capture       Launch     
        Clock Edge:+    4000            0     
        Drv Adjust:+       0            0     
       Src Latency:+       0            0     
       Net Latency:+       0 (I)        0 (I) 
           Arrival:=    4000            0     
                                              
             Setup:-      66                  
       Uncertainty:-      20                  
     Required Time:=    3914                  
      Launch Clock:-       0                  
       Input Delay:-     100                  
         Data Path:-     473                  
             Slack:=    3341                  

Exceptions/Constraints:
  input_delay             100             picorv32.sdc_line_18_1_1 

#------------------------------------------------------------------------------------------------------
#     Timing Point      Flags    Arc    Edge      Cell        Fanout Load Trans Delay Arrival Instance 
#                                                                    (fF)  (ps)  (ps)   (ps)  Location 
#------------------------------------------------------------------------------------------------------
  mem_ready             (u)     -       R     (arrival)            2  2.2    15     0     100    (-,-) 
  g569/z                (u)     in_1->z R     unmapped_and2       67 11.0     0    54     154    (-,-) 
  g571/z                (u)     in_0->z R     unmapped_and2        1  1.1     0    20     173    (-,-) 
  g574/z                (u)     in_0->z R     unmapped_and2        1  1.1     0    20     193    (-,-) 
  g578/z                (u)     in_0->z R     unmapped_or2         1  1.1     0    20     213    (-,-) 
  g579/z                (u)     in_1->z R     unmapped_and2        5  5.5     0    30     243    (-,-) 
  g2099/z               (u)     in_1->z R     unmapped_or2         6  6.6     0    32     275    (-,-) 
  g525/z                (u)     in_1->z R     unmapped_and2        3  3.3     0    26     301    (-,-) 
  g526/z                (u)     in_0->z R     unmapped_and2        1  1.1     0    20     321    (-,-) 
  g2671/z               (u)     in_1->z R     unmapped_or2         1  1.1     0    20     340    (-,-) 
  g2674/z               (u)     in_1->z R     unmapped_or4         1  1.1     0    45     386    (-,-) 
  g531/z                (u)     in_0->z R     unmapped_and2        1  1.1     0    20     406    (-,-) 
  g532/z                (u)     in_0->z R     unmapped_or2         2  2.2     0    23     429    (-,-) 
  g533/z                (u)     in_0->z R     unmapped_and2        1  1.1     0    20     449    (-,-) 
  g534/z                (u)     in_0->z R     unmapped_or2         1  1.1     0    20     468    (-,-) 
  g535/z                (u)     in_0->z R     unmapped_and2        1  1.1     0    20     488    (-,-) 
  g536/z                (u)     in_0->z R     unmapped_or2         1  1.1     0    20     508    (-,-) 
  g537/z                (u)     in_0->z R     unmapped_and2        1  1.1     0    20     528    (-,-) 
  g539/z                (u)     in_1->z R     unmapped_or2         8 17.6     0    45     573    (-,-) 
  cpu_state_reg[7]/sena -       -       R     unmapped_d_flop      8    -     -     0     573    (-,-) 
#------------------------------------------------------------------------------------------------------

(u) : Net has unmapped pin(s).

============================================================
  Generated by:           Genus(TM) Synthesis Solution 22.13-s093_1
  Generated on:           Apr 13 2026  07:18:32 pm
  Module:                 picorv32
  Operating conditions:   PVT_1P1V_0C 
  Interconnect mode:      global
  Area mode:              physical library
============================================================


Path 1: MET (3439 ps) Late External Delay Assertion at pin mem_la_addr[4]
          Group: C2O
     Startpoint: (R) latched_store_reg/clk
          Clock: (R) myclock
       Endpoint: (R) mem_la_addr[4]
          Clock: (R) myclock

                     Capture       Launch     
        Clock Edge:+    4000            0     
       Src Latency:+       0            0     
       Net Latency:+       0 (I)        0 (I) 
           Arrival:=    4000            0     
                                              
      Output Delay:-     200                  
       Uncertainty:-      20                  
     Required Time:=    3780                  
      Launch Clock:-       0                  
         Data Path:-     341                  
             Slack:=    3439                  

Exceptions/Constraints:
  output_delay             200             picorv32.sdc_line_24_199_1 

#-------------------------------------------------------------------------------------------------------
#     Timing Point      Flags     Arc    Edge      Cell        Fanout Load Trans Delay Arrival Instance 
#                                                                     (fF)  (ps)  (ps)   (ps)  Location 
#-------------------------------------------------------------------------------------------------------
  latched_store_reg/clk -       -        R     (arrival)         2037    -     0     0       0    (-,-) 
  latched_store_reg/q   (u)     clk->q   R     unmapped_d_flop     34 37.4     0   118     118    (-,-) 
  g969/z                (u)     in_0->z  R     unmapped_and2       30 33.0     0    55     173    (-,-) 
  mux_1208_33/g28/z     (u)     sel0->z  R     unmapped_bmux2       2  2.2     0    43     216    (-,-) 
  add_382_74/g405/z     (u)     in_0->z  F     unmapped_not         2  2.0     0    16     232    (-,-) 
  add_382_74/g331/z     (u)     in_1->z  R     unmapped_xnor2       1  1.1     0    39     271    (-,-) 
  mux_382_40/g28/z      (u)     data1->z R     unmapped_bmux2       2 53.5     0    70     341    (-,-) 
  mem_la_addr[4]        -       -        R     (port)               -    -     -     0     341    (-,-) 
#-------------------------------------------------------------------------------------------------------

(u) : Net has unmapped pin(s).

============================================================
  Generated by:           Genus(TM) Synthesis Solution 22.13-s093_1
  Generated on:           Apr 13 2026  07:18:32 pm
  Module:                 picorv32
  Operating conditions:   PVT_1P1V_0C 
  Interconnect mode:      global
  Area mode:              physical library
============================================================


Path 1: MET (3134 ps) Setup Check with Pin cpu_state_reg[7]/clk->sena
          Group: C2C
     Startpoint: (R) instr_jal_reg/clk
          Clock: (R) myclock
       Endpoint: (R) cpu_state_reg[7]/sena
          Clock: (R) myclock

                     Capture       Launch     
        Clock Edge:+    4000            0     
       Src Latency:+       0            0     
       Net Latency:+       0 (I)        0 (I) 
           Arrival:=    4000            0     
                                              
             Setup:-      66                  
       Uncertainty:-      20                  
     Required Time:=    3914                  
      Launch Clock:-       0                  
         Data Path:-     780                  
             Slack:=    3134                  

#------------------------------------------------------------------------------------------------------
#     Timing Point      Flags    Arc    Edge      Cell        Fanout Load Trans Delay Arrival Instance 
#                                                                    (fF)  (ps)  (ps)   (ps)  Location 
#------------------------------------------------------------------------------------------------------
  instr_jal_reg/clk     -       -       R     (arrival)         2037    -     0     0       0    (-,-) 
  instr_jal_reg/q       (u)     clk->q  F     unmapped_d_flop     38 38.0     0   121     121    (-,-) 
  g674/z                (u)     in_2->z R     unmapped_nor4        1  1.1     0    45     166    (-,-) 
  g686/z                (u)     in_0->z F     unmapped_nand4       1  1.0     0    45     212    (-,-) 
  g689/z                (u)     in_0->z R     unmapped_nor3        3  3.3     0    37     248    (-,-) 
  g2089/z               (u)     in_0->z F     unmapped_not         1  1.0     0    13     261    (-,-) 
  g2090/z               (u)     in_1->z F     unmapped_and2        1  1.0     0    20     281    (-,-) 
  ctl_1579_5/g5/z       (u)     in_1->z F     unmapped_xnor2      42  7.0     0    67     348    (-,-) 
  ctl_1579_5/g9/z       (u)     in_0->z R     unmapped_nor3        1  1.1     0    31     379    (-,-) 
  ctl_1579_5/g10/z      (u)     in_0->z F     unmapped_nand2       1  1.0     0    20     398    (-,-) 
  ctl_1579_5/g11/z      (u)     in_0->z R     unmapped_not        78  9.9     0    45     444    (-,-) 
  g2679/z               (u)     in_0->z R     unmapped_or2         1  1.1     0    20     463    (-,-) 
  g2683/z               (u)     in_0->z R     unmapped_or4         1  1.1     0    45     509    (-,-) 
  g509/z                (u)     in_0->z R     unmapped_and2        1  1.1     0    20     528    (-,-) 
  g2673/z               (u)     in_1->z R     unmapped_or2         1  1.1     0    20     548    (-,-) 
  g2674/z               (u)     in_3->z R     unmapped_or4         1  1.1     0    45     594    (-,-) 
  g531/z                (u)     in_0->z R     unmapped_and2        1  1.1     0    20     613    (-,-) 
  g532/z                (u)     in_0->z R     unmapped_or2         2  2.2     0    23     637    (-,-) 
  g533/z                (u)     in_0->z R     unmapped_and2        1  1.1     0    20     656    (-,-) 
  g534/z                (u)     in_0->z R     unmapped_or2         1  1.1     0    20     676    (-,-) 
  g535/z                (u)     in_0->z R     unmapped_and2        1  1.1     0    20     696    (-,-) 
  g536/z                (u)     in_0->z R     unmapped_or2         1  1.1     0    20     715    (-,-) 
  g537/z                (u)     in_0->z R     unmapped_and2        1  1.1     0    20     735    (-,-) 
  g539/z                (u)     in_1->z R     unmapped_or2         8 17.6     0    45     780    (-,-) 
  cpu_state_reg[7]/sena -       -       R     unmapped_d_flop      8    -     -     0     780    (-,-) 
#------------------------------------------------------------------------------------------------------

(u) : Net has unmapped pin(s).

============================================================
  Generated by:           Genus(TM) Synthesis Solution 22.13-s093_1
  Generated on:           Apr 13 2026  07:18:32 pm
  Module:                 picorv32
  Operating conditions:   PVT_1P1V_0C 
  Interconnect mode:      global
  Area mode:              physical library
============================================================


Path 1: MET (3610 ps) Late External Delay Assertion at pin mem_la_write
          Group: I2O
     Startpoint: (R) resetn
          Clock: (R) myclock
       Endpoint: (R) mem_la_write
          Clock: (R) myclock

                     Capture       Launch     
        Clock Edge:+    4000            0     
        Drv Adjust:+       0            0     
       Src Latency:+       0            0     
       Net Latency:+       0 (I)        0 (I) 
           Arrival:=    4000            0     
                                              
      Output Delay:-     200                  
       Uncertainty:-      20                  
     Required Time:=    3780                  
      Launch Clock:-       0                  
       Input Delay:-     100                  
         Data Path:-      70                  
             Slack:=    3610                  

Exceptions/Constraints:
  input_delay              100             picorv32.sdc_line_18       
  output_delay             200             picorv32.sdc_line_24_171_1 

#---------------------------------------------------------------------------------------------
# Timing Point   Flags    Arc    Edge     Cell       Fanout Load Trans Delay Arrival Instance 
#                                                           (fF)  (ps)  (ps)   (ps)  Location 
#---------------------------------------------------------------------------------------------
  resetn         (u)     -       R     (arrival)        346 27.5    15     0     100    (-,-) 
  g582/z         (u)     in_0->z R     unmapped_and2      1  1.1     0    20     120    (-,-) 
  g583/z         (u)     in_0->z R     unmapped_and2      7 59.0     0    50     170    (-,-) 
  mem_la_write   -       -       R     (port)             -    -     -     0     170    (-,-) 
#---------------------------------------------------------------------------------------------

(u) : Net has unmapped pin(s).

