============================================================
  Generated by:           Genus(TM) Synthesis Solution 22.13-s093_1
  Generated on:           Apr 13 2026  07:19:37 pm
  Module:                 picorv32
  Operating conditions:   PVT_1P1V_0C 
  Interconnect mode:      global
  Area mode:              physical library
============================================================


Path 1: MET (1394 ps) Setup Check with Pin count_instr_reg[63]/CK->D
          Group: C2C
     Startpoint: (R) count_instr_reg[1]/CK
          Clock: (R) myclock
       Endpoint: (R) count_instr_reg[63]/D
          Clock: (R) myclock

                     Capture       Launch     
        Clock Edge:+    4000            0     
       Src Latency:+       0            0     
       Net Latency:+       0 (I)        0 (I) 
           Arrival:=    4000            0     
                                              
             Setup:-      29                  
       Uncertainty:-      20                  
     Required Time:=    3951                  
      Launch Clock:-       0                  
         Data Path:-    2557                  
             Slack:=    1394                  

#------------------------------------------------------------------------------------------------
#      Timing Point       Flags   Arc   Edge   Cell     Fanout Load Trans Delay Arrival Instance 
#                                                              (fF)  (ps)  (ps)   (ps)  Location 
#------------------------------------------------------------------------------------------------
  count_instr_reg[1]/CK   -       -     R     (arrival)   1850    -     0     0       0    (-,-) 
  count_instr_reg[1]/Q    -       CK->Q R     DFFHQX1        3  6.1    44    64      64    (-,-) 
  inc_add_1559_34_g920/CO -       A->CO R     ADDHX1         1  3.2    25    43     107    (-,-) 
  inc_add_1559_34_g919/CO -       B->CO R     ADDHX1         1  3.2    25    38     145    (-,-) 
  inc_add_1559_34_g918/CO -       B->CO R     ADDHX1         1  3.2    25    38     183    (-,-) 
  inc_add_1559_34_g917/CO -       B->CO R     ADDHX1         1  3.2    25    38     221    (-,-) 
  inc_add_1559_34_g916/CO -       B->CO R     ADDHX1         1  3.2    25    38     259    (-,-) 
  inc_add_1559_34_g915/CO -       B->CO R     ADDHX1         1  3.2    25    38     297    (-,-) 
  inc_add_1559_34_g914/CO -       B->CO R     ADDHX1         1  3.2    25    38     335    (-,-) 
  inc_add_1559_34_g913/CO -       B->CO R     ADDHX1         1  3.2    25    38     374    (-,-) 
  inc_add_1559_34_g912/CO -       B->CO R     ADDHX1         1  3.2    25    38     412    (-,-) 
  inc_add_1559_34_g911/CO -       B->CO R     ADDHX1         1  3.2    25    38     450    (-,-) 
  inc_add_1559_34_g910/CO -       B->CO R     ADDHX1         1  3.2    25    38     488    (-,-) 
  inc_add_1559_34_g909/CO -       B->CO R     ADDHX1         1  3.2    25    38     526    (-,-) 
  inc_add_1559_34_g908/CO -       B->CO R     ADDHX1         1  3.2    25    38     564    (-,-) 
  inc_add_1559_34_g907/CO -       B->CO R     ADDHX1         1  3.2    25    38     602    (-,-) 
  inc_add_1559_34_g906/CO -       B->CO R     ADDHX1         1  3.2    25    38     640    (-,-) 
  inc_add_1559_34_g905/CO -       B->CO R     ADDHX1         1  3.2    25    38     678    (-,-) 
  inc_add_1559_34_g904/CO -       B->CO R     ADDHX1         2  4.7    35    44     722    (-,-) 
  inc_add_1559_34_g903/Y  -       C->Y  R     AND3XL         1  3.2    40    54     776    (-,-) 
  inc_add_1559_34_g900/CO -       B->CO R     ADDHX1         1  3.2    25    41     816    (-,-) 
  inc_add_1559_34_g899/CO -       B->CO R     ADDHX1         1  3.2    25    38     854    (-,-) 
  inc_add_1559_34_g898/CO -       B->CO R     ADDHX1         1  3.2    25    38     893    (-,-) 
  inc_add_1559_34_g897/CO -       B->CO R     ADDHX1         1  3.2    25    38     931    (-,-) 
  inc_add_1559_34_g896/CO -       B->CO R     ADDHX1         1  3.2    25    38     969    (-,-) 
  inc_add_1559_34_g895/CO -       B->CO R     ADDHX1         1  3.2    25    38    1007    (-,-) 
  inc_add_1559_34_g894/CO -       B->CO R     ADDHX1         1  3.2    25    38    1045    (-,-) 
  inc_add_1559_34_g893/CO -       B->CO R     ADDHX1         1  3.2    25    38    1083    (-,-) 
  inc_add_1559_34_g892/CO -       B->CO R     ADDHX1         1  3.2    25    38    1121    (-,-) 
  inc_add_1559_34_g891/CO -       B->CO R     ADDHX1         1  3.2    25    38    1159    (-,-) 
  inc_add_1559_34_g890/CO -       B->CO R     ADDHX1         1  3.2    25    38    1197    (-,-) 
  inc_add_1559_34_g889/CO -       B->CO R     ADDHX1         1  3.2    25    38    1236    (-,-) 
  inc_add_1559_34_g888/CO -       B->CO R     ADDHX1         1  3.2    25    38    1274    (-,-) 
  inc_add_1559_34_g887/CO -       B->CO R     ADDHX1         1  3.2    25    38    1312    (-,-) 
  inc_add_1559_34_g886/CO -       B->CO R     ADDHX1         1  3.2    25    38    1350    (-,-) 
  inc_add_1559_34_g885/CO -       B->CO R     ADDHX1         1  3.2    25    38    1388    (-,-) 
  inc_add_1559_34_g884/CO -       B->CO R     ADDHX1         1  3.2    25    38    1426    (-,-) 
  inc_add_1559_34_g883/CO -       B->CO R     ADDHX1         1  3.2    25    38    1464    (-,-) 
  inc_add_1559_34_g882/CO -       B->CO R     ADDHX1         1  3.2    25    38    1502    (-,-) 
  inc_add_1559_34_g881/CO -       B->CO R     ADDHX1         1  3.2    25    38    1540    (-,-) 
  inc_add_1559_34_g880/CO -       B->CO R     ADDHX1         1  3.2    25    38    1578    (-,-) 
  inc_add_1559_34_g879/CO -       B->CO R     ADDHX1         1  3.2    25    38    1616    (-,-) 
  inc_add_1559_34_g878/CO -       B->CO R     ADDHX1         1  3.2    25    38    1655    (-,-) 
  inc_add_1559_34_g877/CO -       B->CO R     ADDHX1         1  3.2    25    38    1693    (-,-) 
  inc_add_1559_34_g876/CO -       B->CO R     ADDHX1         1  3.2    25    38    1731    (-,-) 
  inc_add_1559_34_g875/CO -       B->CO R     ADDHX1         1  3.2    25    38    1769    (-,-) 
  inc_add_1559_34_g874/CO -       B->CO R     ADDHX1         1  3.2    25    38    1807    (-,-) 
  inc_add_1559_34_g873/CO -       B->CO R     ADDHX1         1  3.2    25    38    1845    (-,-) 
  inc_add_1559_34_g872/CO -       B->CO R     ADDHX1         1  3.2    25    38    1883    (-,-) 
  inc_add_1559_34_g871/CO -       B->CO R     ADDHX1         1  3.2    25    38    1921    (-,-) 
  inc_add_1559_34_g870/CO -       B->CO R     ADDHX1         1  3.2    25    38    1959    (-,-) 
  inc_add_1559_34_g869/CO -       B->CO R     ADDHX1         1  3.2    25    38    1998    (-,-) 
  inc_add_1559_34_g868/CO -       B->CO R     ADDHX1         1  3.2    25    38    2036    (-,-) 
  inc_add_1559_34_g867/CO -       B->CO R     ADDHX1         1  3.2    25    38    2074    (-,-) 
  inc_add_1559_34_g866/CO -       B->CO R     ADDHX1         1  3.2    25    38    2112    (-,-) 
  inc_add_1559_34_g865/CO -       B->CO R     ADDHX1         1  3.2    25    38    2150    (-,-) 
  inc_add_1559_34_g864/CO -       B->CO R     ADDHX1         1  3.2    25    38    2188    (-,-) 
  inc_add_1559_34_g863/CO -       B->CO R     ADDHX1         1  3.2    25    38    2226    (-,-) 
  inc_add_1559_34_g862/CO -       B->CO R     ADDHX1         1  3.2    25    38    2264    (-,-) 
  inc_add_1559_34_g861/CO -       B->CO R     ADDHX1         1  3.2    25    38    2302    (-,-) 
  inc_add_1559_34_g860/CO -       B->CO R     ADDHX1         1  3.2    25    38    2340    (-,-) 
  inc_add_1559_34_g859/CO -       B->CO R     ADDHX1         1  3.2    25    38    2378    (-,-) 
  inc_add_1559_34_g858/CO -       B->CO R     ADDHX1         1  3.0    24    37    2416    (-,-) 
  inc_add_1559_34_g857/Y  -       B->Y  R     CLKXOR2X1      1  2.7    22    38    2454    (-,-) 
  g108472/Y               -       A->Y  F     MXI2XL         1  2.8    81    50    2505    (-,-) 
  g107823/Y               -       B->Y  R     NOR2X1         1  2.8    52    52    2557    (-,-) 
  count_instr_reg[63]/D   -       -     R     DFFHQX1        1    -     -     0    2557    (-,-) 
#------------------------------------------------------------------------------------------------

