============================================================
  Generated by:           Genus(TM) Synthesis Solution 22.13-s093_1
  Generated on:           Apr 13 2026  07:19:37 pm
  Module:                 picorv32
  Operating conditions:   PVT_1P1V_0C 
  Interconnect mode:      global
  Area mode:              physical library
============================================================


Path 1: MET (2726 ps) Setup Check with Pin reg_op1_reg[30]/CK->D
          Group: I2C
     Startpoint: (R) mem_ready
          Clock: (R) myclock
       Endpoint: (R) reg_op1_reg[30]/D
          Clock: (R) myclock

                     Capture       Launch     
        Clock Edge:+    4000            0     
        Drv Adjust:+       0            0     
       Src Latency:+       0            0     
       Net Latency:+       0 (I)        0 (I) 
           Arrival:=    4000            0     
                                              
             Setup:-      28                  
       Uncertainty:-      20                  
     Required Time:=    3952                  
      Launch Clock:-       0                  
       Input Delay:-     100                  
         Data Path:-    1126                  
             Slack:=    2726                  

Exceptions/Constraints:
  input_delay             100             picorv32.sdc_line_18_1_1 

#------------------------------------------------------------------------------------------
#   Timing Point    Flags   Arc   Edge   Cell     Fanout Load Trans Delay Arrival Instance 
#                                                        (fF)  (ps)  (ps)   (ps)  Location 
#------------------------------------------------------------------------------------------
  mem_ready         -       -     R     (arrival)      2  7.8    15     0     100    (-,-) 
  g109191/Y         -       A->Y  F     NAND2X8       37 62.8   136    77     177    (-,-) 
  g109032/Y         -       A->Y  R     INVX1          9 16.9   138   108     285    (-,-) 
  g108043/Y         -       B0->Y F     OAI211X1       1  2.8    76    91     377    (-,-) 
  g107464/Y         -       A1->Y R     AOI21X1        6 10.5   144   106     483    (-,-) 
  g107161/Y         -       AN->Y R     NAND2BX1       2  4.4    39    52     535    (-,-) 
  g107108/Y         -       B->Y  F     NAND2X1        2  4.4    65    49     584    (-,-) 
  g106983/Y         -       C->Y  R     NOR3X1         3  5.8   126    92     676    (-,-) 
  g106931/Y         -       A->Y  F     INVX1          2  4.4    54    59     735    (-,-) 
  g106603/Y         -       B0->Y F     OA21X4        33 52.7   108    89     824    (-,-) 
  g106408/Y         -       A->Y  R     INVX1          5  9.6    85    72     896    (-,-) 
  g106210/Y         -       D->Y  R     AND4X4        31 53.1   110   137    1033    (-,-) 
  g105386/Y         -       A1->Y F     AOI222X1       1  2.8    79    80    1113    (-,-) 
  g105373/Y         -       C0->Y R     OAI221X1       1  2.9    68    40    1154    (-,-) 
  g105355/Y         -       C0->Y F     AOI221X1       1  2.8    70    36    1190    (-,-) 
  g105309/Y         -       B->Y  R     NAND2X1        1  2.8    40    36    1226    (-,-) 
  reg_op1_reg[30]/D -       -     R     DFFHQX4        1    -     -     0    1226    (-,-) 
#------------------------------------------------------------------------------------------

