============================================================
  Generated by:           Genus(TM) Synthesis Solution 22.13-s093_1
  Generated on:           Apr 13 2026  07:19:37 pm
  Module:                 picorv32
  Operating conditions:   PVT_1P1V_0C 
  Interconnect mode:      global
  Area mode:              physical library
============================================================


Path 1: MET (3213 ps) Late External Delay Assertion at pin mem_la_wstrb[2]
          Group: C2O
     Startpoint: (R) mem_wordsize_reg[1]/CK
          Clock: (R) myclock
       Endpoint: (R) mem_la_wstrb[2]
          Clock: (R) myclock

                     Capture       Launch     
        Clock Edge:+    4000            0     
       Src Latency:+       0            0     
       Net Latency:+       0 (I)        0 (I) 
           Arrival:=    4000            0     
                                              
      Output Delay:-     200                  
       Uncertainty:-      20                  
     Required Time:=    3780                  
      Launch Clock:-       0                  
         Data Path:-     567                  
             Slack:=    3213                  

Exceptions/Constraints:
  output_delay             200             picorv32.sdc_line_24_237_1 

#-----------------------------------------------------------------------------------------------
#     Timing Point       Flags   Arc   Edge   Cell     Fanout Load Trans Delay Arrival Instance 
#                                                             (fF)  (ps)  (ps)   (ps)  Location 
#-----------------------------------------------------------------------------------------------
  mem_wordsize_reg[1]/CK -       -     R     (arrival)   1850    -     0     0       0    (-,-) 
  mem_wordsize_reg[1]/Q  -       CK->Q R     EDFFHQX1       4  7.5    53    72      72    (-,-) 
  g55755/Y               -       A->Y  F     INVX1          9 15.4   111    76     148    (-,-) 
  g55735/Y               -       B->Y  R     NOR2X1         5  9.8   144   112     260    (-,-) 
  g55724/Y               -       A->Y  F     INVX1          9 15.4   127   105     365    (-,-) 
  g55641/Y               -       A2->Y R     OAI31X1        2  4.6   116   106     471    (-,-) 
  g55544/Y               -       B->Y  R     OR2X4          2 53.9   100    96     567    (-,-) 
  mem_la_wstrb[2]        -       -     R     (port)         -    -     -     0     567    (-,-) 
#-----------------------------------------------------------------------------------------------

