-------------------------------------------------------------------------------
Name     : Shielded net name
Length   : Shielded net length
Shield   : Total length of shielding wire
Ratio    : Average shielding ratio
-------------------------------------------------------------------------------
Name          Length    Shield    Ratio   
                                         Layer:      Length     Shield  Ratio
-------------------------------------------------------------------------------
core_clk:   preferred: Metal5 - Metal6
              1245.1    2412.9    0.969
                                         Metal2:        4.2        5.6  0.672
                                         Metal3:       10.2       13.6  0.667
                                         Metal4:       39.8       76.8  0.964
                                         Metal5:      755.6     1447.7  0.958
                                         Metal6:      435.3      869.2  0.998
-------------------------------------------------------------------------------

 Average ratio:                   0.969
                                         Metal2:          4.2        5.6  0.672
                                         Metal3:         10.2       13.6  0.667
                                         Metal4:         39.8       76.8  0.964
                                         Metal5:        755.6     1447.7  0.958
                                         Metal6:        435.3      869.2  0.998


