============================================================
  Generated by:           Genus(TM) Synthesis Solution 22.13-s093_1
  Generated on:           May 04 2026  07:00:58 pm
  Module:                 mgmt_core_wrapper
  Operating conditions:   PVT_1P1V_0C 
  Interconnect mode:      global
  Area mode:              physical library
============================================================

                                    Leakage  
   Gate     Instances     Area    Power (nW)     Library    
------------------------------------------------------------
ADDFX1            121     620.730     39.944    fast_vdd1v0 
ADDHX1            258     970.596     67.122    fast_vdd1v0 
ADDHX2              1       5.130      0.361    fast_vdd1v0 
AND2X1            204     279.072     17.448    fast_vdd1v0 
AND2X2             17      29.070      2.017    fast_vdd1v0 
AND2X4            128     350.208     27.479    fast_vdd1v0 
AND3X1              1       2.394      0.084    fast_vdd1v0 
AND3X2              2       5.472      0.245    fast_vdd1v0 
AND3X4             10      30.780      2.351    fast_vdd1v0 
AND3XL             12      24.624      0.985    fast_vdd1v0 
AND4X1              9      21.546      1.021    fast_vdd1v0 
AND4X2              1       3.078      0.131    fast_vdd1v0 
AND4X4              1       3.762      0.227    fast_vdd1v0 
AO21X1             27      64.638      3.175    fast_vdd1v0 
AO21X2              3       8.208      0.447    fast_vdd1v0 
AO21X4             42     143.640     11.133    fast_vdd1v0 
AO22X1            914    2500.704    117.391    fast_vdd1v0 
AO22X2              2       6.156      0.336    fast_vdd1v0 
AO22X4              2       7.524      0.561    fast_vdd1v0 
AOI211X1            6      14.364      0.985    fast_vdd1v0 
AOI211X2            1       3.420      0.262    fast_vdd1v0 
AOI211XL           12      24.624      1.174    fast_vdd1v0 
AOI21X1            64     109.440      6.612    fast_vdd1v0 
AOI21X2             1       2.736      0.159    fast_vdd1v0 
AOI221X1          255     610.470     50.969    fast_vdd1v0 
AOI222X1          203     624.834     41.179    fast_vdd1v0 
AOI22X1          1581    3244.212    227.379    fast_vdd1v0 
AOI2BB1X1          12      24.624      1.503    fast_vdd1v0 
AOI2BB1X2           1       3.078      0.111    fast_vdd1v0 
AOI2BB2X1           3      10.260      0.602    fast_vdd1v0 
AOI31X1            10      20.520      1.140    fast_vdd1v0 
AOI32X1            65     155.610     10.251    fast_vdd1v0 
AOI33XL             2       4.788      0.211    fast_vdd1v0 
BUFX2               2       3.420      0.232    fast_vdd1v0 
BUFX3               4       8.208      0.663    fast_vdd1v0 
BUFX6               1       3.078      0.335    fast_vdd1v0 
BUFX8               1       3.762      0.393    fast_vdd1v0 
CLKINVX4            4       6.840      0.689    fast_vdd1v0 
CLKINVX6            8      19.152      1.957    fast_vdd1v0 
CLKMX2X12           8      51.984      5.092    fast_vdd1v0 
CLKMX2X4           22      90.288      6.585    fast_vdd1v0 
CLKMX2X6            7      31.122      2.665    fast_vdd1v0 
CLKMX2X8           20     116.280      9.215    fast_vdd1v0 
CLKXOR2X1          15      41.040      2.697    fast_vdd1v0 
DFFHQX1          1650    9028.800    565.808    fast_vdd1v0 
DFFHQX8             1       9.234      0.713    fast_vdd1v0 
DFFQX2              7      45.486      2.367    fast_vdd1v0 
DFFQX4            152    1091.664     66.756    fast_vdd1v0 
DFFQXL            278    1521.216     78.676    fast_vdd1v0 
DFFRX1             10      68.400      4.051    fast_vdd1v0 
DFFTRX2             2      16.416      0.952    fast_vdd1v0 
DFFTRXL             2      15.732      0.739    fast_vdd1v0 
DFFX1              89     639.198     33.422    fast_vdd1v0 
DFFX2               2      16.416      0.918    fast_vdd1v0 
DFFX4               1       9.234      0.666    fast_vdd1v0 
EDFFX2              3      27.702      1.563    fast_vdd1v0 
INVX1             372     254.448     17.318    fast_vdd1v0 
INVX2              18      18.468      1.553    fast_vdd1v0 
INVX3             271     370.728     37.410    fast_vdd1v0 
INVXL               2       1.368      0.086    fast_vdd1v0 
MDFFHQX4            1       9.234      0.603    fast_vdd1v0 
MX2X1             130     311.220     20.223    fast_vdd1v0 
MXI2X1              7      19.152      1.034    fast_vdd1v0 
MXI2X2              1       4.446      0.236    fast_vdd1v0 
MXI2XL            149     356.706     17.578    fast_vdd1v0 
NAND2BX1          160     218.880     16.633    fast_vdd1v0 
NAND2BX2            4       9.576      0.703    fast_vdd1v0 
NAND2BX4            2       7.524      0.567    fast_vdd1v0 
NAND2X1           490     502.740     34.915    fast_vdd1v0 
NAND2X2            16      27.360      2.207    fast_vdd1v0 
NAND2X4             1       3.420      0.289    fast_vdd1v0 
NAND3BX1            6      12.312      0.772    fast_vdd1v0 
NAND3BX2            2       6.156      0.391    fast_vdd1v0 
NAND3BXL           23      39.330      2.156    fast_vdd1v0 
NAND3X1            97     165.870      9.922    fast_vdd1v0 
NAND3X2             8      21.888      1.368    fast_vdd1v0 
NAND4BBX1           1       3.420      0.200    fast_vdd1v0 
NAND4BBXL           1       3.078      0.160    fast_vdd1v0 
NAND4BX1           21      50.274      3.143    fast_vdd1v0 
NAND4X1             4       8.208      0.447    fast_vdd1v0 
NAND4XL           251     429.210     23.467    fast_vdd1v0 
NOR2BX1           201     274.968     19.239    fast_vdd1v0 
NOR2BX2            11      30.096      1.656    fast_vdd1v0 
NOR2BX4             3      11.286      0.785    fast_vdd1v0 
NOR2X1            403     413.478     26.743    fast_vdd1v0 
NOR2X2             36      61.560      3.957    fast_vdd1v0 
NOR2X4              4      12.312      1.036    fast_vdd1v0 
NOR2X6              6      24.624      2.167    fast_vdd1v0 
NOR3BX1            17      34.884      1.748    fast_vdd1v0 
NOR3BX2             1       3.420      0.200    fast_vdd1v0 
NOR3X1             11      18.810      0.873    fast_vdd1v0 
NOR3X2              4      10.944      0.887    fast_vdd1v0 
NOR4BBX1            3       8.208      0.487    fast_vdd1v0 
NOR4BX1             6      14.364      0.784    fast_vdd1v0 
NOR4X1             42      71.820      6.914    fast_vdd1v0 
OA21X1             18      36.936      2.058    fast_vdd1v0 
OA21X4              4      15.048      1.051    fast_vdd1v0 
OA22X1             27      64.638      3.380    fast_vdd1v0 
OAI211X1          179     306.090     22.652    fast_vdd1v0 
OAI21X1            79     135.090      7.856    fast_vdd1v0 
OAI21X4             1       4.788      0.368    fast_vdd1v0 
OAI221X1           97     232.218     14.640    fast_vdd1v0 
OAI222X1           21      57.456      3.454    fast_vdd1v0 
OAI22X1            52     106.704      5.933    fast_vdd1v0 
OAI2BB1X1         493     843.030     56.640    fast_vdd1v0 
OAI2BB2XL           2       7.524      0.311    fast_vdd1v0 
OAI31X1            18      36.936      2.277    fast_vdd1v0 
OAI32X1             9      21.546      1.169    fast_vdd1v0 
OAI33X1             1       2.736      0.132    fast_vdd1v0 
OR2X1             189     258.552     19.090    fast_vdd1v0 
OR2X2               5       8.550      0.666    fast_vdd1v0 
OR2X4              32      87.552      7.961    fast_vdd1v0 
OR3X1              25      51.300      3.166    fast_vdd1v0 
OR3X2               1       2.394      0.147    fast_vdd1v0 
OR3X4              10      30.780      3.009    fast_vdd1v0 
OR4X1             123     252.396     20.190    fast_vdd1v0 
OR4X4               1       3.762      0.291    fast_vdd1v0 
SDFFQX1          1495   11248.380    569.264    fast_vdd1v0 
SDFFQX2            10      82.080      4.181    fast_vdd1v0 
SDFFTRX1            1      10.944      0.483    fast_vdd1v0 
SMDFFHQX1           1      10.260      0.584    fast_vdd1v0 
XNOR2X1           121     289.674     21.491    fast_vdd1v0 
XNOR2X2             1       3.078      0.223    fast_vdd1v0 
scm_128x32          3  208665.600      0.000    scm_128x32  
------------------------------------------------------------
total           12065  249516.816   2455.671                


                                               Leakage  Leakage 
  Library   Instances Instances %    Area    Power (nW) Power % 
----------------------------------------------------------------
fast_vdd1v0     12062       100.0  40851.216   2455.671   100.0 
scm_128x32          3         0.0 208665.600      0.000     0.0 

                                             Leakage  Leakage 
     Type      Instances    Area    Area % Power (nW) Power % 
--------------------------------------------------------------
timing_model           3 208665.600   83.6      0.000     0.0 
sequential          3705  23850.396    9.6   1331.745    54.2 
inverter             675    671.004    0.3     59.012     2.4 
buffer                 8     18.468    0.0      1.622     0.1 
logic               7674  16311.348    6.5   1063.291    43.3 
physical_cells         0      0.000    0.0      0.000     0.0 
--------------------------------------------------------------
total              12065 249516.816  100.0   2455.671   100.0 

