============================================================
  Generated by:           Genus(TM) Synthesis Solution 22.13-s093_1
  Generated on:           May 04 2026  07:00:24 pm
  Module:                 mgmt_core_wrapper
  Operating conditions:   PVT_1P1V_0C 
  Interconnect mode:      global
  Area mode:              physical library
============================================================


Path 1: MET (3111 ps) Late External Delay Assertion at pin hk_cyc_o
          Group: C2O
     Startpoint: (R) core_grant_reg/CK
          Clock: (R) myclock
       Endpoint: (R) hk_cyc_o
          Clock: (R) myclock

                     Capture       Launch     
        Clock Edge:+    4000            0     
       Src Latency:+       0            0     
       Net Latency:+       0 (I)        0 (I) 
           Arrival:=    4000            0     
                                              
      Output Delay:-     200                  
       Uncertainty:-      20                  
     Required Time:=    3780                  
      Launch Clock:-       0                  
         Data Path:-     669                  
             Slack:=    3111                  

Exceptions/Constraints:
  output_delay             200             mgmt_core_wrapper.sd_line_24_675_1 

#------------------------------------------------------------------------------------------
#   Timing Point    Flags   Arc   Edge   Cell     Fanout Load Trans Delay Arrival Instance 
#                                                        (fF)  (ps)  (ps)   (ps)  Location 
#------------------------------------------------------------------------------------------
  core_grant_reg/CK -       -     R     (arrival)   3708    -     0     0       0    (-,-) 
  core_grant_reg/Q  -       CK->Q F     DFFHQX1        9 16.4   109   106     106    (-,-) 
  core_g160999/Y    -       A->Y  F     BUFX3         23 41.5   105    92     198    (-,-) 
  core_g160531/Y    -       S0->Y F     CLKMX2X4       5 58.5   121   129     327    (-,-) 
  core_g160388/Y    -       A->Y  R     INVX1          2  4.4    53    56     383    (-,-) 
  core_g160126/Y    -       B->Y  R     AND3XL         2  4.4    54    68     451    (-,-) 
  core_g159980/Y    -       D->Y  R     AND4X1         1  2.9    28    68     520    (-,-) 
  core_g159944/Y    -       B->Y  F     NAND2X1        2  6.5    93    60     580    (-,-) 
  core_g159922/Y    -       B->Y  R     NOR2X6         1 52.4   132    90     669    (-,-) 
  hk_cyc_o          -       -     R     (port)         -    -     -     0     669    (-,-) 
#------------------------------------------------------------------------------------------

