

Working Directory = /home/alumnes/s/serik.perez/dnd/synth/caravel-picorv32/R2-core-default
QoS Summary for picorv32
================================================================================
Metric                          final          
================================================================================
Slack (ps):                     1,394
  R2R (ps):                     1,394
  I2R (ps):                     2,699
  R2O (ps):                     3,292
  I2O (ps):                     3,573
  CG  (ps):                  no_value
TNS (ps):                           0
  R2R (ps):                         0
  I2R (ps):                         0
  R2O (ps):                         0
  I2O (ps):                         0
  CG  (ps):                  no_value
Failing Paths:                      0
Cell Area:                     18,646
Total Cell Area:               18,646
Leaf Instances:                 5,047
Total Instances:                5,047
Utilization (%):                 0.00
Tot. Net Length (um):        no_value
Avg. Net Length (um):        no_value
Route Overflow H (%):        no_value
Route Overflow V (%):        no_value
MBCI(%) (bits/gate) :            0.00
Norm Cong Hotspot Area:
  Max Cong:                  no_value
  Tot Cong:                  no_value
================================================================================
CPU  Runtime (h:m:s):        00:01:31
Real Runtime (h:m:s):        00:01:39
CPU  Elapsed (h:m:s):        00:01:34
Real Elapsed (h:m:s):        00:01:40
Memory (MB):                  2137.90
================================================================================
================================================================================
Flow Settings:
================================================================================
Total Runtime (h:m:s): 00:01:40
Total Memory (MB):     2137.90
Executable Version:    22.13-s093_1
================================================================================
Total Cell Area =  Cell Area + Physical Cell Area
Total Instances =  Leaf Instances + Physical Instances


