============================================================
  Generated by:           Genus(TM) Synthesis Solution 22.13-s093_1
  Generated on:           Apr 13 2026  07:17:50 pm
  Module:                 picorv32
  Operating conditions:   PVT_1P1V_0C 
  Interconnect mode:      global
  Area mode:              physical library
============================================================

Timing
--------

 Clock  Period 
---------------
myclock 4000.0 


  Cost    Critical         Violating 
 Group   Path Slack  TNS     Paths   
-------------------------------------
C2C          1394.1   0.0          0 
C2O          3291.7   0.0          0 
default    No paths   0.0            
I2C          2699.2   0.0          0 
I2O          3573.0   0.0          0 
myclock    No paths   0.0            
-------------------------------------
Total                 0.0          0 

Instance Count
--------------
Leaf Instance Count             5047 
Physical Instance count            0 
Sequential Instance Count       1556 
Combinational Instance Count    3491 
Hierarchical Instance Count        0 

Area
----
Cell Area                          18646.182
Physical Cell Area                 0.000
Total Cell Area (Cell+Physical)    18646.182
Net Area                           7663.321
Total Area (Cell+Physical+Net)     26309.503

Runtime                            0.0 seconds
Elapsed Runtime                    104 seconds
Genus peak memory usage            2137.90 
Innovus peak memory usage          no_value 
Hostname                           c4d3.upc.es
