============================================================
  Generated by:           Genus(TM) Synthesis Solution 22.13-s093_1
  Generated on:           Apr 13 2026  07:17:50 pm
  Module:                 picorv32
  Operating conditions:   PVT_1P1V_0C 
  Interconnect mode:      global
  Area mode:              physical library
============================================================

                                  Leakage  
   Gate    Instances    Area    Power (nW)     Library    
----------------------------------------------------------
ADDFX1           119    610.470     39.770    fast_vdd1v0 
ADDHX1           159    598.158     41.151    fast_vdd1v0 
AND2X1           139    190.152     12.209    fast_vdd1v0 
AND2X2             6     10.260      0.749    fast_vdd1v0 
AND2X4            90    246.240     19.363    fast_vdd1v0 
AND3X2             1      2.736      0.122    fast_vdd1v0 
AND3X4             2      6.156      0.461    fast_vdd1v0 
AND3XL             9     18.468      0.784    fast_vdd1v0 
AND4X1             1      2.394      0.088    fast_vdd1v0 
AND4X4             1      3.762      0.257    fast_vdd1v0 
AO21X1             1      2.394      0.117    fast_vdd1v0 
AO21X4            71    242.820     19.453    fast_vdd1v0 
AO22X1            97    265.392     12.307    fast_vdd1v0 
AO22X4             8     30.096      2.291    fast_vdd1v0 
AOI211XL           3      6.156      0.222    fast_vdd1v0 
AOI21X1           16     27.360      1.773    fast_vdd1v0 
AOI21X4            1      5.130      0.474    fast_vdd1v0 
AOI221X1          26     62.244      4.878    fast_vdd1v0 
AOI222X1         107    329.346     22.836    fast_vdd1v0 
AOI22X1         1162   2384.424    169.627    fast_vdd1v0 
AOI2BB1X1          1      2.052      0.100    fast_vdd1v0 
AOI31X1            1      2.052      0.135    fast_vdd1v0 
AOI31X2            1      3.420      0.213    fast_vdd1v0 
AOI32X1           55    131.670      8.694    fast_vdd1v0 
CLKINVX6           1      2.394      0.250    fast_vdd1v0 
CLKINVX8           2      6.156      0.710    fast_vdd1v0 
CLKMX2X3           1      4.104      0.279    fast_vdd1v0 
CLKXOR2X1          5     13.680      0.900    fast_vdd1v0 
DFFHQX1          312   1707.264    106.993    fast_vdd1v0 
DFFHQX8            9     83.106      6.371    fast_vdd1v0 
DFFQX4            44    316.008     19.748    fast_vdd1v0 
DFFQXL            33    180.576      9.330    fast_vdd1v0 
DFFRX1             1      6.840      0.401    fast_vdd1v0 
DFFTRX2            1      8.208      0.481    fast_vdd1v0 
DFFX1              7     50.274      2.624    fast_vdd1v0 
DFFX2              1      8.208      0.458    fast_vdd1v0 
DFFX4             17    156.978     11.300    fast_vdd1v0 
EDFFX2             3     27.702      1.566    fast_vdd1v0 
INVX1             77     52.668      3.524    fast_vdd1v0 
INVX2              3      3.078      0.245    fast_vdd1v0 
INVX3              4      5.472      0.512    fast_vdd1v0 
MX2X1              5     11.970      0.793    fast_vdd1v0 
MXI2X1             1      2.736      0.138    fast_vdd1v0 
MXI2X2             1      4.446      0.235    fast_vdd1v0 
MXI2XL           101    241.794     10.990    fast_vdd1v0 
NAND2BX1          59     80.712      6.109    fast_vdd1v0 
NAND2BX2           3      7.182      0.511    fast_vdd1v0 
NAND2X1          118    121.068      8.334    fast_vdd1v0 
NAND2X2            1      1.710      0.142    fast_vdd1v0 
NAND2X6            1      4.788      0.419    fast_vdd1v0 
NAND2X8            1      5.472      0.540    fast_vdd1v0 
NAND3BX1           1      2.052      0.126    fast_vdd1v0 
NAND3BXL          13     22.230      1.213    fast_vdd1v0 
NAND3X1           65    111.150      6.998    fast_vdd1v0 
NAND4BX1           1      2.394      0.146    fast_vdd1v0 
NAND4X1            3      6.156      0.311    fast_vdd1v0 
NAND4XL          240    410.400     21.794    fast_vdd1v0 
NOR2BX1           71     97.128      7.024    fast_vdd1v0 
NOR2BX2            5     13.680      0.777    fast_vdd1v0 
NOR2X1           217    222.642     14.711    fast_vdd1v0 
NOR2X2             3      5.130      0.391    fast_vdd1v0 
NOR2X6             6     24.624      2.531    fast_vdd1v0 
NOR3BX1            5     10.260      0.586    fast_vdd1v0 
NOR3X1             6     10.260      0.501    fast_vdd1v0 
NOR3X2             1      2.736      0.161    fast_vdd1v0 
NOR4BBX1           1      2.736      0.252    fast_vdd1v0 
NOR4BX1            5     11.970      0.645    fast_vdd1v0 
NOR4X1             7     11.970      0.807    fast_vdd1v0 
OA21X1             1      2.052      0.114    fast_vdd1v0 
OA21X4             1      3.762      0.283    fast_vdd1v0 
OA22X4             1      4.104      0.268    fast_vdd1v0 
OAI211X1          28     47.880      3.563    fast_vdd1v0 
OAI21X1           12     20.520      1.228    fast_vdd1v0 
OAI221X1          33     79.002      5.054    fast_vdd1v0 
OAI222X1           2      5.472      0.356    fast_vdd1v0 
OAI22X1            3      6.156      0.309    fast_vdd1v0 
OAI2BB1X1        111    189.810     12.823    fast_vdd1v0 
OAI31X1            2      4.104      0.249    fast_vdd1v0 
OAI32X1            3      7.182      0.485    fast_vdd1v0 
OR2X1             19     25.992      1.935    fast_vdd1v0 
OR2X2              1      1.710      0.142    fast_vdd1v0 
OR2X4             22     60.192      5.502    fast_vdd1v0 
OR2X6              1      3.762      0.365    fast_vdd1v0 
OR3X1             10     20.520      1.374    fast_vdd1v0 
OR3X4             11     33.858      3.154    fast_vdd1v0 
OR4X1             77    158.004     12.385    fast_vdd1v0 
SDFFQX1         1059   7967.916    400.835    fast_vdd1v0 
SDFFQX4           68    627.912     35.930    fast_vdd1v0 
SMDFFHQX1          1     10.260      0.584    fast_vdd1v0 
XNOR2X1           42    100.548      6.997    fast_vdd1v0 
----------------------------------------------------------
total           5047  18646.182   1104.885                


                                            Leakage  Leakage 
     Type      Instances    Area   Area % Power (nW) Power % 
-------------------------------------------------------------
sequential          1556 11151.252   59.8    596.621    54.0 
inverter              87    69.768    0.4      5.240     0.5 
logic               3404  7425.162   39.8    503.024    45.5 
physical_cells         0     0.000    0.0      0.000     0.0 
-------------------------------------------------------------
total               5047 18646.182  100.0   1104.885   100.0 

