============================================================
  Generated by:           Genus(TM) Synthesis Solution 22.13-s093_1
  Generated on:           Apr 13 2026  07:17:30 pm
  Module:                 picorv32
  Operating conditions:   PVT_1P1V_0C 
  Interconnect mode:      global
  Area mode:              physical library
============================================================


Path 1: MET (3292 ps) Late External Delay Assertion at pin mem_la_addr[2]
          Group: C2O
     Startpoint: (R) latched_branch_reg/CK
          Clock: (R) myclock
       Endpoint: (R) mem_la_addr[2]
          Clock: (R) myclock

                     Capture       Launch     
        Clock Edge:+    4000            0     
       Src Latency:+       0            0     
       Net Latency:+       0 (I)        0 (I) 
           Arrival:=    4000            0     
                                              
      Output Delay:-     200                  
       Uncertainty:-      20                  
     Required Time:=    3780                  
      Launch Clock:-       0                  
         Data Path:-     488                  
             Slack:=    3292                  

Exceptions/Constraints:
  output_delay             200             picorv32.sdc_line_24_201_1 

#----------------------------------------------------------------------------------------------
#     Timing Point      Flags   Arc   Edge   Cell     Fanout Load Trans Delay Arrival Instance 
#                                                            (fF)  (ps)  (ps)   (ps)  Location 
#----------------------------------------------------------------------------------------------
  latched_branch_reg/CK -       -     R     (arrival)   1556    -     0     0       0    (-,-) 
  latched_branch_reg/Q  -       CK->Q R     DFFX4         33 52.5    95   104     104    (-,-) 
  g61065/Y              -       B->Y  F     NAND2X6       33 53.1   147   101     205    (-,-) 
  g61059/Y              -       A->Y  R     INVX1          3  6.2    70    71     276    (-,-) 
  g61044/Y              -       B->Y  R     AND2X4        30 51.4    98    98     374    (-,-) 
  g60659/Y              -       A1->Y R     AO21X4         2 53.9   103   114     488    (-,-) 
  mem_la_addr[2]        -       -     R     (port)         -    -     -     0     488    (-,-) 
#----------------------------------------------------------------------------------------------

