============================================================
  Generated by:           Genus(TM) Synthesis Solution 22.13-s093_1
  Generated on:           Apr 13 2026  07:17:30 pm
  Module:                 picorv32
  Operating conditions:   PVT_1P1V_0C 
  Interconnect mode:      global
  Area mode:              physical library
============================================================


Path 1: MET (2698 ps) Setup Check with Pin reg_op1_reg[29]/CK->D
          Group: I2C
     Startpoint: (R) mem_ready
          Clock: (R) myclock
       Endpoint: (R) reg_op1_reg[29]/D
          Clock: (R) myclock

                     Capture       Launch     
        Clock Edge:+    4000            0     
        Drv Adjust:+       0            0     
       Src Latency:+       0            0     
       Net Latency:+       0 (I)        0 (I) 
           Arrival:=    4000            0     
                                              
             Setup:-      25                  
       Uncertainty:-      20                  
     Required Time:=    3955                  
      Launch Clock:-       0                  
       Input Delay:-     100                  
         Data Path:-    1157                  
             Slack:=    2698                  

Exceptions/Constraints:
  input_delay             100             picorv32.sdc_line_18_1_1 

#-------------------------------------------------------------------------------------------
#   Timing Point    Flags    Arc   Edge   Cell     Fanout Load Trans Delay Arrival Instance 
#                                                         (fF)  (ps)  (ps)   (ps)  Location 
#-------------------------------------------------------------------------------------------
  mem_ready         -       -      R     (arrival)      2  7.8    15     0     100    (-,-) 
  g93634/Y          -       A->Y   F     NAND2X8       37 63.0   136    78     178    (-,-) 
  g93530/Y          -       A->Y   R     INVX1          9 16.9   138   108     286    (-,-) 
  g93027/Y          -       B0->Y  F     OAI211X1       1  2.7    74    90     376    (-,-) 
  g92697/Y          -       A1N->Y F     OAI2BB1X1      6 10.5   133   100     476    (-,-) 
  g92535/Y          -       B->Y   R     NAND2X1        2  4.2    55    60     536    (-,-) 
  g92409/Y          -       C->Y   F     NAND3BXL       2  4.4   140    99     635    (-,-) 
  g92369/Y          -       B->Y   R     NOR2X1         3  6.0   100    94     730    (-,-) 
  g92290/Y          -       B->Y   F     NOR2X1         2  4.3    49    51     781    (-,-) 
  g92257/Y          -       B0->Y  F     OA21X4        35 56.0   114    92     872    (-,-) 
  g92251/Y          -       A->Y   R     INVX1          3  6.2    64    61     933    (-,-) 
  g92222/Y          -       D->Y   R     AND4X4        31 53.1   110   131    1064    (-,-) 
  g90942/Y          -       A1->Y  F     AOI222X1       1  2.8    79    80    1145    (-,-) 
  g90936/Y          -       C0->Y  R     OAI221X1       1  2.9    70    40    1185    (-,-) 
  g90891/Y          -       C0->Y  F     AOI221X1       1  2.8    68    37    1222    (-,-) 
  g90874/Y          -       B->Y   R     NAND2X1        1  2.7    33    35    1257    (-,-) 
  reg_op1_reg[29]/D -       -      R     DFFX4          1    -     -     0    1257    (-,-) 
#-------------------------------------------------------------------------------------------

