============================================================
  Generated by:           Genus(TM) Synthesis Solution 22.13-s093_1
  Generated on:           Apr 13 2026  07:17:49 pm
  Module:                 picorv32
  Operating conditions:   PVT_1P1V_0C 
  Interconnect mode:      global
  Area mode:              physical library
============================================================


Path 1: MET (3573 ps) Late External Delay Assertion at pin mem_la_write
          Group: I2O
     Startpoint: (R) resetn
          Clock: (R) myclock
       Endpoint: (R) mem_la_write
          Clock: (R) myclock

                     Capture       Launch     
        Clock Edge:+    4000            0     
        Drv Adjust:+       0            0     
       Src Latency:+       0            0     
       Net Latency:+       0 (I)        0 (I) 
           Arrival:=    4000            0     
                                              
      Output Delay:-     200                  
       Uncertainty:-      20                  
     Required Time:=    3780                  
      Launch Clock:-       0                  
       Input Delay:-     100                  
         Data Path:-     107                  
             Slack:=    3573                  

Exceptions/Constraints:
  input_delay              100             picorv32.sdc_line_18       
  output_delay             200             picorv32.sdc_line_24_171_1 

#---------------------------------------------------------------------------------------
# Timing Point   Flags   Arc   Edge   Cell     Fanout Load Trans Delay Arrival Instance 
#                                                     (fF)  (ps)  (ps)   (ps)  Location 
#---------------------------------------------------------------------------------------
  resetn         -       -     R     (arrival)     46 74.1    15     0     100    (-,-) 
  g60974/Y       -       A->Y  R     AND3X4         1 52.4   104   107     207    (-,-) 
  mem_la_write   -       -     R     (port)         -    -     -     0     207    (-,-) 
#---------------------------------------------------------------------------------------



Path 2: MET (3573 ps) Late External Delay Assertion at pin mem_la_read
          Group: I2O
     Startpoint: (R) resetn
          Clock: (R) myclock
       Endpoint: (R) mem_la_read
          Clock: (R) myclock

                     Capture       Launch     
        Clock Edge:+    4000            0     
        Drv Adjust:+       0            0     
       Src Latency:+       0            0     
       Net Latency:+       0 (I)        0 (I) 
           Arrival:=    4000            0     
                                              
      Output Delay:-     200                  
       Uncertainty:-      20                  
     Required Time:=    3780                  
      Launch Clock:-       0                  
       Input Delay:-     100                  
         Data Path:-     107                  
             Slack:=    3573                  

Exceptions/Constraints:
  input_delay              100             picorv32.sdc_line_18       
  output_delay             200             picorv32.sdc_line_24_170_1 

#---------------------------------------------------------------------------------------
# Timing Point   Flags   Arc   Edge   Cell     Fanout Load Trans Delay Arrival Instance 
#                                                     (fF)  (ps)  (ps)   (ps)  Location 
#---------------------------------------------------------------------------------------
  resetn         -       -     R     (arrival)     46 74.1    15     0     100    (-,-) 
  g60885/Y       -       A->Y  R     AND3X4         1 52.4   104   107     207    (-,-) 
  mem_la_read    -       -     R     (port)         -    -     -     0     207    (-,-) 
#---------------------------------------------------------------------------------------

