============================================================
  Generated by:           Genus(TM) Synthesis Solution 22.13-s093_1
  Generated on:           May 04 2026  07:00:59 pm
  Module:                 mgmt_core_wrapper
  Operating conditions:   PVT_1P1V_0C 
  Interconnect mode:      global
  Area mode:              physical library
============================================================

Timing
--------

 Clock  Period 
---------------
myclock 4000.0 


  Cost    Critical         Violating 
 Group   Path Slack  TNS     Paths   
-------------------------------------
C2C          1773.3   0.0          0 
C2O          3106.7   0.0          0 
default    No paths   0.0            
I2C          2786.7   0.0          0 
I2O          3572.6   0.0          0 
myclock    No paths   0.0            
-------------------------------------
Total                 0.0          0 

Instance Count
--------------
Leaf Instance Count             12065 
Physical Instance count             0 
Sequential Instance Count        3708 
Combinational Instance Count     8357 
Hierarchical Instance Count         0 

Area
----
Cell Area                          249516.816
Physical Cell Area                 0.000
Total Cell Area (Cell+Physical)    249516.816
Net Area                           16989.106
Total Area (Cell+Physical+Net)     266505.922

Runtime                            43.799638 seconds
Elapsed Runtime                    210 seconds
Genus peak memory usage            2285.39 
Innovus peak memory usage          no_value 
Hostname                           c4d3.upc.es
